<?xml version="1.0" encoding="utf-8"?>
<CoverageSession xmlns:xsd="http://www.w3.org/2001/XMLSchema" xmlns:xsi="http://www.w3.org/2001/XMLSchema-instance">
  <Summary numSequencePoints="7" visitedSequencePoints="5" numBranchPoints="2" visitedBranchPoints="1" sequenceCoverage="71.43" branchCoverage="50" maxCyclomaticComplexity="1" minCyclomaticComplexity="1" visitedClasses="1" numClasses="2" visitedMethods="1" numMethods="2" />
  <Modules>
    <Module skippedDueTo="Filter" hash="2F-88-A9-BB-B6-16-36-10-AC-73-83-54-44-F5-17-12-E0-9F-03-28">
      <ModulePath>C:\Program Files\dotnet\shared\Microsoft.NETCore.App\2.0.0\System.Private.CoreLib.dll</ModulePath>
      <ModuleTime>2017-07-20T21:22:08Z</ModuleTime>
      <ModuleName>System.Private.CoreLib</ModuleName>
      <Classes />
    </Module>
    <Module skippedDueTo="Filter" hash="E1-82-BC-2B-38-3B-CC-FF-85-23-83-A3-C6-21-E6-86-A5-C5-39-C5">
      <ModulePath>C:\Program Files\dotnet\sdk\2.1.0-preview1-007012\dotnet.dll</ModulePath>
      <ModuleTime>2017-08-04T21:50:30Z</ModuleTime>
      <ModuleName>dotnet</ModuleName>
      <Classes />
    </Module>
    <Module skippedDueTo="Filter" hash="B1-9D-98-DD-3C-A1-89-69-AC-7E-F1-16-E9-88-3F-F4-4C-77-AB-38">
      <ModulePath>C:\Program Files\dotnet\shared\Microsoft.NETCore.App\2.0.0\System.Runtime.dll</ModulePath>
      <ModuleTime>2017-07-20T21:22:08Z</ModuleTime>
      <ModuleName>System.Runtime</ModuleName>
      <Classes />
    </Module>
    <Module skippedDueTo="Filter" hash="E7-69-EF-8C-8B-D7-0E-43-C6-DA-D6-E5-82-DB-77-65-8B-DD-72-E7">
      <ModulePath>C:\Program Files\dotnet\sdk\2.1.0-preview1-007012\Microsoft.DotNet.Cli.Utils.dll</ModulePath>
      <ModuleTime>2017-08-04T21:50:32Z</ModuleTime>
      <ModuleName>Microsoft.DotNet.Cli.Utils</ModuleName>
      <Classes />
    </Module>
    <Module skippedDueTo="Filter" hash="3C-7A-96-F0-F0-0A-AB-CF-4A-F1-7F-84-AD-D1-CC-8A-89-FB-43-30">
      <ModulePath>C:\Program Files\dotnet\shared\Microsoft.NETCore.App\2.0.0\System.Runtime.Extensions.dll</ModulePath>
      <ModuleTime>2017-07-20T21:22:08Z</ModuleTime>
      <ModuleName>System.Runtime.Extensions</ModuleName>
      <Classes />
    </Module>
    <Module skippedDueTo="Filter" hash="6D-5A-04-73-28-C9-26-1C-E8-75-84-50-BF-FF-76-AC-5A-9E-28-48">
      <ModulePath>C:\Program Files\dotnet\shared\Microsoft.NETCore.App\2.0.0\System.Runtime.InteropServices.RuntimeInformation.dll</ModulePath>
      <ModuleTime>2017-07-20T21:22:08Z</ModuleTime>
      <ModuleName>System.Runtime.InteropServices.RuntimeInformation</ModuleName>
      <Classes />
    </Module>
    <Module skippedDueTo="Filter" hash="45-E9-3D-14-67-92-EB-4A-1C-CC-E2-01-D2-6C-A1-29-4A-C8-C1-1E">
      <ModulePath>C:\Program Files\dotnet\shared\Microsoft.NETCore.App\2.0.0\System.Reflection.Extensions.dll</ModulePath>
      <ModuleTime>2017-07-20T21:22:08Z</ModuleTime>
      <ModuleName>System.Reflection.Extensions</ModuleName>
      <Classes />
    </Module>
    <Module skippedDueTo="Filter" hash="24-D5-33-36-52-51-67-A0-24-3D-22-95-32-23-DA-6D-B4-16-CD-CB">
      <ModulePath>C:\Program Files\dotnet\shared\Microsoft.NETCore.App\2.0.0\System.Reflection.dll</ModulePath>
      <ModuleTime>2017-07-20T21:22:08Z</ModuleTime>
      <ModuleName>System.Reflection</ModuleName>
      <Classes />
    </Module>
    <Module skippedDueTo="Filter" hash="A7-C7-89-D8-86-EC-F3-FF-79-EF-26-3D-14-61-A6-EA-D3-FC-FC-55">
      <ModulePath>C:\Program Files\dotnet\sdk\2.1.0-preview1-007012\Microsoft.DotNet.PlatformAbstractions.dll</ModulePath>
      <ModuleTime>2017-08-04T21:50:32Z</ModuleTime>
      <ModuleName>Microsoft.DotNet.PlatformAbstractions</ModuleName>
      <Classes />
    </Module>
    <Module skippedDueTo="Filter" hash="42-05-10-61-0A-00-05-FA-1F-EB-04-C9-F9-DD-2C-D4-89-87-3F-B1">
      <ModulePath>C:\Program Files\dotnet\shared\Microsoft.NETCore.App\2.0.0\System.Runtime.InteropServices.dll</ModulePath>
      <ModuleTime>2017-07-20T21:22:08Z</ModuleTime>
      <ModuleName>System.Runtime.InteropServices</ModuleName>
      <Classes />
    </Module>
    <Module skippedDueTo="Filter" hash="89-70-E9-C9-2D-15-5F-35-A4-A6-47-48-86-2C-E8-14-EC-34-B9-9F">
      <ModulePath>C:\Program Files\dotnet\shared\Microsoft.NETCore.App\2.0.0\System.IO.FileSystem.dll</ModulePath>
      <ModuleTime>2017-07-20T21:22:06Z</ModuleTime>
      <ModuleName>System.IO.FileSystem</ModuleName>
      <Classes />
    </Module>
    <Module skippedDueTo="Filter" hash="7F-86-D1-E6-14-45-A7-32-BF-F5-26-4C-B3-4B-72-A0-1B-F2-EF-62">
      <ModulePath>C:\Program Files\dotnet\shared\Microsoft.NETCore.App\2.0.0\System.Runtime.Loader.dll</ModulePath>
      <ModuleTime>2017-07-20T21:22:08Z</ModuleTime>
      <ModuleName>System.Runtime.Loader</ModuleName>
      <Classes />
    </Module>
    <Module skippedDueTo="Filter" hash="45-D2-25-5D-46-07-0A-A9-24-CE-71-DB-2E-4F-25-A3-FF-30-13-72">
      <ModulePath>C:\Program Files\dotnet\sdk\2.1.0-preview1-007012\runtimes\win\lib\netstandard1.3\System.Text.Encoding.CodePages.dll</ModulePath>
      <ModuleTime>2017-08-04T21:50:34Z</ModuleTime>
      <ModuleName>System.Text.Encoding.CodePages</ModuleName>
      <Classes />
    </Module>
    <Module skippedDueTo="Filter" hash="71-55-8B-F9-57-BC-B0-34-9A-F8-A2-C8-58-A4-C7-74-EC-A4-CD-9C">
      <ModulePath>C:\Program Files\dotnet\shared\Microsoft.NETCore.App\2.0.0\System.Text.Encoding.dll</ModulePath>
      <ModuleTime>2017-07-20T21:22:08Z</ModuleTime>
      <ModuleName>System.Text.Encoding</ModuleName>
      <Classes />
    </Module>
    <Module skippedDueTo="Filter" hash="F6-9B-26-AA-03-02-E2-D8-6A-A8-43-4E-56-E5-60-DE-59-F9-52-D2">
      <ModulePath>C:\Program Files\dotnet\shared\Microsoft.NETCore.App\2.0.0\System.Collections.dll</ModulePath>
      <ModuleTime>2017-07-20T21:22:06Z</ModuleTime>
      <ModuleName>System.Collections</ModuleName>
      <Classes />
    </Module>
    <Module skippedDueTo="Filter" hash="EB-18-C3-43-11-91-EB-51-F0-4E-50-91-DE-EC-A3-6F-E7-CE-D9-3E">
      <ModulePath>C:\Program Files\dotnet\shared\Microsoft.NETCore.App\2.0.0\System.Threading.dll</ModulePath>
      <ModuleTime>2017-07-20T21:22:08Z</ModuleTime>
      <ModuleName>System.Threading</ModuleName>
      <Classes />
    </Module>
    <Module skippedDueTo="Filter" hash="8B-99-E8-F0-CD-95-95-B0-68-10-D4-3A-CB-A1-0A-BE-38-66-BE-13">
      <ModulePath>C:\Program Files\dotnet\shared\Microsoft.NETCore.App\2.0.0\System.Collections.Concurrent.dll</ModulePath>
      <ModuleTime>2017-07-20T21:22:06Z</ModuleTime>
      <ModuleName>System.Collections.Concurrent</ModuleName>
      <Classes />
    </Module>
    <Module skippedDueTo="Filter" hash="92-A1-00-E7-E2-BF-4D-F7-95-CB-46-C2-DF-CC-15-61-47-27-B2-9F">
      <ModulePath>C:\Program Files\dotnet\shared\Microsoft.NETCore.App\2.0.0\System.Threading.Thread.dll</ModulePath>
      <ModuleTime>2017-07-20T21:22:08Z</ModuleTime>
      <ModuleName>System.Threading.Thread</ModuleName>
      <Classes />
    </Module>
    <Module skippedDueTo="Filter" hash="80-F3-31-87-AA-BE-F0-08-E2-C4-7C-2D-76-97-05-5F-96-6C-E3-CE">
      <ModulePath>C:\Program Files\dotnet\shared\Microsoft.NETCore.App\2.0.0\System.Linq.dll</ModulePath>
      <ModuleTime>2017-07-20T21:22:06Z</ModuleTime>
      <ModuleName>System.Linq</ModuleName>
      <Classes />
    </Module>
    <Module skippedDueTo="Filter" hash="F7-D7-B4-FC-2C-07-D8-B3-03-0A-2D-EC-2B-24-59-88-4D-A8-9D-6B">
      <ModulePath>C:\Program Files\dotnet\shared\Microsoft.NETCore.App\2.0.0\System.Diagnostics.Process.dll</ModulePath>
      <ModuleTime>2017-07-20T21:22:06Z</ModuleTime>
      <ModuleName>System.Diagnostics.Process</ModuleName>
      <Classes />
    </Module>
    <Module skippedDueTo="Filter" hash="5E-FB-BF-47-1C-18-63-68-AB-1C-73-18-2F-62-05-38-02-94-E0-F7">
      <ModulePath>C:\Program Files\dotnet\sdk\2.1.0-preview1-007012\Microsoft.DotNet.Configurer.dll</ModulePath>
      <ModuleTime>2017-08-04T21:50:32Z</ModuleTime>
      <ModuleName>Microsoft.DotNet.Configurer</ModuleName>
      <Classes />
    </Module>
    <Module skippedDueTo="Filter" hash="A9-35-05-17-48-B6-02-2A-7D-91-FC-4B-90-29-11-57-7E-06-AC-62">
      <ModulePath>C:\Program Files\dotnet\shared\Microsoft.NETCore.App\2.0.0\System.AppContext.dll</ModulePath>
      <ModuleTime>2017-07-20T21:22:06Z</ModuleTime>
      <ModuleName>System.AppContext</ModuleName>
      <Classes />
    </Module>
    <Module skippedDueTo="Filter" hash="F6-7E-35-A9-93-EB-66-65-32-86-3F-D8-60-D4-AC-06-8F-78-F7-81">
      <ModulePath>C:\Program Files\dotnet\sdk\2.1.0-preview1-007012\Microsoft.DotNet.InternalAbstractions.dll</ModulePath>
      <ModuleTime>2017-08-04T21:50:32Z</ModuleTime>
      <ModuleName>Microsoft.DotNet.InternalAbstractions</ModuleName>
      <Classes />
    </Module>
    <Module skippedDueTo="Filter" hash="2A-C9-25-F3-D5-15-6C-B1-09-A6-1F-DA-0F-51-0B-96-DE-24-F6-E0">
      <ModulePath>C:\Program Files\dotnet\shared\Microsoft.NETCore.App\2.0.0\System.IO.FileSystem.Primitives.dll</ModulePath>
      <ModuleTime>2017-07-20T21:22:06Z</ModuleTime>
      <ModuleName>System.IO.FileSystem.Primitives</ModuleName>
      <Classes />
    </Module>
    <Module skippedDueTo="Filter" hash="2D-70-CB-62-DA-FC-A2-6C-E4-9F-F1-DB-4C-3B-9A-34-20-80-E4-06">
      <ModulePath>C:\Program Files\dotnet\shared\Microsoft.NETCore.App\2.0.0\System.IO.dll</ModulePath>
      <ModuleTime>2017-07-20T21:22:06Z</ModuleTime>
      <ModuleName>System.IO</ModuleName>
      <Classes />
    </Module>
    <Module skippedDueTo="Filter" hash="99-17-09-DC-84-F7-A6-71-57-3F-B9-5A-B1-41-6A-FA-C8-CB-15-BF">
      <ModulePath>C:\Program Files\dotnet\sdk\2.1.0-preview1-007012\NuGet.Frameworks.dll</ModulePath>
      <ModuleTime>2017-08-04T21:50:32Z</ModuleTime>
      <ModuleName>NuGet.Frameworks</ModuleName>
      <Classes />
    </Module>
    <Module skippedDueTo="Filter" hash="4B-B8-F7-36-81-46-46-AC-52-E9-F6-F0-10-B0-D4-A7-39-49-E6-A5">
      <ModulePath>C:\Program Files\dotnet\shared\Microsoft.NETCore.App\2.0.0\System.Console.dll</ModulePath>
      <ModuleTime>2017-07-20T21:22:06Z</ModuleTime>
      <ModuleName>System.Console</ModuleName>
      <Classes />
    </Module>
    <Module skippedDueTo="Filter" hash="76-A3-0C-AD-28-11-DC-81-BA-2D-4B-C3-06-E4-74-7F-83-3A-B3-DF">
      <ModulePath>C:\Program Files\dotnet\shared\Microsoft.NETCore.App\2.0.0\System.Runtime.Handles.dll</ModulePath>
      <ModuleTime>2017-07-20T21:22:08Z</ModuleTime>
      <ModuleName>System.Runtime.Handles</ModuleName>
      <Classes />
    </Module>
    <Module skippedDueTo="Filter" hash="F2-99-74-16-7B-B6-55-39-B1-2E-08-55-02-12-19-34-14-4F-ED-42">
      <ModulePath>C:\Program Files\dotnet\sdk\2.1.0-preview1-007012\Microsoft.ApplicationInsights.dll</ModulePath>
      <ModuleTime>2017-08-04T21:50:30Z</ModuleTime>
      <ModuleName>Microsoft.ApplicationInsights</ModuleName>
      <Classes />
    </Module>
    <Module skippedDueTo="Filter" hash="1D-42-31-19-DE-A7-DE-A3-CE-DB-76-BB-19-C0-F2-69-FB-ED-D7-C6">
      <ModulePath>C:\Program Files\dotnet\sdk\2.1.0-preview1-007012\Microsoft.DotNet.Cli.CommandLine.dll</ModulePath>
      <ModuleTime>2017-08-04T21:50:32Z</ModuleTime>
      <ModuleName>Microsoft.DotNet.Cli.CommandLine</ModuleName>
      <Classes />
    </Module>
    <Module skippedDueTo="Filter" hash="B8-E0-1C-46-05-EF-1C-0F-0F-1D-3C-D4-89-4D-08-3A-89-36-F3-E5">
      <ModulePath>C:\Program Files\dotnet\shared\Microsoft.NETCore.App\2.0.0\System.Xml.XDocument.dll</ModulePath>
      <ModuleTime>2017-07-20T21:22:08Z</ModuleTime>
      <ModuleName>System.Xml.XDocument</ModuleName>
      <Classes />
    </Module>
    <Module skippedDueTo="Filter" hash="DD-F6-D3-A5-01-A8-F6-AC-1B-A1-E9-B5-7C-53-43-D4-64-1C-30-53">
      <ModulePath>C:\Program Files\dotnet\shared\Microsoft.NETCore.App\2.0.0\System.Private.Xml.Linq.dll</ModulePath>
      <ModuleTime>2017-07-20T21:22:08Z</ModuleTime>
      <ModuleName>System.Private.Xml.Linq</ModuleName>
      <Classes />
    </Module>
    <Module skippedDueTo="Filter" hash="2E-3F-98-9F-F8-96-78-BA-71-3A-6A-0C-9C-B3-D0-39-1E-46-25-10">
      <ModulePath>C:\Program Files\dotnet\shared\Microsoft.NETCore.App\2.0.0\System.Text.RegularExpressions.dll</ModulePath>
      <ModuleTime>2017-07-20T21:22:08Z</ModuleTime>
      <ModuleName>System.Text.RegularExpressions</ModuleName>
      <Classes />
    </Module>
    <Module skippedDueTo="Filter" hash="A0-2C-E4-67-65-31-2F-52-34-BE-1B-B5-8E-F0-03-96-33-5C-4A-E3">
      <ModulePath>C:\Program Files\dotnet\shared\Microsoft.NETCore.App\2.0.0\System.Diagnostics.Tracing.dll</ModulePath>
      <ModuleTime>2017-07-20T21:22:06Z</ModuleTime>
      <ModuleName>System.Diagnostics.Tracing</ModuleName>
      <Classes />
    </Module>
    <Module skippedDueTo="Filter" hash="EF-01-0C-C7-04-7B-55-8E-E4-3A-33-93-09-C2-FB-42-94-A0-43-B7">
      <ModulePath>C:\Program Files\dotnet\shared\Microsoft.NETCore.App\2.0.0\System.Threading.Tasks.dll</ModulePath>
      <ModuleTime>2017-07-20T21:22:08Z</ModuleTime>
      <ModuleName>System.Threading.Tasks</ModuleName>
      <Classes />
    </Module>
    <Module skippedDueTo="Filter" hash="FA-2B-87-A5-50-E5-4F-A1-C0-7E-53-1F-0B-F1-52-F1-E9-38-1F-38">
      <ModulePath>C:\Program Files\dotnet\shared\Microsoft.NETCore.App\2.0.0\System.Private.Uri.dll</ModulePath>
      <ModuleTime>2017-07-20T21:22:08Z</ModuleTime>
      <ModuleName>System.Private.Uri</ModuleName>
      <Classes />
    </Module>
    <Module skippedDueTo="Filter" hash="3E-2C-80-45-4B-5B-8B-5F-09-84-82-17-AA-7B-43-BF-3F-43-55-D2">
      <ModulePath>C:\Program Files\dotnet\shared\Microsoft.NETCore.App\2.0.0\System.Resources.ResourceManager.dll</ModulePath>
      <ModuleTime>2017-07-20T21:22:08Z</ModuleTime>
      <ModuleName>System.Resources.ResourceManager</ModuleName>
      <Classes />
    </Module>
    <Module skippedDueTo="Filter" hash="E6-69-68-08-E2-62-0F-85-F0-BE-8F-4D-51-D1-88-8E-81-FD-73-0B">
      <ModulePath>C:\Program Files\dotnet\shared\Microsoft.NETCore.App\2.0.0\System.Globalization.dll</ModulePath>
      <ModuleTime>2017-07-20T21:22:06Z</ModuleTime>
      <ModuleName>System.Globalization</ModuleName>
      <Classes />
    </Module>
    <Module skippedDueTo="Filter" hash="43-DF-75-3F-FD-36-82-D6-BB-0C-64-30-97-6B-8F-68-75-06-70-C5">
      <ModulePath>C:\Program Files\dotnet\sdk\2.1.0-preview1-007012\Microsoft.Build.Utilities.Core.dll</ModulePath>
      <ModuleTime>2017-08-04T21:50:30Z</ModuleTime>
      <ModuleName>Microsoft.Build.Utilities.Core</ModuleName>
      <Classes />
    </Module>
    <Module skippedDueTo="Filter" hash="1D-2D-98-E4-A2-F2-43-8E-21-6C-72-DF-A8-3D-26-3C-24-D6-D9-12">
      <ModulePath>C:\Program Files\dotnet\shared\Microsoft.NETCore.App\2.0.0\System.Security.Cryptography.Algorithms.dll</ModulePath>
      <ModuleTime>2017-07-20T21:22:08Z</ModuleTime>
      <ModuleName>System.Security.Cryptography.Algorithms</ModuleName>
      <Classes />
    </Module>
    <Module skippedDueTo="Filter" hash="10-5D-31-F5-BB-84-D5-A4-73-6D-A1-A2-CA-2B-A8-95-E1-26-4E-8C">
      <ModulePath>C:\Program Files\dotnet\sdk\2.1.0-preview1-007012\Microsoft.Build.Framework.dll</ModulePath>
      <ModuleTime>2017-08-04T21:50:30Z</ModuleTime>
      <ModuleName>Microsoft.Build.Framework</ModuleName>
      <Classes />
    </Module>
    <Module skippedDueTo="Filter" hash="C9-B1-4A-54-97-4E-1E-D7-82-8B-E9-17-E9-56-A6-83-32-BF-A1-41">
      <ModulePath>C:\Program Files\dotnet\shared\Microsoft.NETCore.App\2.0.0\System.Security.Cryptography.Primitives.dll</ModulePath>
      <ModuleTime>2017-07-20T21:22:08Z</ModuleTime>
      <ModuleName>System.Security.Cryptography.Primitives</ModuleName>
      <Classes />
    </Module>
    <Module skippedDueTo="Filter" hash="86-5B-86-E2-06-81-2C-73-3B-6D-BC-9C-E7-90-26-27-45-9D-47-99">
      <ModulePath>C:\Program Files\dotnet\shared\Microsoft.NETCore.App\2.0.0\System.ComponentModel.Primitives.dll</ModulePath>
      <ModuleTime>2017-07-20T21:22:06Z</ModuleTime>
      <ModuleName>System.ComponentModel.Primitives</ModuleName>
      <Classes />
    </Module>
    <Module skippedDueTo="Filter" hash="85-74-21-EC-76-BB-C4-A6-3A-AE-CE-60-C8-82-FC-E5-4F-88-33-73">
      <ModulePath>C:\Program Files\dotnet\shared\Microsoft.NETCore.App\2.0.0\System.Diagnostics.Tools.dll</ModulePath>
      <ModuleTime>2017-07-20T21:22:06Z</ModuleTime>
      <ModuleName>System.Diagnostics.Tools</ModuleName>
      <Classes />
    </Module>
    <Module skippedDueTo="Filter" hash="AB-3C-81-B8-F6-36-BB-7C-8D-F5-C8-0A-7F-23-6E-13-4F-0E-D5-62">
      <ModulePath>C:\Program Files\dotnet\shared\Microsoft.NETCore.App\2.0.0\System.Diagnostics.Debug.dll</ModulePath>
      <ModuleTime>2017-07-20T21:22:06Z</ModuleTime>
      <ModuleName>System.Diagnostics.Debug</ModuleName>
      <Classes />
    </Module>
    <Module skippedDueTo="Filter" hash="EE-F7-12-04-F9-F9-02-18-2C-FA-A5-20-0B-E5-40-DC-C9-BA-47-4F">
      <ModulePath>C:\Program Files\dotnet\shared\Microsoft.NETCore.App\2.0.0\System.IO.Compression.dll</ModulePath>
      <ModuleTime>2017-07-20T21:22:06Z</ModuleTime>
      <ModuleName>System.IO.Compression</ModuleName>
      <Classes />
    </Module>
    <Module skippedDueTo="Filter" hash="CD-43-5A-53-5F-46-5A-61-F0-49-BE-B7-F3-EA-0F-20-AD-1A-8D-C6">
      <ModulePath>C:\Program Files\dotnet\shared\Microsoft.NETCore.App\2.0.0\System.Buffers.dll</ModulePath>
      <ModuleTime>2017-07-20T21:22:06Z</ModuleTime>
      <ModuleName>System.Buffers</ModuleName>
      <Classes />
    </Module>
    <Module skippedDueTo="Filter" hash="D3-F6-1A-F1-57-F1-04-F9-6E-11-BB-94-3E-86-F5-C3-6D-06-04-E2">
      <ModulePath>C:\Program Files\dotnet\shared\Microsoft.NETCore.App\2.0.0\System.Text.Encoding.Extensions.dll</ModulePath>
      <ModuleTime>2017-07-20T21:22:08Z</ModuleTime>
      <ModuleName>System.Text.Encoding.Extensions</ModuleName>
      <Classes />
    </Module>
    <Module skippedDueTo="Filter" hash="CD-6B-BC-AF-EF-21-6A-54-B4-B0-81-FD-3E-17-A9-EA-BA-D0-23-3D">
      <ModulePath>C:\Program Files\dotnet\shared\Microsoft.NETCore.App\2.0.0\System.Net.Http.dll</ModulePath>
      <ModuleTime>2017-07-20T21:22:06Z</ModuleTime>
      <ModuleName>System.Net.Http</ModuleName>
      <Classes />
    </Module>
    <Module skippedDueTo="Filter" hash="5F-EC-41-41-AB-49-88-F8-F1-2A-13-23-4A-59-C7-E1-C4-B9-7B-57">
      <ModulePath>C:\Program Files\dotnet\shared\Microsoft.NETCore.App\2.0.0\System.Net.Primitives.dll</ModulePath>
      <ModuleTime>2017-07-20T21:22:08Z</ModuleTime>
      <ModuleName>System.Net.Primitives</ModuleName>
      <Classes />
    </Module>
    <Module skippedDueTo="Filter" hash="AE-65-E4-FB-FE-67-FA-05-AA-9C-A5-D5-B0-AF-33-CC-AF-92-9B-35">
      <ModulePath>C:\Program Files\dotnet\shared\Microsoft.NETCore.App\2.0.0\System.Diagnostics.DiagnosticSource.dll</ModulePath>
      <ModuleTime>2017-07-20T21:22:06Z</ModuleTime>
      <ModuleName>System.Diagnostics.DiagnosticSource</ModuleName>
      <Classes />
    </Module>
    <Module skippedDueTo="Filter" hash="94-15-48-19-F1-3C-5A-72-8C-BC-69-73-B7-42-21-90-E4-5A-A9-B9">
      <ModulePath>C:\Program Files\dotnet\shared\Microsoft.NETCore.App\2.0.0\System.Security.Cryptography.X509Certificates.dll</ModulePath>
      <ModuleTime>2017-07-20T21:22:08Z</ModuleTime>
      <ModuleName>System.Security.Cryptography.X509Certificates</ModuleName>
      <Classes />
    </Module>
    <Module skippedDueTo="Filter" hash="11-29-0C-F8-CE-73-3F-3E-06-AF-A0-16-05-96-4D-5A-A7-6A-DF-C2">
      <ModulePath>C:\Program Files\dotnet\shared\Microsoft.NETCore.App\2.0.0\System.Collections.NonGeneric.dll</ModulePath>
      <ModuleTime>2017-07-20T21:22:06Z</ModuleTime>
      <ModuleName>System.Collections.NonGeneric</ModuleName>
      <Classes />
    </Module>
    <Module skippedDueTo="Filter" hash="2F-88-A9-BB-B6-16-36-10-AC-73-83-54-44-F5-17-12-E0-9F-03-28">
      <ModulePath>C:\Program Files\dotnet\shared\Microsoft.NETCore.App\2.0.0\System.Private.CoreLib.dll</ModulePath>
      <ModuleTime>2017-07-20T21:22:08Z</ModuleTime>
      <ModuleName>System.Private.CoreLib</ModuleName>
      <Classes />
    </Module>
    <Module skippedDueTo="Filter" hash="2E-60-F3-4E-B5-40-AF-47-3B-5E-2D-78-EF-3A-65-DA-DE-78-1D-FB">
      <ModulePath>C:\Program Files\dotnet\sdk\2.1.0-preview1-007012\MSBuild.dll</ModulePath>
      <ModuleTime>2017-08-04T21:50:32Z</ModuleTime>
      <ModuleName>MSBuild</ModuleName>
      <Classes />
    </Module>
    <Module skippedDueTo="Filter" hash="B1-9D-98-DD-3C-A1-89-69-AC-7E-F1-16-E9-88-3F-F4-4C-77-AB-38">
      <ModulePath>C:\Program Files\dotnet\shared\Microsoft.NETCore.App\2.0.0\System.Runtime.dll</ModulePath>
      <ModuleTime>2017-07-20T21:22:08Z</ModuleTime>
      <ModuleName>System.Runtime</ModuleName>
      <Classes />
    </Module>
    <Module skippedDueTo="Filter" hash="EB-18-C3-43-11-91-EB-51-F0-4E-50-91-DE-EC-A3-6F-E7-CE-D9-3E">
      <ModulePath>C:\Program Files\dotnet\shared\Microsoft.NETCore.App\2.0.0\System.Threading.dll</ModulePath>
      <ModuleTime>2017-07-20T21:22:08Z</ModuleTime>
      <ModuleName>System.Threading</ModuleName>
      <Classes />
    </Module>
    <Module skippedDueTo="Filter" hash="24-D5-33-36-52-51-67-A0-24-3D-22-95-32-23-DA-6D-B4-16-CD-CB">
      <ModulePath>C:\Program Files\dotnet\shared\Microsoft.NETCore.App\2.0.0\System.Reflection.dll</ModulePath>
      <ModuleTime>2017-07-20T21:22:08Z</ModuleTime>
      <ModuleName>System.Reflection</ModuleName>
      <Classes />
    </Module>
    <Module skippedDueTo="Filter" hash="4A-A3-9A-94-A3-C6-3B-8F-C1-2F-D9-CC-68-D2-E4-8C-AE-50-F4-F1">
      <ModulePath>C:\Program Files\dotnet\shared\Microsoft.NETCore.App\2.0.0\System.Reflection.TypeExtensions.dll</ModulePath>
      <ModuleTime>2017-07-20T21:22:08Z</ModuleTime>
      <ModuleName>System.Reflection.TypeExtensions</ModuleName>
      <Classes />
    </Module>
    <Module skippedDueTo="Filter" hash="3C-7A-96-F0-F0-0A-AB-CF-4A-F1-7F-84-AD-D1-CC-8A-89-FB-43-30">
      <ModulePath>C:\Program Files\dotnet\shared\Microsoft.NETCore.App\2.0.0\System.Runtime.Extensions.dll</ModulePath>
      <ModuleTime>2017-07-20T21:22:08Z</ModuleTime>
      <ModuleName>System.Runtime.Extensions</ModuleName>
      <Classes />
    </Module>
    <Module skippedDueTo="Filter" hash="F7-D7-B4-FC-2C-07-D8-B3-03-0A-2D-EC-2B-24-59-88-4D-A8-9D-6B">
      <ModulePath>C:\Program Files\dotnet\shared\Microsoft.NETCore.App\2.0.0\System.Diagnostics.Process.dll</ModulePath>
      <ModuleTime>2017-07-20T21:22:06Z</ModuleTime>
      <ModuleName>System.Diagnostics.Process</ModuleName>
      <Classes />
    </Module>
    <Module skippedDueTo="Filter" hash="86-5B-86-E2-06-81-2C-73-3B-6D-BC-9C-E7-90-26-27-45-9D-47-99">
      <ModulePath>C:\Program Files\dotnet\shared\Microsoft.NETCore.App\2.0.0\System.ComponentModel.Primitives.dll</ModulePath>
      <ModuleTime>2017-07-20T21:22:06Z</ModuleTime>
      <ModuleName>System.ComponentModel.Primitives</ModuleName>
      <Classes />
    </Module>
    <Module skippedDueTo="Filter" hash="42-05-10-61-0A-00-05-FA-1F-EB-04-C9-F9-DD-2C-D4-89-87-3F-B1">
      <ModulePath>C:\Program Files\dotnet\shared\Microsoft.NETCore.App\2.0.0\System.Runtime.InteropServices.dll</ModulePath>
      <ModuleTime>2017-07-20T21:22:08Z</ModuleTime>
      <ModuleName>System.Runtime.InteropServices</ModuleName>
      <Classes />
    </Module>
    <Module skippedDueTo="Filter" hash="11-29-0C-F8-CE-73-3F-3E-06-AF-A0-16-05-96-4D-5A-A7-6A-DF-C2">
      <ModulePath>C:\Program Files\dotnet\shared\Microsoft.NETCore.App\2.0.0\System.Collections.NonGeneric.dll</ModulePath>
      <ModuleTime>2017-07-20T21:22:06Z</ModuleTime>
      <ModuleName>System.Collections.NonGeneric</ModuleName>
      <Classes />
    </Module>
    <Module skippedDueTo="Filter" hash="80-F3-31-87-AA-BE-F0-08-E2-C4-7C-2D-76-97-05-5F-96-6C-E3-CE">
      <ModulePath>C:\Program Files\dotnet\shared\Microsoft.NETCore.App\2.0.0\System.Linq.dll</ModulePath>
      <ModuleTime>2017-07-20T21:22:06Z</ModuleTime>
      <ModuleName>System.Linq</ModuleName>
      <Classes />
    </Module>
    <Module skippedDueTo="Filter" hash="6D-5A-04-73-28-C9-26-1C-E8-75-84-50-BF-FF-76-AC-5A-9E-28-48">
      <ModulePath>C:\Program Files\dotnet\shared\Microsoft.NETCore.App\2.0.0\System.Runtime.InteropServices.RuntimeInformation.dll</ModulePath>
      <ModuleTime>2017-07-20T21:22:08Z</ModuleTime>
      <ModuleName>System.Runtime.InteropServices.RuntimeInformation</ModuleName>
      <Classes />
    </Module>
    <Module skippedDueTo="Filter" hash="2E-3F-98-9F-F8-96-78-BA-71-3A-6A-0C-9C-B3-D0-39-1E-46-25-10">
      <ModulePath>C:\Program Files\dotnet\shared\Microsoft.NETCore.App\2.0.0\System.Text.RegularExpressions.dll</ModulePath>
      <ModuleTime>2017-07-20T21:22:08Z</ModuleTime>
      <ModuleName>System.Text.RegularExpressions</ModuleName>
      <Classes />
    </Module>
    <Module skippedDueTo="Filter" hash="89-70-E9-C9-2D-15-5F-35-A4-A6-47-48-86-2C-E8-14-EC-34-B9-9F">
      <ModulePath>C:\Program Files\dotnet\shared\Microsoft.NETCore.App\2.0.0\System.IO.FileSystem.dll</ModulePath>
      <ModuleTime>2017-07-20T21:22:06Z</ModuleTime>
      <ModuleName>System.IO.FileSystem</ModuleName>
      <Classes />
    </Module>
    <Module skippedDueTo="Filter" hash="F6-9B-26-AA-03-02-E2-D8-6A-A8-43-4E-56-E5-60-DE-59-F9-52-D2">
      <ModulePath>C:\Program Files\dotnet\shared\Microsoft.NETCore.App\2.0.0\System.Collections.dll</ModulePath>
      <ModuleTime>2017-07-20T21:22:06Z</ModuleTime>
      <ModuleName>System.Collections</ModuleName>
      <Classes />
    </Module>
    <Module skippedDueTo="Filter" hash="10-5D-31-F5-BB-84-D5-A4-73-6D-A1-A2-CA-2B-A8-95-E1-26-4E-8C">
      <ModulePath>C:\Program Files\dotnet\sdk\2.1.0-preview1-007012\Microsoft.Build.Framework.dll</ModulePath>
      <ModuleTime>2017-08-04T21:50:30Z</ModuleTime>
      <ModuleName>Microsoft.Build.Framework</ModuleName>
      <Classes />
    </Module>
    <Module skippedDueTo="Filter" hash="4B-B8-F7-36-81-46-46-AC-52-E9-F6-F0-10-B0-D4-A7-39-49-E6-A5">
      <ModulePath>C:\Program Files\dotnet\shared\Microsoft.NETCore.App\2.0.0\System.Console.dll</ModulePath>
      <ModuleTime>2017-07-20T21:22:06Z</ModuleTime>
      <ModuleName>System.Console</ModuleName>
      <Classes />
    </Module>
    <Module skippedDueTo="Filter" hash="45-D2-25-5D-46-07-0A-A9-24-CE-71-DB-2E-4F-25-A3-FF-30-13-72">
      <ModulePath>C:\Program Files\dotnet\sdk\2.1.0-preview1-007012\runtimes\win\lib\netstandard1.3\System.Text.Encoding.CodePages.dll</ModulePath>
      <ModuleTime>2017-08-04T21:50:34Z</ModuleTime>
      <ModuleName>System.Text.Encoding.CodePages</ModuleName>
      <Classes />
    </Module>
    <Module skippedDueTo="Filter" hash="71-55-8B-F9-57-BC-B0-34-9A-F8-A2-C8-58-A4-C7-74-EC-A4-CD-9C">
      <ModulePath>C:\Program Files\dotnet\shared\Microsoft.NETCore.App\2.0.0\System.Text.Encoding.dll</ModulePath>
      <ModuleTime>2017-07-20T21:22:08Z</ModuleTime>
      <ModuleName>System.Text.Encoding</ModuleName>
      <Classes />
    </Module>
    <Module skippedDueTo="Filter" hash="E6-69-68-08-E2-62-0F-85-F0-BE-8F-4D-51-D1-88-8E-81-FD-73-0B">
      <ModulePath>C:\Program Files\dotnet\shared\Microsoft.NETCore.App\2.0.0\System.Globalization.dll</ModulePath>
      <ModuleTime>2017-07-20T21:22:06Z</ModuleTime>
      <ModuleName>System.Globalization</ModuleName>
      <Classes />
    </Module>
    <Module skippedDueTo="Filter" hash="14-52-64-33-69-52-C2-89-D8-05-15-A9-B3-E5-A6-CE-58-78-57-8C">
      <ModulePath>C:\Program Files\dotnet\sdk\2.1.0-preview1-007012\Microsoft.Build.dll</ModulePath>
      <ModuleTime>2017-08-04T21:50:30Z</ModuleTime>
      <ModuleName>Microsoft.Build</ModuleName>
      <Classes />
    </Module>
    <Module skippedDueTo="Filter" hash="8B-99-E8-F0-CD-95-95-B0-68-10-D4-3A-CB-A1-0A-BE-38-66-BE-13">
      <ModulePath>C:\Program Files\dotnet\shared\Microsoft.NETCore.App\2.0.0\System.Collections.Concurrent.dll</ModulePath>
      <ModuleTime>2017-07-20T21:22:06Z</ModuleTime>
      <ModuleName>System.Collections.Concurrent</ModuleName>
      <Classes />
    </Module>
    <Module skippedDueTo="Filter" hash="E1-82-BC-2B-38-3B-CC-FF-85-23-83-A3-C6-21-E6-86-A5-C5-39-C5">
      <ModulePath>C:\Program Files\dotnet\sdk\2.1.0-preview1-007012\dotnet.dll</ModulePath>
      <ModuleTime>2017-08-04T21:50:30Z</ModuleTime>
      <ModuleName>dotnet</ModuleName>
      <Classes />
    </Module>
    <Module skippedDueTo="Filter" hash="43-DF-75-3F-FD-36-82-D6-BB-0C-64-30-97-6B-8F-68-75-06-70-C5">
      <ModulePath>C:\Program Files\dotnet\sdk\2.1.0-preview1-007012\Microsoft.Build.Utilities.Core.dll</ModulePath>
      <ModuleTime>2017-08-04T21:50:30Z</ModuleTime>
      <ModuleName>Microsoft.Build.Utilities.Core</ModuleName>
      <Classes />
    </Module>
    <Module skippedDueTo="Filter" hash="18-B0-E0-2A-8A-C7-6B-A3-D0-CB-42-F7-CE-97-F1-6D-50-EA-8C-48">
      <ModulePath>C:\Program Files\dotnet\sdk\2.1.0-preview1-007012\Microsoft.DotNet.Tools.MigrateCommand.dll</ModulePath>
      <ModuleTime>2017-08-04T21:50:32Z</ModuleTime>
      <ModuleName>Microsoft.DotNet.Tools.MigrateCommand</ModuleName>
      <Classes />
    </Module>
    <Module skippedDueTo="Filter" hash="E7-69-EF-8C-8B-D7-0E-43-C6-DA-D6-E5-82-DB-77-65-8B-DD-72-E7">
      <ModulePath>C:\Program Files\dotnet\sdk\2.1.0-preview1-007012\Microsoft.DotNet.Cli.Utils.dll</ModulePath>
      <ModuleTime>2017-08-04T21:50:32Z</ModuleTime>
      <ModuleName>Microsoft.DotNet.Cli.Utils</ModuleName>
      <Classes />
    </Module>
    <Module skippedDueTo="Filter" hash="99-17-09-DC-84-F7-A6-71-57-3F-B9-5A-B1-41-6A-FA-C8-CB-15-BF">
      <ModulePath>C:\Program Files\dotnet\sdk\2.1.0-preview1-007012\NuGet.Frameworks.dll</ModulePath>
      <ModuleTime>2017-08-04T21:50:32Z</ModuleTime>
      <ModuleName>NuGet.Frameworks</ModuleName>
      <Classes />
    </Module>
    <Module skippedDueTo="Filter" hash="45-E9-3D-14-67-92-EB-4A-1C-CC-E2-01-D2-6C-A1-29-4A-C8-C1-1E">
      <ModulePath>C:\Program Files\dotnet\shared\Microsoft.NETCore.App\2.0.0\System.Reflection.Extensions.dll</ModulePath>
      <ModuleTime>2017-07-20T21:22:08Z</ModuleTime>
      <ModuleName>System.Reflection.Extensions</ModuleName>
      <Classes />
    </Module>
    <Module skippedDueTo="Filter" hash="5E-FB-BF-47-1C-18-63-68-AB-1C-73-18-2F-62-05-38-02-94-E0-F7">
      <ModulePath>C:\Program Files\dotnet\sdk\2.1.0-preview1-007012\Microsoft.DotNet.Configurer.dll</ModulePath>
      <ModuleTime>2017-08-04T21:50:32Z</ModuleTime>
      <ModuleName>Microsoft.DotNet.Configurer</ModuleName>
      <Classes />
    </Module>
    <Module skippedDueTo="Filter" hash="F6-7E-35-A9-93-EB-66-65-32-86-3F-D8-60-D4-AC-06-8F-78-F7-81">
      <ModulePath>C:\Program Files\dotnet\sdk\2.1.0-preview1-007012\Microsoft.DotNet.InternalAbstractions.dll</ModulePath>
      <ModuleTime>2017-08-04T21:50:32Z</ModuleTime>
      <ModuleName>Microsoft.DotNet.InternalAbstractions</ModuleName>
      <Classes />
    </Module>
    <Module skippedDueTo="Filter" hash="2A-C9-25-F3-D5-15-6C-B1-09-A6-1F-DA-0F-51-0B-96-DE-24-F6-E0">
      <ModulePath>C:\Program Files\dotnet\shared\Microsoft.NETCore.App\2.0.0\System.IO.FileSystem.Primitives.dll</ModulePath>
      <ModuleTime>2017-07-20T21:22:06Z</ModuleTime>
      <ModuleName>System.IO.FileSystem.Primitives</ModuleName>
      <Classes />
    </Module>
    <Module skippedDueTo="Filter" hash="2D-70-CB-62-DA-FC-A2-6C-E4-9F-F1-DB-4C-3B-9A-34-20-80-E4-06">
      <ModulePath>C:\Program Files\dotnet\shared\Microsoft.NETCore.App\2.0.0\System.IO.dll</ModulePath>
      <ModuleTime>2017-07-20T21:22:06Z</ModuleTime>
      <ModuleName>System.IO</ModuleName>
      <Classes />
    </Module>
    <Module skippedDueTo="Filter" hash="F2-99-74-16-7B-B6-55-39-B1-2E-08-55-02-12-19-34-14-4F-ED-42">
      <ModulePath>C:\Program Files\dotnet\sdk\2.1.0-preview1-007012\Microsoft.ApplicationInsights.dll</ModulePath>
      <ModuleTime>2017-08-04T21:50:30Z</ModuleTime>
      <ModuleName>Microsoft.ApplicationInsights</ModuleName>
      <Classes />
    </Module>
    <Module skippedDueTo="Filter" hash="B8-E0-1C-46-05-EF-1C-0F-0F-1D-3C-D4-89-4D-08-3A-89-36-F3-E5">
      <ModulePath>C:\Program Files\dotnet\shared\Microsoft.NETCore.App\2.0.0\System.Xml.XDocument.dll</ModulePath>
      <ModuleTime>2017-07-20T21:22:08Z</ModuleTime>
      <ModuleName>System.Xml.XDocument</ModuleName>
      <Classes />
    </Module>
    <Module skippedDueTo="Filter" hash="76-A3-0C-AD-28-11-DC-81-BA-2D-4B-C3-06-E4-74-7F-83-3A-B3-DF">
      <ModulePath>C:\Program Files\dotnet\shared\Microsoft.NETCore.App\2.0.0\System.Runtime.Handles.dll</ModulePath>
      <ModuleTime>2017-07-20T21:22:08Z</ModuleTime>
      <ModuleName>System.Runtime.Handles</ModuleName>
      <Classes />
    </Module>
    <Module skippedDueTo="Filter" hash="DD-F6-D3-A5-01-A8-F6-AC-1B-A1-E9-B5-7C-53-43-D4-64-1C-30-53">
      <ModulePath>C:\Program Files\dotnet\shared\Microsoft.NETCore.App\2.0.0\System.Private.Xml.Linq.dll</ModulePath>
      <ModuleTime>2017-07-20T21:22:08Z</ModuleTime>
      <ModuleName>System.Private.Xml.Linq</ModuleName>
      <Classes />
    </Module>
    <Module skippedDueTo="Filter" hash="A0-2C-E4-67-65-31-2F-52-34-BE-1B-B5-8E-F0-03-96-33-5C-4A-E3">
      <ModulePath>C:\Program Files\dotnet\shared\Microsoft.NETCore.App\2.0.0\System.Diagnostics.Tracing.dll</ModulePath>
      <ModuleTime>2017-07-20T21:22:06Z</ModuleTime>
      <ModuleName>System.Diagnostics.Tracing</ModuleName>
      <Classes />
    </Module>
    <Module skippedDueTo="Filter" hash="EF-01-0C-C7-04-7B-55-8E-E4-3A-33-93-09-C2-FB-42-94-A0-43-B7">
      <ModulePath>C:\Program Files\dotnet\shared\Microsoft.NETCore.App\2.0.0\System.Threading.Tasks.dll</ModulePath>
      <ModuleTime>2017-07-20T21:22:08Z</ModuleTime>
      <ModuleName>System.Threading.Tasks</ModuleName>
      <Classes />
    </Module>
    <Module skippedDueTo="Filter" hash="FA-2B-87-A5-50-E5-4F-A1-C0-7E-53-1F-0B-F1-52-F1-E9-38-1F-38">
      <ModulePath>C:\Program Files\dotnet\shared\Microsoft.NETCore.App\2.0.0\System.Private.Uri.dll</ModulePath>
      <ModuleTime>2017-07-20T21:22:08Z</ModuleTime>
      <ModuleName>System.Private.Uri</ModuleName>
      <Classes />
    </Module>
    <Module skippedDueTo="Filter" hash="DF-1D-D6-51-B7-A1-8A-53-06-A0-34-64-B1-6C-11-1E-7F-0F-CE-94">
      <ModulePath>C:\Program Files\dotnet\shared\Microsoft.NETCore.App\2.0.0\System.Threading.Tasks.Dataflow.dll</ModulePath>
      <ModuleTime>2017-07-20T21:22:08Z</ModuleTime>
      <ModuleName>System.Threading.Tasks.Dataflow</ModuleName>
      <Classes />
    </Module>
    <Module skippedDueTo="Filter" hash="A7-C7-89-D8-86-EC-F3-FF-79-EF-26-3D-14-61-A6-EA-D3-FC-FC-55">
      <ModulePath>C:\Program Files\dotnet\sdk\2.1.0-preview1-007012\Microsoft.DotNet.PlatformAbstractions.dll</ModulePath>
      <ModuleTime>2017-08-04T21:50:32Z</ModuleTime>
      <ModuleName>Microsoft.DotNet.PlatformAbstractions</ModuleName>
      <Classes />
    </Module>
    <Module skippedDueTo="Filter" hash="C9-03-33-2D-B2-3B-A1-8A-2F-95-2B-0B-9D-A7-9A-D1-0D-9E-03-C3">
      <ModulePath>C:\Program Files\dotnet\shared\Microsoft.NETCore.App\2.0.0\netstandard.dll</ModulePath>
      <ModuleTime>2017-07-20T21:22:08Z</ModuleTime>
      <ModuleName>netstandard</ModuleName>
      <Classes />
    </Module>
    <Module skippedDueTo="Filter" hash="3E-2C-80-45-4B-5B-8B-5F-09-84-82-17-AA-7B-43-BF-3F-43-55-D2">
      <ModulePath>C:\Program Files\dotnet\shared\Microsoft.NETCore.App\2.0.0\System.Resources.ResourceManager.dll</ModulePath>
      <ModuleTime>2017-07-20T21:22:08Z</ModuleTime>
      <ModuleName>System.Resources.ResourceManager</ModuleName>
      <Classes />
    </Module>
    <Module skippedDueTo="Filter" hash="1D-2D-98-E4-A2-F2-43-8E-21-6C-72-DF-A8-3D-26-3C-24-D6-D9-12">
      <ModulePath>C:\Program Files\dotnet\shared\Microsoft.NETCore.App\2.0.0\System.Security.Cryptography.Algorithms.dll</ModulePath>
      <ModuleTime>2017-07-20T21:22:08Z</ModuleTime>
      <ModuleName>System.Security.Cryptography.Algorithms</ModuleName>
      <Classes />
    </Module>
    <Module skippedDueTo="Filter" hash="C9-B1-4A-54-97-4E-1E-D7-82-8B-E9-17-E9-56-A6-83-32-BF-A1-41">
      <ModulePath>C:\Program Files\dotnet\shared\Microsoft.NETCore.App\2.0.0\System.Security.Cryptography.Primitives.dll</ModulePath>
      <ModuleTime>2017-07-20T21:22:08Z</ModuleTime>
      <ModuleName>System.Security.Cryptography.Primitives</ModuleName>
      <Classes />
    </Module>
    <Module skippedDueTo="Filter" hash="D5-25-59-4D-0F-50-A0-85-00-7F-EB-E1-0B-BD-B5-82-30-09-75-C8">
      <ModulePath>C:\Program Files\dotnet\shared\Microsoft.NETCore.App\2.0.0\System.ObjectModel.dll</ModulePath>
      <ModuleTime>2017-07-20T21:22:08Z</ModuleTime>
      <ModuleName>System.ObjectModel</ModuleName>
      <Classes />
    </Module>
    <Module skippedDueTo="Filter" hash="92-A1-00-E7-E2-BF-4D-F7-95-CB-46-C2-DF-CC-15-61-47-27-B2-9F">
      <ModulePath>C:\Program Files\dotnet\shared\Microsoft.NETCore.App\2.0.0\System.Threading.Thread.dll</ModulePath>
      <ModuleTime>2017-07-20T21:22:08Z</ModuleTime>
      <ModuleName>System.Threading.Thread</ModuleName>
      <Classes />
    </Module>
    <Module skippedDueTo="Filter" hash="7C-EB-99-71-08-B5-1F-60-CA-48-72-95-5E-DE-E2-5B-79-99-49-4F">
      <ModulePath>C:\Program Files\dotnet\shared\Microsoft.NETCore.App\2.0.0\System.Xml.ReaderWriter.dll</ModulePath>
      <ModuleTime>2017-07-20T21:22:08Z</ModuleTime>
      <ModuleName>System.Xml.ReaderWriter</ModuleName>
      <Classes />
    </Module>
    <Module skippedDueTo="Filter" hash="92-AC-DA-99-81-1A-EB-3D-7D-F3-46-72-13-0A-D3-C6-8A-70-DB-4C">
      <ModulePath>C:\Program Files\dotnet\shared\Microsoft.NETCore.App\2.0.0\System.Private.Xml.dll</ModulePath>
      <ModuleTime>2017-07-20T21:22:08Z</ModuleTime>
      <ModuleName>System.Private.Xml</ModuleName>
      <Classes />
    </Module>
    <Module skippedDueTo="Filter" hash="D3-F6-1A-F1-57-F1-04-F9-6E-11-BB-94-3E-86-F5-C3-6D-06-04-E2">
      <ModulePath>C:\Program Files\dotnet\shared\Microsoft.NETCore.App\2.0.0\System.Text.Encoding.Extensions.dll</ModulePath>
      <ModuleTime>2017-07-20T21:22:08Z</ModuleTime>
      <ModuleName>System.Text.Encoding.Extensions</ModuleName>
      <Classes />
    </Module>
    <Module skippedDueTo="Filter" hash="CF-8A-90-C4-AB-10-6A-59-C0-1A-9A-F8-B0-C9-E3-7D-B3-7F-76-A4">
      <ModulePath>C:\Program Files\dotnet\shared\Microsoft.NETCore.App\2.0.0\System.Xml.XmlDocument.dll</ModulePath>
      <ModuleTime>2017-07-20T21:22:08Z</ModuleTime>
      <ModuleName>System.Xml.XmlDocument</ModuleName>
      <Classes />
    </Module>
    <Module skippedDueTo="Filter" hash="1A-66-09-E2-D5-E4-83-D8-7E-2A-93-BE-1A-5C-12-EF-04-A0-6A-AE">
      <ModulePath>C:\Program Files\dotnet\shared\Microsoft.NETCore.App\2.0.0\System.Diagnostics.FileVersionInfo.dll</ModulePath>
      <ModuleTime>2017-07-20T21:22:06Z</ModuleTime>
      <ModuleName>System.Diagnostics.FileVersionInfo</ModuleName>
      <Classes />
    </Module>
    <Module skippedDueTo="Filter" hash="52-C8-E5-3A-B2-32-4A-17-18-33-8B-13-C2-3A-53-6D-EC-77-D9-9A">
      <ModulePath>C:\Program Files\dotnet\shared\Microsoft.NETCore.App\2.0.0\System.Reflection.Primitives.dll</ModulePath>
      <ModuleTime>2017-07-20T21:22:08Z</ModuleTime>
      <ModuleName>System.Reflection.Primitives</ModuleName>
      <Classes />
    </Module>
    <Module skippedDueTo="Filter" hash="B1-F6-FE-F4-3D-92-32-23-15-F5-F7-C9-04-1B-F8-AD-AF-D2-E4-C6">
      <ModulePath>C:\Program Files\dotnet\shared\Microsoft.NETCore.App\2.0.0\System.Collections.Immutable.dll</ModulePath>
      <ModuleTime>2017-07-20T21:22:06Z</ModuleTime>
      <ModuleName>System.Collections.Immutable</ModuleName>
      <Classes />
    </Module>
    <Module skippedDueTo="Filter" hash="66-BB-6E-07-FF-91-32-12-01-E6-20-0A-F4-60-29-D0-4C-4E-4E-4A">
      <ModulePath>C:\Program Files\dotnet\sdk\2.1.0-preview1-007012\Microsoft.Build.Tasks.Core.dll</ModulePath>
      <ModuleTime>2017-08-04T21:50:30Z</ModuleTime>
      <ModuleName>Microsoft.Build.Tasks.Core</ModuleName>
      <Classes />
    </Module>
    <Module skippedDueTo="Filter" hash="50-B7-0E-CE-03-26-1D-99-C0-19-0F-7E-AB-AB-7A-52-3C-23-2D-95">
      <ModulePath>C:\Program Files\dotnet\shared\Microsoft.NETCore.App\2.0.0\System.Threading.ThreadPool.dll</ModulePath>
      <ModuleTime>2017-07-20T21:22:08Z</ModuleTime>
      <ModuleName>System.Threading.ThreadPool</ModuleName>
      <Classes />
    </Module>
    <Module skippedDueTo="Filter" hash="D6-A2-FF-23-F7-EA-FC-91-74-9E-8E-9E-5F-00-BC-51-F2-AB-9C-C4">
      <ModulePath>C:\Program Files\dotnet\sdk\2.1.0-preview1-007012\NuGet.Build.Tasks.dll</ModulePath>
      <ModuleTime>2017-08-04T21:50:32Z</ModuleTime>
      <ModuleName>NuGet.Build.Tasks</ModuleName>
      <Classes />
    </Module>
    <Module skippedDueTo="Filter" hash="E2-44-15-38-B4-8F-50-BE-6C-5D-2E-C5-C5-1D-24-06-FB-42-94-FF">
      <ModulePath>C:\Program Files\dotnet\sdk\2.1.0-preview1-007012\NuGet.Commands.dll</ModulePath>
      <ModuleTime>2017-08-04T21:50:32Z</ModuleTime>
      <ModuleName>NuGet.Commands</ModuleName>
      <Classes />
    </Module>
    <Module skippedDueTo="Filter" hash="19-E1-0D-C0-37-72-5B-D1-44-5F-6F-24-2D-CF-75-3A-FB-26-17-90">
      <ModulePath>C:\Program Files\dotnet\sdk\2.1.0-preview1-007012\NuGet.Common.dll</ModulePath>
      <ModuleTime>2017-08-04T21:50:32Z</ModuleTime>
      <ModuleName>NuGet.Common</ModuleName>
      <Classes />
    </Module>
    <Module skippedDueTo="Filter" hash="CC-8C-F1-82-EF-5C-AE-E2-95-06-98-BD-8C-15-C5-89-C1-62-6A-8A">
      <ModulePath>C:\Program Files\dotnet\sdk\2.1.0-preview1-007012\NuGet.Configuration.dll</ModulePath>
      <ModuleTime>2017-08-04T21:50:32Z</ModuleTime>
      <ModuleName>NuGet.Configuration</ModuleName>
      <Classes />
    </Module>
    <Module skippedDueTo="Filter" hash="7D-10-70-12-3C-3E-93-D7-2D-7D-A7-3F-74-57-45-36-74-9E-8C-D4">
      <ModulePath>C:\Program Files\dotnet\sdk\2.1.0-preview1-007012\NuGet.ProjectModel.dll</ModulePath>
      <ModuleTime>2017-08-04T21:50:32Z</ModuleTime>
      <ModuleName>NuGet.ProjectModel</ModuleName>
      <Classes />
    </Module>
    <Module skippedDueTo="Filter" hash="19-10-D1-11-7F-B1-E6-7E-05-DB-E0-2F-8B-EF-F5-E3-19-FB-95-BD">
      <ModulePath>C:\Program Files\dotnet\sdk\2.1.0-preview1-007012\NuGet.Versioning.dll</ModulePath>
      <ModuleTime>2017-08-04T21:50:32Z</ModuleTime>
      <ModuleName>NuGet.Versioning</ModuleName>
      <Classes />
    </Module>
    <Module skippedDueTo="Filter" hash="6B-B1-AD-DE-D8-46-B9-EA-49-EA-96-1C-DD-D0-ED-26-9D-50-12-DE">
      <ModulePath>C:\Program Files\dotnet\sdk\2.1.0-preview1-007012\NuGet.Protocol.dll</ModulePath>
      <ModuleTime>2017-08-04T21:50:32Z</ModuleTime>
      <ModuleName>NuGet.Protocol</ModuleName>
      <Classes />
    </Module>
    <Module skippedDueTo="Filter" hash="C9-BE-DA-A7-FE-B7-EB-C3-FC-12-FE-4A-E9-D2-E0-BD-BE-44-BD-AC">
      <ModulePath>C:\Program Files\dotnet\sdk\2.1.0-preview1-007012\NuGet.Packaging.dll</ModulePath>
      <ModuleTime>2017-08-04T21:50:32Z</ModuleTime>
      <ModuleName>NuGet.Packaging</ModuleName>
      <Classes />
    </Module>
    <Module skippedDueTo="Filter" hash="2A-AD-8A-6E-5B-06-4C-58-F0-63-65-08-78-11-A6-F8-C8-6D-26-89">
      <ModulePath>C:\Program Files\dotnet\sdk\2.1.0-preview1-007012\NuGet.DependencyResolver.Core.dll</ModulePath>
      <ModuleTime>2017-08-04T21:50:32Z</ModuleTime>
      <ModuleName>NuGet.DependencyResolver.Core</ModuleName>
      <Classes />
    </Module>
    <Module skippedDueTo="Filter" hash="49-4A-CE-15-2B-33-5B-9D-D0-5E-FB-B8-2D-A5-34-2B-C1-1F-DA-E3">
      <ModulePath>C:\Program Files\dotnet\sdk\2.1.0-preview1-007012\Newtonsoft.Json.dll</ModulePath>
      <ModuleTime>2017-08-04T21:44:56Z</ModuleTime>
      <ModuleName>Newtonsoft.Json</ModuleName>
      <Classes />
    </Module>
    <Module skippedDueTo="Filter" hash="7A-DB-D3-5C-EB-1E-6E-FF-8F-C6-E5-82-86-2B-77-2E-B1-DE-36-21">
      <ModulePath>C:\Program Files\dotnet\shared\Microsoft.NETCore.App\2.0.0\System.Dynamic.Runtime.dll</ModulePath>
      <ModuleTime>2017-07-20T21:22:06Z</ModuleTime>
      <ModuleName>System.Dynamic.Runtime</ModuleName>
      <Classes />
    </Module>
    <Module skippedDueTo="Filter" hash="83-02-2F-5B-C7-1D-94-96-BC-75-A7-ED-DA-57-BA-A5-FB-E7-6F-1B">
      <ModulePath>C:\Program Files\dotnet\shared\Microsoft.NETCore.App\2.0.0\System.Linq.Expressions.dll</ModulePath>
      <ModuleTime>2017-07-20T21:22:06Z</ModuleTime>
      <ModuleName>System.Linq.Expressions</ModuleName>
      <Classes />
    </Module>
    <Module skippedDueTo="Filter" hash="19-A6-97-EE-6A-16-4E-2B-F1-0C-8A-86-D0-31-99-A4-1C-BD-81-C0">
      <ModulePath>C:\Program Files\dotnet\sdk\2.1.0-preview1-007012\NuGet.LibraryModel.dll</ModulePath>
      <ModuleTime>2017-08-04T21:50:32Z</ModuleTime>
      <ModuleName>NuGet.LibraryModel</ModuleName>
      <Classes />
    </Module>
    <Module skippedDueTo="Filter" hash="05-F8-CB-E1-A7-6D-13-39-D8-EF-0D-65-2E-C9-06-9A-35-62-9A-31">
      <ModulePath>C:\Program Files\dotnet\sdk\2.1.0-preview1-007012\NuGet.Packaging.Core.dll</ModulePath>
      <ModuleTime>2017-08-04T21:50:32Z</ModuleTime>
      <ModuleName>NuGet.Packaging.Core</ModuleName>
      <Classes />
    </Module>
    <Module skippedDueTo="Filter" hash="2F-88-A9-BB-B6-16-36-10-AC-73-83-54-44-F5-17-12-E0-9F-03-28">
      <ModulePath>C:\Program Files\dotnet\shared\Microsoft.NETCore.App\2.0.0\System.Private.CoreLib.dll</ModulePath>
      <ModuleTime>2017-07-20T21:22:08Z</ModuleTime>
      <ModuleName>System.Private.CoreLib</ModuleName>
      <Classes />
    </Module>
    <Module skippedDueTo="Filter" hash="2E-60-F3-4E-B5-40-AF-47-3B-5E-2D-78-EF-3A-65-DA-DE-78-1D-FB">
      <ModulePath>C:\Program Files\dotnet\sdk\2.1.0-preview1-007012\MSBuild.dll</ModulePath>
      <ModuleTime>2017-08-04T21:50:32Z</ModuleTime>
      <ModuleName>MSBuild</ModuleName>
      <Classes />
    </Module>
    <Module skippedDueTo="Filter" hash="B1-9D-98-DD-3C-A1-89-69-AC-7E-F1-16-E9-88-3F-F4-4C-77-AB-38">
      <ModulePath>C:\Program Files\dotnet\shared\Microsoft.NETCore.App\2.0.0\System.Runtime.dll</ModulePath>
      <ModuleTime>2017-07-20T21:22:08Z</ModuleTime>
      <ModuleName>System.Runtime</ModuleName>
      <Classes />
    </Module>
    <Module skippedDueTo="Filter" hash="EB-18-C3-43-11-91-EB-51-F0-4E-50-91-DE-EC-A3-6F-E7-CE-D9-3E">
      <ModulePath>C:\Program Files\dotnet\shared\Microsoft.NETCore.App\2.0.0\System.Threading.dll</ModulePath>
      <ModuleTime>2017-07-20T21:22:08Z</ModuleTime>
      <ModuleName>System.Threading</ModuleName>
      <Classes />
    </Module>
    <Module skippedDueTo="Filter" hash="24-D5-33-36-52-51-67-A0-24-3D-22-95-32-23-DA-6D-B4-16-CD-CB">
      <ModulePath>C:\Program Files\dotnet\shared\Microsoft.NETCore.App\2.0.0\System.Reflection.dll</ModulePath>
      <ModuleTime>2017-07-20T21:22:08Z</ModuleTime>
      <ModuleName>System.Reflection</ModuleName>
      <Classes />
    </Module>
    <Module skippedDueTo="Filter" hash="4A-A3-9A-94-A3-C6-3B-8F-C1-2F-D9-CC-68-D2-E4-8C-AE-50-F4-F1">
      <ModulePath>C:\Program Files\dotnet\shared\Microsoft.NETCore.App\2.0.0\System.Reflection.TypeExtensions.dll</ModulePath>
      <ModuleTime>2017-07-20T21:22:08Z</ModuleTime>
      <ModuleName>System.Reflection.TypeExtensions</ModuleName>
      <Classes />
    </Module>
    <Module skippedDueTo="Filter" hash="3C-7A-96-F0-F0-0A-AB-CF-4A-F1-7F-84-AD-D1-CC-8A-89-FB-43-30">
      <ModulePath>C:\Program Files\dotnet\shared\Microsoft.NETCore.App\2.0.0\System.Runtime.Extensions.dll</ModulePath>
      <ModuleTime>2017-07-20T21:22:08Z</ModuleTime>
      <ModuleName>System.Runtime.Extensions</ModuleName>
      <Classes />
    </Module>
    <Module skippedDueTo="Filter" hash="F7-D7-B4-FC-2C-07-D8-B3-03-0A-2D-EC-2B-24-59-88-4D-A8-9D-6B">
      <ModulePath>C:\Program Files\dotnet\shared\Microsoft.NETCore.App\2.0.0\System.Diagnostics.Process.dll</ModulePath>
      <ModuleTime>2017-07-20T21:22:06Z</ModuleTime>
      <ModuleName>System.Diagnostics.Process</ModuleName>
      <Classes />
    </Module>
    <Module skippedDueTo="Filter" hash="86-5B-86-E2-06-81-2C-73-3B-6D-BC-9C-E7-90-26-27-45-9D-47-99">
      <ModulePath>C:\Program Files\dotnet\shared\Microsoft.NETCore.App\2.0.0\System.ComponentModel.Primitives.dll</ModulePath>
      <ModuleTime>2017-07-20T21:22:06Z</ModuleTime>
      <ModuleName>System.ComponentModel.Primitives</ModuleName>
      <Classes />
    </Module>
    <Module skippedDueTo="Filter" hash="42-05-10-61-0A-00-05-FA-1F-EB-04-C9-F9-DD-2C-D4-89-87-3F-B1">
      <ModulePath>C:\Program Files\dotnet\shared\Microsoft.NETCore.App\2.0.0\System.Runtime.InteropServices.dll</ModulePath>
      <ModuleTime>2017-07-20T21:22:08Z</ModuleTime>
      <ModuleName>System.Runtime.InteropServices</ModuleName>
      <Classes />
    </Module>
    <Module skippedDueTo="Filter" hash="11-29-0C-F8-CE-73-3F-3E-06-AF-A0-16-05-96-4D-5A-A7-6A-DF-C2">
      <ModulePath>C:\Program Files\dotnet\shared\Microsoft.NETCore.App\2.0.0\System.Collections.NonGeneric.dll</ModulePath>
      <ModuleTime>2017-07-20T21:22:06Z</ModuleTime>
      <ModuleName>System.Collections.NonGeneric</ModuleName>
      <Classes />
    </Module>
    <Module skippedDueTo="Filter" hash="80-F3-31-87-AA-BE-F0-08-E2-C4-7C-2D-76-97-05-5F-96-6C-E3-CE">
      <ModulePath>C:\Program Files\dotnet\shared\Microsoft.NETCore.App\2.0.0\System.Linq.dll</ModulePath>
      <ModuleTime>2017-07-20T21:22:06Z</ModuleTime>
      <ModuleName>System.Linq</ModuleName>
      <Classes />
    </Module>
    <Module skippedDueTo="Filter" hash="6D-5A-04-73-28-C9-26-1C-E8-75-84-50-BF-FF-76-AC-5A-9E-28-48">
      <ModulePath>C:\Program Files\dotnet\shared\Microsoft.NETCore.App\2.0.0\System.Runtime.InteropServices.RuntimeInformation.dll</ModulePath>
      <ModuleTime>2017-07-20T21:22:08Z</ModuleTime>
      <ModuleName>System.Runtime.InteropServices.RuntimeInformation</ModuleName>
      <Classes />
    </Module>
    <Module skippedDueTo="Filter" hash="2E-3F-98-9F-F8-96-78-BA-71-3A-6A-0C-9C-B3-D0-39-1E-46-25-10">
      <ModulePath>C:\Program Files\dotnet\shared\Microsoft.NETCore.App\2.0.0\System.Text.RegularExpressions.dll</ModulePath>
      <ModuleTime>2017-07-20T21:22:08Z</ModuleTime>
      <ModuleName>System.Text.RegularExpressions</ModuleName>
      <Classes />
    </Module>
    <Module skippedDueTo="Filter" hash="89-70-E9-C9-2D-15-5F-35-A4-A6-47-48-86-2C-E8-14-EC-34-B9-9F">
      <ModulePath>C:\Program Files\dotnet\shared\Microsoft.NETCore.App\2.0.0\System.IO.FileSystem.dll</ModulePath>
      <ModuleTime>2017-07-20T21:22:06Z</ModuleTime>
      <ModuleName>System.IO.FileSystem</ModuleName>
      <Classes />
    </Module>
    <Module skippedDueTo="Filter" hash="F6-9B-26-AA-03-02-E2-D8-6A-A8-43-4E-56-E5-60-DE-59-F9-52-D2">
      <ModulePath>C:\Program Files\dotnet\shared\Microsoft.NETCore.App\2.0.0\System.Collections.dll</ModulePath>
      <ModuleTime>2017-07-20T21:22:06Z</ModuleTime>
      <ModuleName>System.Collections</ModuleName>
      <Classes />
    </Module>
    <Module skippedDueTo="Filter" hash="10-5D-31-F5-BB-84-D5-A4-73-6D-A1-A2-CA-2B-A8-95-E1-26-4E-8C">
      <ModulePath>C:\Program Files\dotnet\sdk\2.1.0-preview1-007012\Microsoft.Build.Framework.dll</ModulePath>
      <ModuleTime>2017-08-04T21:50:30Z</ModuleTime>
      <ModuleName>Microsoft.Build.Framework</ModuleName>
      <Classes />
    </Module>
    <Module skippedDueTo="Filter" hash="4B-B8-F7-36-81-46-46-AC-52-E9-F6-F0-10-B0-D4-A7-39-49-E6-A5">
      <ModulePath>C:\Program Files\dotnet\shared\Microsoft.NETCore.App\2.0.0\System.Console.dll</ModulePath>
      <ModuleTime>2017-07-20T21:22:06Z</ModuleTime>
      <ModuleName>System.Console</ModuleName>
      <Classes />
    </Module>
    <Module skippedDueTo="Filter" hash="45-D2-25-5D-46-07-0A-A9-24-CE-71-DB-2E-4F-25-A3-FF-30-13-72">
      <ModulePath>C:\Program Files\dotnet\sdk\2.1.0-preview1-007012\runtimes\win\lib\netstandard1.3\System.Text.Encoding.CodePages.dll</ModulePath>
      <ModuleTime>2017-08-04T21:50:34Z</ModuleTime>
      <ModuleName>System.Text.Encoding.CodePages</ModuleName>
      <Classes />
    </Module>
    <Module skippedDueTo="Filter" hash="71-55-8B-F9-57-BC-B0-34-9A-F8-A2-C8-58-A4-C7-74-EC-A4-CD-9C">
      <ModulePath>C:\Program Files\dotnet\shared\Microsoft.NETCore.App\2.0.0\System.Text.Encoding.dll</ModulePath>
      <ModuleTime>2017-07-20T21:22:08Z</ModuleTime>
      <ModuleName>System.Text.Encoding</ModuleName>
      <Classes />
    </Module>
    <Module skippedDueTo="Filter" hash="E6-69-68-08-E2-62-0F-85-F0-BE-8F-4D-51-D1-88-8E-81-FD-73-0B">
      <ModulePath>C:\Program Files\dotnet\shared\Microsoft.NETCore.App\2.0.0\System.Globalization.dll</ModulePath>
      <ModuleTime>2017-07-20T21:22:06Z</ModuleTime>
      <ModuleName>System.Globalization</ModuleName>
      <Classes />
    </Module>
    <Module skippedDueTo="Filter" hash="14-52-64-33-69-52-C2-89-D8-05-15-A9-B3-E5-A6-CE-58-78-57-8C">
      <ModulePath>C:\Program Files\dotnet\sdk\2.1.0-preview1-007012\Microsoft.Build.dll</ModulePath>
      <ModuleTime>2017-08-04T21:50:30Z</ModuleTime>
      <ModuleName>Microsoft.Build</ModuleName>
      <Classes />
    </Module>
    <Module skippedDueTo="Filter" hash="8B-99-E8-F0-CD-95-95-B0-68-10-D4-3A-CB-A1-0A-BE-38-66-BE-13">
      <ModulePath>C:\Program Files\dotnet\shared\Microsoft.NETCore.App\2.0.0\System.Collections.Concurrent.dll</ModulePath>
      <ModuleTime>2017-07-20T21:22:06Z</ModuleTime>
      <ModuleName>System.Collections.Concurrent</ModuleName>
      <Classes />
    </Module>
    <Module skippedDueTo="Filter" hash="E1-82-BC-2B-38-3B-CC-FF-85-23-83-A3-C6-21-E6-86-A5-C5-39-C5">
      <ModulePath>C:\Program Files\dotnet\sdk\2.1.0-preview1-007012\dotnet.dll</ModulePath>
      <ModuleTime>2017-08-04T21:50:30Z</ModuleTime>
      <ModuleName>dotnet</ModuleName>
      <Classes />
    </Module>
    <Module skippedDueTo="Filter" hash="43-DF-75-3F-FD-36-82-D6-BB-0C-64-30-97-6B-8F-68-75-06-70-C5">
      <ModulePath>C:\Program Files\dotnet\sdk\2.1.0-preview1-007012\Microsoft.Build.Utilities.Core.dll</ModulePath>
      <ModuleTime>2017-08-04T21:50:30Z</ModuleTime>
      <ModuleName>Microsoft.Build.Utilities.Core</ModuleName>
      <Classes />
    </Module>
    <Module skippedDueTo="Filter" hash="18-B0-E0-2A-8A-C7-6B-A3-D0-CB-42-F7-CE-97-F1-6D-50-EA-8C-48">
      <ModulePath>C:\Program Files\dotnet\sdk\2.1.0-preview1-007012\Microsoft.DotNet.Tools.MigrateCommand.dll</ModulePath>
      <ModuleTime>2017-08-04T21:50:32Z</ModuleTime>
      <ModuleName>Microsoft.DotNet.Tools.MigrateCommand</ModuleName>
      <Classes />
    </Module>
    <Module skippedDueTo="Filter" hash="E7-69-EF-8C-8B-D7-0E-43-C6-DA-D6-E5-82-DB-77-65-8B-DD-72-E7">
      <ModulePath>C:\Program Files\dotnet\sdk\2.1.0-preview1-007012\Microsoft.DotNet.Cli.Utils.dll</ModulePath>
      <ModuleTime>2017-08-04T21:50:32Z</ModuleTime>
      <ModuleName>Microsoft.DotNet.Cli.Utils</ModuleName>
      <Classes />
    </Module>
    <Module skippedDueTo="Filter" hash="99-17-09-DC-84-F7-A6-71-57-3F-B9-5A-B1-41-6A-FA-C8-CB-15-BF">
      <ModulePath>C:\Program Files\dotnet\sdk\2.1.0-preview1-007012\NuGet.Frameworks.dll</ModulePath>
      <ModuleTime>2017-08-04T21:50:32Z</ModuleTime>
      <ModuleName>NuGet.Frameworks</ModuleName>
      <Classes />
    </Module>
    <Module skippedDueTo="Filter" hash="45-E9-3D-14-67-92-EB-4A-1C-CC-E2-01-D2-6C-A1-29-4A-C8-C1-1E">
      <ModulePath>C:\Program Files\dotnet\shared\Microsoft.NETCore.App\2.0.0\System.Reflection.Extensions.dll</ModulePath>
      <ModuleTime>2017-07-20T21:22:08Z</ModuleTime>
      <ModuleName>System.Reflection.Extensions</ModuleName>
      <Classes />
    </Module>
    <Module skippedDueTo="Filter" hash="5E-FB-BF-47-1C-18-63-68-AB-1C-73-18-2F-62-05-38-02-94-E0-F7">
      <ModulePath>C:\Program Files\dotnet\sdk\2.1.0-preview1-007012\Microsoft.DotNet.Configurer.dll</ModulePath>
      <ModuleTime>2017-08-04T21:50:32Z</ModuleTime>
      <ModuleName>Microsoft.DotNet.Configurer</ModuleName>
      <Classes />
    </Module>
    <Module skippedDueTo="Filter" hash="F6-7E-35-A9-93-EB-66-65-32-86-3F-D8-60-D4-AC-06-8F-78-F7-81">
      <ModulePath>C:\Program Files\dotnet\sdk\2.1.0-preview1-007012\Microsoft.DotNet.InternalAbstractions.dll</ModulePath>
      <ModuleTime>2017-08-04T21:50:32Z</ModuleTime>
      <ModuleName>Microsoft.DotNet.InternalAbstractions</ModuleName>
      <Classes />
    </Module>
    <Module skippedDueTo="Filter" hash="2A-C9-25-F3-D5-15-6C-B1-09-A6-1F-DA-0F-51-0B-96-DE-24-F6-E0">
      <ModulePath>C:\Program Files\dotnet\shared\Microsoft.NETCore.App\2.0.0\System.IO.FileSystem.Primitives.dll</ModulePath>
      <ModuleTime>2017-07-20T21:22:06Z</ModuleTime>
      <ModuleName>System.IO.FileSystem.Primitives</ModuleName>
      <Classes />
    </Module>
    <Module skippedDueTo="Filter" hash="2D-70-CB-62-DA-FC-A2-6C-E4-9F-F1-DB-4C-3B-9A-34-20-80-E4-06">
      <ModulePath>C:\Program Files\dotnet\shared\Microsoft.NETCore.App\2.0.0\System.IO.dll</ModulePath>
      <ModuleTime>2017-07-20T21:22:06Z</ModuleTime>
      <ModuleName>System.IO</ModuleName>
      <Classes />
    </Module>
    <Module skippedDueTo="Filter" hash="F2-99-74-16-7B-B6-55-39-B1-2E-08-55-02-12-19-34-14-4F-ED-42">
      <ModulePath>C:\Program Files\dotnet\sdk\2.1.0-preview1-007012\Microsoft.ApplicationInsights.dll</ModulePath>
      <ModuleTime>2017-08-04T21:50:30Z</ModuleTime>
      <ModuleName>Microsoft.ApplicationInsights</ModuleName>
      <Classes />
    </Module>
    <Module skippedDueTo="Filter" hash="B8-E0-1C-46-05-EF-1C-0F-0F-1D-3C-D4-89-4D-08-3A-89-36-F3-E5">
      <ModulePath>C:\Program Files\dotnet\shared\Microsoft.NETCore.App\2.0.0\System.Xml.XDocument.dll</ModulePath>
      <ModuleTime>2017-07-20T21:22:08Z</ModuleTime>
      <ModuleName>System.Xml.XDocument</ModuleName>
      <Classes />
    </Module>
    <Module skippedDueTo="Filter" hash="DD-F6-D3-A5-01-A8-F6-AC-1B-A1-E9-B5-7C-53-43-D4-64-1C-30-53">
      <ModulePath>C:\Program Files\dotnet\shared\Microsoft.NETCore.App\2.0.0\System.Private.Xml.Linq.dll</ModulePath>
      <ModuleTime>2017-07-20T21:22:08Z</ModuleTime>
      <ModuleName>System.Private.Xml.Linq</ModuleName>
      <Classes />
    </Module>
    <Module skippedDueTo="Filter" hash="76-A3-0C-AD-28-11-DC-81-BA-2D-4B-C3-06-E4-74-7F-83-3A-B3-DF">
      <ModulePath>C:\Program Files\dotnet\shared\Microsoft.NETCore.App\2.0.0\System.Runtime.Handles.dll</ModulePath>
      <ModuleTime>2017-07-20T21:22:08Z</ModuleTime>
      <ModuleName>System.Runtime.Handles</ModuleName>
      <Classes />
    </Module>
    <Module skippedDueTo="Filter" hash="A0-2C-E4-67-65-31-2F-52-34-BE-1B-B5-8E-F0-03-96-33-5C-4A-E3">
      <ModulePath>C:\Program Files\dotnet\shared\Microsoft.NETCore.App\2.0.0\System.Diagnostics.Tracing.dll</ModulePath>
      <ModuleTime>2017-07-20T21:22:06Z</ModuleTime>
      <ModuleName>System.Diagnostics.Tracing</ModuleName>
      <Classes />
    </Module>
    <Module skippedDueTo="Filter" hash="EF-01-0C-C7-04-7B-55-8E-E4-3A-33-93-09-C2-FB-42-94-A0-43-B7">
      <ModulePath>C:\Program Files\dotnet\shared\Microsoft.NETCore.App\2.0.0\System.Threading.Tasks.dll</ModulePath>
      <ModuleTime>2017-07-20T21:22:08Z</ModuleTime>
      <ModuleName>System.Threading.Tasks</ModuleName>
      <Classes />
    </Module>
    <Module skippedDueTo="Filter" hash="FA-2B-87-A5-50-E5-4F-A1-C0-7E-53-1F-0B-F1-52-F1-E9-38-1F-38">
      <ModulePath>C:\Program Files\dotnet\shared\Microsoft.NETCore.App\2.0.0\System.Private.Uri.dll</ModulePath>
      <ModuleTime>2017-07-20T21:22:08Z</ModuleTime>
      <ModuleName>System.Private.Uri</ModuleName>
      <Classes />
    </Module>
    <Module skippedDueTo="Filter" hash="A7-C7-89-D8-86-EC-F3-FF-79-EF-26-3D-14-61-A6-EA-D3-FC-FC-55">
      <ModulePath>C:\Program Files\dotnet\sdk\2.1.0-preview1-007012\Microsoft.DotNet.PlatformAbstractions.dll</ModulePath>
      <ModuleTime>2017-08-04T21:50:32Z</ModuleTime>
      <ModuleName>Microsoft.DotNet.PlatformAbstractions</ModuleName>
      <Classes />
    </Module>
    <Module skippedDueTo="Filter" hash="DF-1D-D6-51-B7-A1-8A-53-06-A0-34-64-B1-6C-11-1E-7F-0F-CE-94">
      <ModulePath>C:\Program Files\dotnet\shared\Microsoft.NETCore.App\2.0.0\System.Threading.Tasks.Dataflow.dll</ModulePath>
      <ModuleTime>2017-07-20T21:22:08Z</ModuleTime>
      <ModuleName>System.Threading.Tasks.Dataflow</ModuleName>
      <Classes />
    </Module>
    <Module skippedDueTo="Filter" hash="C9-03-33-2D-B2-3B-A1-8A-2F-95-2B-0B-9D-A7-9A-D1-0D-9E-03-C3">
      <ModulePath>C:\Program Files\dotnet\shared\Microsoft.NETCore.App\2.0.0\netstandard.dll</ModulePath>
      <ModuleTime>2017-07-20T21:22:08Z</ModuleTime>
      <ModuleName>netstandard</ModuleName>
      <Classes />
    </Module>
    <Module skippedDueTo="Filter" hash="1D-2D-98-E4-A2-F2-43-8E-21-6C-72-DF-A8-3D-26-3C-24-D6-D9-12">
      <ModulePath>C:\Program Files\dotnet\shared\Microsoft.NETCore.App\2.0.0\System.Security.Cryptography.Algorithms.dll</ModulePath>
      <ModuleTime>2017-07-20T21:22:08Z</ModuleTime>
      <ModuleName>System.Security.Cryptography.Algorithms</ModuleName>
      <Classes />
    </Module>
    <Module skippedDueTo="Filter" hash="C9-B1-4A-54-97-4E-1E-D7-82-8B-E9-17-E9-56-A6-83-32-BF-A1-41">
      <ModulePath>C:\Program Files\dotnet\shared\Microsoft.NETCore.App\2.0.0\System.Security.Cryptography.Primitives.dll</ModulePath>
      <ModuleTime>2017-07-20T21:22:08Z</ModuleTime>
      <ModuleName>System.Security.Cryptography.Primitives</ModuleName>
      <Classes />
    </Module>
    <Module skippedDueTo="Filter" hash="3E-2C-80-45-4B-5B-8B-5F-09-84-82-17-AA-7B-43-BF-3F-43-55-D2">
      <ModulePath>C:\Program Files\dotnet\shared\Microsoft.NETCore.App\2.0.0\System.Resources.ResourceManager.dll</ModulePath>
      <ModuleTime>2017-07-20T21:22:08Z</ModuleTime>
      <ModuleName>System.Resources.ResourceManager</ModuleName>
      <Classes />
    </Module>
    <Module skippedDueTo="Filter" hash="D5-25-59-4D-0F-50-A0-85-00-7F-EB-E1-0B-BD-B5-82-30-09-75-C8">
      <ModulePath>C:\Program Files\dotnet\shared\Microsoft.NETCore.App\2.0.0\System.ObjectModel.dll</ModulePath>
      <ModuleTime>2017-07-20T21:22:08Z</ModuleTime>
      <ModuleName>System.ObjectModel</ModuleName>
      <Classes />
    </Module>
    <Module skippedDueTo="Filter" hash="92-A1-00-E7-E2-BF-4D-F7-95-CB-46-C2-DF-CC-15-61-47-27-B2-9F">
      <ModulePath>C:\Program Files\dotnet\shared\Microsoft.NETCore.App\2.0.0\System.Threading.Thread.dll</ModulePath>
      <ModuleTime>2017-07-20T21:22:08Z</ModuleTime>
      <ModuleName>System.Threading.Thread</ModuleName>
      <Classes />
    </Module>
    <Module skippedDueTo="Filter" hash="7C-EB-99-71-08-B5-1F-60-CA-48-72-95-5E-DE-E2-5B-79-99-49-4F">
      <ModulePath>C:\Program Files\dotnet\shared\Microsoft.NETCore.App\2.0.0\System.Xml.ReaderWriter.dll</ModulePath>
      <ModuleTime>2017-07-20T21:22:08Z</ModuleTime>
      <ModuleName>System.Xml.ReaderWriter</ModuleName>
      <Classes />
    </Module>
    <Module skippedDueTo="Filter" hash="92-AC-DA-99-81-1A-EB-3D-7D-F3-46-72-13-0A-D3-C6-8A-70-DB-4C">
      <ModulePath>C:\Program Files\dotnet\shared\Microsoft.NETCore.App\2.0.0\System.Private.Xml.dll</ModulePath>
      <ModuleTime>2017-07-20T21:22:08Z</ModuleTime>
      <ModuleName>System.Private.Xml</ModuleName>
      <Classes />
    </Module>
    <Module skippedDueTo="Filter" hash="D3-F6-1A-F1-57-F1-04-F9-6E-11-BB-94-3E-86-F5-C3-6D-06-04-E2">
      <ModulePath>C:\Program Files\dotnet\shared\Microsoft.NETCore.App\2.0.0\System.Text.Encoding.Extensions.dll</ModulePath>
      <ModuleTime>2017-07-20T21:22:08Z</ModuleTime>
      <ModuleName>System.Text.Encoding.Extensions</ModuleName>
      <Classes />
    </Module>
    <Module skippedDueTo="Filter" hash="CF-8A-90-C4-AB-10-6A-59-C0-1A-9A-F8-B0-C9-E3-7D-B3-7F-76-A4">
      <ModulePath>C:\Program Files\dotnet\shared\Microsoft.NETCore.App\2.0.0\System.Xml.XmlDocument.dll</ModulePath>
      <ModuleTime>2017-07-20T21:22:08Z</ModuleTime>
      <ModuleName>System.Xml.XmlDocument</ModuleName>
      <Classes />
    </Module>
    <Module skippedDueTo="Filter" hash="1A-66-09-E2-D5-E4-83-D8-7E-2A-93-BE-1A-5C-12-EF-04-A0-6A-AE">
      <ModulePath>C:\Program Files\dotnet\shared\Microsoft.NETCore.App\2.0.0\System.Diagnostics.FileVersionInfo.dll</ModulePath>
      <ModuleTime>2017-07-20T21:22:06Z</ModuleTime>
      <ModuleName>System.Diagnostics.FileVersionInfo</ModuleName>
      <Classes />
    </Module>
    <Module skippedDueTo="Filter" hash="52-C8-E5-3A-B2-32-4A-17-18-33-8B-13-C2-3A-53-6D-EC-77-D9-9A">
      <ModulePath>C:\Program Files\dotnet\shared\Microsoft.NETCore.App\2.0.0\System.Reflection.Primitives.dll</ModulePath>
      <ModuleTime>2017-07-20T21:22:08Z</ModuleTime>
      <ModuleName>System.Reflection.Primitives</ModuleName>
      <Classes />
    </Module>
    <Module skippedDueTo="Filter" hash="B1-F6-FE-F4-3D-92-32-23-15-F5-F7-C9-04-1B-F8-AD-AF-D2-E4-C6">
      <ModulePath>C:\Program Files\dotnet\shared\Microsoft.NETCore.App\2.0.0\System.Collections.Immutable.dll</ModulePath>
      <ModuleTime>2017-07-20T21:22:06Z</ModuleTime>
      <ModuleName>System.Collections.Immutable</ModuleName>
      <Classes />
    </Module>
    <Module skippedDueTo="Filter" hash="66-BB-6E-07-FF-91-32-12-01-E6-20-0A-F4-60-29-D0-4C-4E-4E-4A">
      <ModulePath>C:\Program Files\dotnet\sdk\2.1.0-preview1-007012\Microsoft.Build.Tasks.Core.dll</ModulePath>
      <ModuleTime>2017-08-04T21:50:30Z</ModuleTime>
      <ModuleName>Microsoft.Build.Tasks.Core</ModuleName>
      <Classes />
    </Module>
    <Module skippedDueTo="Filter" hash="B7-4B-C6-1D-F9-6B-F7-50-81-1B-F8-A2-2A-14-73-05-83-6E-B1-DE">
      <ModulePath>C:\Program Files\dotnet\sdk\2.1.0-preview1-007012\Microsoft.TestPlatform.Build.dll</ModulePath>
      <ModuleTime>2017-08-04T21:50:32Z</ModuleTime>
      <ModuleName>Microsoft.TestPlatform.Build</ModuleName>
      <Classes />
    </Module>
    <Module skippedDueTo="Filter" hash="50-B7-0E-CE-03-26-1D-99-C0-19-0F-7E-AB-AB-7A-52-3C-23-2D-95">
      <ModulePath>C:\Program Files\dotnet\shared\Microsoft.NETCore.App\2.0.0\System.Threading.ThreadPool.dll</ModulePath>
      <ModuleTime>2017-07-20T21:22:08Z</ModuleTime>
      <ModuleName>System.Threading.ThreadPool</ModuleName>
      <Classes />
    </Module>
    <Module skippedDueTo="Filter" hash="7F-86-D1-E6-14-45-A7-32-BF-F5-26-4C-B3-4B-72-A0-1B-F2-EF-62">
      <ModulePath>C:\Program Files\dotnet\shared\Microsoft.NETCore.App\2.0.0\System.Runtime.Loader.dll</ModulePath>
      <ModuleTime>2017-07-20T21:22:08Z</ModuleTime>
      <ModuleName>System.Runtime.Loader</ModuleName>
      <Classes />
    </Module>
    <Module skippedDueTo="Filter" hash="85-74-21-EC-76-BB-C4-A6-3A-AE-CE-60-C8-82-FC-E5-4F-88-33-73">
      <ModulePath>C:\Program Files\dotnet\shared\Microsoft.NETCore.App\2.0.0\System.Diagnostics.Tools.dll</ModulePath>
      <ModuleTime>2017-07-20T21:22:06Z</ModuleTime>
      <ModuleName>System.Diagnostics.Tools</ModuleName>
      <Classes />
    </Module>
    <Module skippedDueTo="Filter" hash="7C-2E-A3-19-34-94-ED-B0-40-6C-40-55-21-82-F9-2E-A4-9E-FB-C3">
      <ModulePath>C:\Program Files\dotnet\sdk\2.1.0-preview1-007012\Sdks\Microsoft.NET.Sdk\build\..\tools\netcoreapp1.0/Microsoft.NET.Build.Tasks.dll</ModulePath>
      <ModuleTime>2017-08-04T21:50:32Z</ModuleTime>
      <ModuleName>Microsoft.NET.Build.Tasks</ModuleName>
      <Classes />
    </Module>
    <Module skippedDueTo="Filter" hash="AB-3C-81-B8-F6-36-BB-7C-8D-F5-C8-0A-7F-23-6E-13-4F-0E-D5-62">
      <ModulePath>C:\Program Files\dotnet\shared\Microsoft.NETCore.App\2.0.0\System.Diagnostics.Debug.dll</ModulePath>
      <ModuleTime>2017-07-20T21:22:06Z</ModuleTime>
      <ModuleName>System.Diagnostics.Debug</ModuleName>
      <Classes />
    </Module>
    <Module skippedDueTo="Filter" hash="EE-F7-12-04-F9-F9-02-18-2C-FA-A5-20-0B-E5-40-DC-C9-BA-47-4F">
      <ModulePath>C:\Program Files\dotnet\shared\Microsoft.NETCore.App\2.0.0\System.IO.Compression.dll</ModulePath>
      <ModuleTime>2017-07-20T21:22:06Z</ModuleTime>
      <ModuleName>System.IO.Compression</ModuleName>
      <Classes />
    </Module>
    <Module skippedDueTo="Filter" hash="CD-43-5A-53-5F-46-5A-61-F0-49-BE-B7-F3-EA-0F-20-AD-1A-8D-C6">
      <ModulePath>C:\Program Files\dotnet\shared\Microsoft.NETCore.App\2.0.0\System.Buffers.dll</ModulePath>
      <ModuleTime>2017-07-20T21:22:06Z</ModuleTime>
      <ModuleName>System.Buffers</ModuleName>
      <Classes />
    </Module>
    <Module skippedDueTo="Filter" hash="7D-10-70-12-3C-3E-93-D7-2D-7D-A7-3F-74-57-45-36-74-9E-8C-D4">
      <ModulePath>C:\Program Files\dotnet\sdk\2.1.0-preview1-007012\NuGet.ProjectModel.dll</ModulePath>
      <ModuleTime>2017-08-04T21:50:32Z</ModuleTime>
      <ModuleName>NuGet.ProjectModel</ModuleName>
      <Classes />
    </Module>
    <Module skippedDueTo="Filter" hash="CD-6B-BC-AF-EF-21-6A-54-B4-B0-81-FD-3E-17-A9-EA-BA-D0-23-3D">
      <ModulePath>C:\Program Files\dotnet\shared\Microsoft.NETCore.App\2.0.0\System.Net.Http.dll</ModulePath>
      <ModuleTime>2017-07-20T21:22:06Z</ModuleTime>
      <ModuleName>System.Net.Http</ModuleName>
      <Classes />
    </Module>
    <Module skippedDueTo="Filter" hash="19-E1-0D-C0-37-72-5B-D1-44-5F-6F-24-2D-CF-75-3A-FB-26-17-90">
      <ModulePath>C:\Program Files\dotnet\sdk\2.1.0-preview1-007012\NuGet.Common.dll</ModulePath>
      <ModuleTime>2017-08-04T21:50:32Z</ModuleTime>
      <ModuleName>NuGet.Common</ModuleName>
      <Classes />
    </Module>
    <Module skippedDueTo="Filter" hash="5F-EC-41-41-AB-49-88-F8-F1-2A-13-23-4A-59-C7-E1-C4-B9-7B-57">
      <ModulePath>C:\Program Files\dotnet\shared\Microsoft.NETCore.App\2.0.0\System.Net.Primitives.dll</ModulePath>
      <ModuleTime>2017-07-20T21:22:08Z</ModuleTime>
      <ModuleName>System.Net.Primitives</ModuleName>
      <Classes />
    </Module>
    <Module skippedDueTo="Filter" hash="49-4A-CE-15-2B-33-5B-9D-D0-5E-FB-B8-2D-A5-34-2B-C1-1F-DA-E3">
      <ModulePath>C:\Program Files\dotnet\sdk\2.1.0-preview1-007012\Newtonsoft.Json.dll</ModulePath>
      <ModuleTime>2017-08-04T21:44:56Z</ModuleTime>
      <ModuleName>Newtonsoft.Json</ModuleName>
      <Classes />
    </Module>
    <Module skippedDueTo="Filter" hash="7A-DB-D3-5C-EB-1E-6E-FF-8F-C6-E5-82-86-2B-77-2E-B1-DE-36-21">
      <ModulePath>C:\Program Files\dotnet\shared\Microsoft.NETCore.App\2.0.0\System.Dynamic.Runtime.dll</ModulePath>
      <ModuleTime>2017-07-20T21:22:06Z</ModuleTime>
      <ModuleName>System.Dynamic.Runtime</ModuleName>
      <Classes />
    </Module>
    <Module skippedDueTo="Filter" hash="83-02-2F-5B-C7-1D-94-96-BC-75-A7-ED-DA-57-BA-A5-FB-E7-6F-1B">
      <ModulePath>C:\Program Files\dotnet\shared\Microsoft.NETCore.App\2.0.0\System.Linq.Expressions.dll</ModulePath>
      <ModuleTime>2017-07-20T21:22:06Z</ModuleTime>
      <ModuleName>System.Linq.Expressions</ModuleName>
      <Classes />
    </Module>
    <Module skippedDueTo="Filter" hash="AE-65-E4-FB-FE-67-FA-05-AA-9C-A5-D5-B0-AF-33-CC-AF-92-9B-35">
      <ModulePath>C:\Program Files\dotnet\shared\Microsoft.NETCore.App\2.0.0\System.Diagnostics.DiagnosticSource.dll</ModulePath>
      <ModuleTime>2017-07-20T21:22:06Z</ModuleTime>
      <ModuleName>System.Diagnostics.DiagnosticSource</ModuleName>
      <Classes />
    </Module>
    <Module skippedDueTo="Filter" hash="94-15-48-19-F1-3C-5A-72-8C-BC-69-73-B7-42-21-90-E4-5A-A9-B9">
      <ModulePath>C:\Program Files\dotnet\shared\Microsoft.NETCore.App\2.0.0\System.Security.Cryptography.X509Certificates.dll</ModulePath>
      <ModuleTime>2017-07-20T21:22:08Z</ModuleTime>
      <ModuleName>System.Security.Cryptography.X509Certificates</ModuleName>
      <Classes />
    </Module>
    <Module skippedDueTo="Filter" hash="19-10-D1-11-7F-B1-E6-7E-05-DB-E0-2F-8B-EF-F5-E3-19-FB-95-BD">
      <ModulePath>C:\Program Files\dotnet\sdk\2.1.0-preview1-007012\NuGet.Versioning.dll</ModulePath>
      <ModuleTime>2017-08-04T21:50:32Z</ModuleTime>
      <ModuleName>NuGet.Versioning</ModuleName>
      <Classes />
    </Module>
    <Module skippedDueTo="Filter" hash="05-F8-CB-E1-A7-6D-13-39-D8-EF-0D-65-2E-C9-06-9A-35-62-9A-31">
      <ModulePath>C:\Program Files\dotnet\sdk\2.1.0-preview1-007012\NuGet.Packaging.Core.dll</ModulePath>
      <ModuleTime>2017-08-04T21:50:32Z</ModuleTime>
      <ModuleName>NuGet.Packaging.Core</ModuleName>
      <Classes />
    </Module>
    <Module skippedDueTo="Filter" hash="19-A6-97-EE-6A-16-4E-2B-F1-0C-8A-86-D0-31-99-A4-1C-BD-81-C0">
      <ModulePath>C:\Program Files\dotnet\sdk\2.1.0-preview1-007012\NuGet.LibraryModel.dll</ModulePath>
      <ModuleTime>2017-08-04T21:50:32Z</ModuleTime>
      <ModuleName>NuGet.LibraryModel</ModuleName>
      <Classes />
    </Module>
    <Module skippedDueTo="Filter" hash="C9-BE-DA-A7-FE-B7-EB-C3-FC-12-FE-4A-E9-D2-E0-BD-BE-44-BD-AC">
      <ModulePath>C:\Program Files\dotnet\sdk\2.1.0-preview1-007012\NuGet.Packaging.dll</ModulePath>
      <ModuleTime>2017-08-04T21:50:32Z</ModuleTime>
      <ModuleName>NuGet.Packaging</ModuleName>
      <Classes />
    </Module>
    <Module skippedDueTo="Filter" hash="CC-8C-F1-82-EF-5C-AE-E2-95-06-98-BD-8C-15-C5-89-C1-62-6A-8A">
      <ModulePath>C:\Program Files\dotnet\sdk\2.1.0-preview1-007012\NuGet.Configuration.dll</ModulePath>
      <ModuleTime>2017-08-04T21:50:32Z</ModuleTime>
      <ModuleName>NuGet.Configuration</ModuleName>
      <Classes />
    </Module>
    <Module skippedDueTo="Filter" hash="A0-72-53-FA-36-18-FB-FB-F8-17-22-67-D9-37-D8-0C-48-8C-D2-DE">
      <ModulePath>C:\Program Files\dotnet\shared\Microsoft.NETCore.App\2.0.0\System.Reflection.Metadata.dll</ModulePath>
      <ModuleTime>2017-07-20T21:22:08Z</ModuleTime>
      <ModuleName>System.Reflection.Metadata</ModuleName>
      <Classes />
    </Module>
    <Module skippedDueTo="Filter" hash="92-D8-BD-43-1E-47-8E-28-0A-44-C7-08-44-82-19-58-5E-AD-35-C9">
      <ModulePath>C:\Program Files\dotnet\shared\Microsoft.NETCore.App\2.0.0\System.IO.MemoryMappedFiles.dll</ModulePath>
      <ModuleTime>2017-07-20T21:22:06Z</ModuleTime>
      <ModuleName>System.IO.MemoryMappedFiles</ModuleName>
      <Classes />
    </Module>
    <Module skippedDueTo="Filter" hash="4A-A7-1B-F9-82-23-CE-E0-0A-25-DE-2E-2C-14-7D-95-94-4F-B2-5F">
      <ModulePath>C:\Program Files\dotnet\sdk\2.1.0-preview1-007012\Roslyn\Microsoft.Build.Tasks.CodeAnalysis.dll</ModulePath>
      <ModuleTime>2017-08-04T21:50:30Z</ModuleTime>
      <ModuleName>Microsoft.Build.Tasks.CodeAnalysis</ModuleName>
      <Classes />
    </Module>
    <Module skippedDueTo="Filter" hash="10-5F-52-1E-AE-ED-C8-AC-46-9C-6B-23-CA-AD-10-67-C9-96-30-2F">
      <ModulePath>C:\Program Files\dotnet\shared\Microsoft.NETCore.App\2.0.0\System.Threading.Timer.dll</ModulePath>
      <ModuleTime>2017-07-20T21:22:08Z</ModuleTime>
      <ModuleName>System.Threading.Timer</ModuleName>
      <Classes />
    </Module>
    <Module skippedDueTo="Filter" hash="2F-88-A9-BB-B6-16-36-10-AC-73-83-54-44-F5-17-12-E0-9F-03-28">
      <ModulePath>C:\Program Files\dotnet\shared\Microsoft.NETCore.App\2.0.0\System.Private.CoreLib.dll</ModulePath>
      <ModuleTime>2017-07-20T21:22:08Z</ModuleTime>
      <ModuleName>System.Private.CoreLib</ModuleName>
      <Classes />
    </Module>
    <Module skippedDueTo="Filter" hash="F2-9A-98-28-B5-20-06-13-E3-29-44-2E-D4-74-3B-CB-FB-4F-9B-BF">
      <ModulePath>C:\Program Files\dotnet\sdk\2.1.0-preview1-007012\Roslyn\csc.exe</ModulePath>
      <ModuleTime>2017-08-04T21:50:30Z</ModuleTime>
      <ModuleName>csc</ModuleName>
      <Classes />
    </Module>
    <Module skippedDueTo="Filter" hash="B1-9D-98-DD-3C-A1-89-69-AC-7E-F1-16-E9-88-3F-F4-4C-77-AB-38">
      <ModulePath>C:\Program Files\dotnet\shared\Microsoft.NETCore.App\2.0.0\System.Runtime.dll</ModulePath>
      <ModuleTime>2017-07-20T21:22:08Z</ModuleTime>
      <ModuleName>System.Runtime</ModuleName>
      <Classes />
    </Module>
    <Module skippedDueTo="Filter" hash="21-E8-8B-D5-7A-A0-12-69-DD-60-14-8B-E3-88-C5-30-BC-49-BF-5C">
      <ModulePath>C:\Program Files\dotnet\sdk\2.1.0-preview1-007012\Roslyn\Microsoft.CodeAnalysis.CSharp.dll</ModulePath>
      <ModuleTime>2017-08-04T21:50:30Z</ModuleTime>
      <ModuleName>Microsoft.CodeAnalysis.CSharp</ModuleName>
      <Classes />
    </Module>
    <Module skippedDueTo="Filter" hash="C4-BC-42-8E-92-67-03-17-67-7C-84-F5-D4-97-DD-0B-3F-0D-3C-9D">
      <ModulePath>C:\Program Files\dotnet\sdk\2.1.0-preview1-007012\Roslyn\Microsoft.CodeAnalysis.dll</ModulePath>
      <ModuleTime>2017-08-04T21:50:30Z</ModuleTime>
      <ModuleName>Microsoft.CodeAnalysis</ModuleName>
      <Classes />
    </Module>
    <Module skippedDueTo="Filter" hash="2D-70-CB-62-DA-FC-A2-6C-E4-9F-F1-DB-4C-3B-9A-34-20-80-E4-06">
      <ModulePath>C:\Program Files\dotnet\shared\Microsoft.NETCore.App\2.0.0\System.IO.dll</ModulePath>
      <ModuleTime>2017-07-20T21:22:06Z</ModuleTime>
      <ModuleName>System.IO</ModuleName>
      <Classes />
    </Module>
    <Module skippedDueTo="Filter" hash="3C-7A-96-F0-F0-0A-AB-CF-4A-F1-7F-84-AD-D1-CC-8A-89-FB-43-30">
      <ModulePath>C:\Program Files\dotnet\shared\Microsoft.NETCore.App\2.0.0\System.Runtime.Extensions.dll</ModulePath>
      <ModuleTime>2017-07-20T21:22:08Z</ModuleTime>
      <ModuleName>System.Runtime.Extensions</ModuleName>
      <Classes />
    </Module>
    <Module skippedDueTo="Filter" hash="EF-01-0C-C7-04-7B-55-8E-E4-3A-33-93-09-C2-FB-42-94-A0-43-B7">
      <ModulePath>C:\Program Files\dotnet\shared\Microsoft.NETCore.App\2.0.0\System.Threading.Tasks.dll</ModulePath>
      <ModuleTime>2017-07-20T21:22:08Z</ModuleTime>
      <ModuleName>System.Threading.Tasks</ModuleName>
      <Classes />
    </Module>
    <Module skippedDueTo="Filter" hash="B1-F6-FE-F4-3D-92-32-23-15-F5-F7-C9-04-1B-F8-AD-AF-D2-E4-C6">
      <ModulePath>C:\Program Files\dotnet\shared\Microsoft.NETCore.App\2.0.0\System.Collections.Immutable.dll</ModulePath>
      <ModuleTime>2017-07-20T21:22:06Z</ModuleTime>
      <ModuleName>System.Collections.Immutable</ModuleName>
      <Classes />
    </Module>
    <Module skippedDueTo="Filter" hash="F6-9B-26-AA-03-02-E2-D8-6A-A8-43-4E-56-E5-60-DE-59-F9-52-D2">
      <ModulePath>C:\Program Files\dotnet\shared\Microsoft.NETCore.App\2.0.0\System.Collections.dll</ModulePath>
      <ModuleTime>2017-07-20T21:22:06Z</ModuleTime>
      <ModuleName>System.Collections</ModuleName>
      <Classes />
    </Module>
    <Module skippedDueTo="Filter" hash="4B-FD-ED-2B-FD-64-62-B8-B2-DB-A9-BF-A7-83-52-49-14-EF-9B-3E">
      <ModulePath>C:\Program Files\dotnet\sdk\2.1.0-preview1-007012\Roslyn\runtimes\win\lib\netstandard1.3\System.Text.Encoding.CodePages.dll</ModulePath>
      <ModuleTime>2017-08-04T21:50:34Z</ModuleTime>
      <ModuleName>System.Text.Encoding.CodePages</ModuleName>
      <Classes />
    </Module>
    <Module skippedDueTo="Filter" hash="71-55-8B-F9-57-BC-B0-34-9A-F8-A2-C8-58-A4-C7-74-EC-A4-CD-9C">
      <ModulePath>C:\Program Files\dotnet\shared\Microsoft.NETCore.App\2.0.0\System.Text.Encoding.dll</ModulePath>
      <ModuleTime>2017-07-20T21:22:08Z</ModuleTime>
      <ModuleName>System.Text.Encoding</ModuleName>
      <Classes />
    </Module>
    <Module skippedDueTo="Filter" hash="A9-35-05-17-48-B6-02-2A-7D-91-FC-4B-90-29-11-57-7E-06-AC-62">
      <ModulePath>C:\Program Files\dotnet\shared\Microsoft.NETCore.App\2.0.0\System.AppContext.dll</ModulePath>
      <ModuleTime>2017-07-20T21:22:06Z</ModuleTime>
      <ModuleName>System.AppContext</ModuleName>
      <Classes />
    </Module>
    <Module skippedDueTo="Filter" hash="89-70-E9-C9-2D-15-5F-35-A4-A6-47-48-86-2C-E8-14-EC-34-B9-9F">
      <ModulePath>C:\Program Files\dotnet\shared\Microsoft.NETCore.App\2.0.0\System.IO.FileSystem.dll</ModulePath>
      <ModuleTime>2017-07-20T21:22:06Z</ModuleTime>
      <ModuleName>System.IO.FileSystem</ModuleName>
      <Classes />
    </Module>
    <Module skippedDueTo="Filter" hash="EB-18-C3-43-11-91-EB-51-F0-4E-50-91-DE-EC-A3-6F-E7-CE-D9-3E">
      <ModulePath>C:\Program Files\dotnet\shared\Microsoft.NETCore.App\2.0.0\System.Threading.dll</ModulePath>
      <ModuleTime>2017-07-20T21:22:08Z</ModuleTime>
      <ModuleName>System.Threading</ModuleName>
      <Classes />
    </Module>
    <Module skippedDueTo="Filter" hash="80-F3-31-87-AA-BE-F0-08-E2-C4-7C-2D-76-97-05-5F-96-6C-E3-CE">
      <ModulePath>C:\Program Files\dotnet\shared\Microsoft.NETCore.App\2.0.0\System.Linq.dll</ModulePath>
      <ModuleTime>2017-07-20T21:22:06Z</ModuleTime>
      <ModuleName>System.Linq</ModuleName>
      <Classes />
    </Module>
    <Module skippedDueTo="Filter" hash="4B-B8-F7-36-81-46-46-AC-52-E9-F6-F0-10-B0-D4-A7-39-49-E6-A5">
      <ModulePath>C:\Program Files\dotnet\shared\Microsoft.NETCore.App\2.0.0\System.Console.dll</ModulePath>
      <ModuleTime>2017-07-20T21:22:06Z</ModuleTime>
      <ModuleName>System.Console</ModuleName>
      <Classes />
    </Module>
    <Module skippedDueTo="Filter" hash="24-D5-33-36-52-51-67-A0-24-3D-22-95-32-23-DA-6D-B4-16-CD-CB">
      <ModulePath>C:\Program Files\dotnet\shared\Microsoft.NETCore.App\2.0.0\System.Reflection.dll</ModulePath>
      <ModuleTime>2017-07-20T21:22:08Z</ModuleTime>
      <ModuleName>System.Reflection</ModuleName>
      <Classes />
    </Module>
    <Module skippedDueTo="Filter" hash="42-05-10-61-0A-00-05-FA-1F-EB-04-C9-F9-DD-2C-D4-89-87-3F-B1">
      <ModulePath>C:\Program Files\dotnet\shared\Microsoft.NETCore.App\2.0.0\System.Runtime.InteropServices.dll</ModulePath>
      <ModuleTime>2017-07-20T21:22:08Z</ModuleTime>
      <ModuleName>System.Runtime.InteropServices</ModuleName>
      <Classes />
    </Module>
    <Module skippedDueTo="Filter" hash="76-A3-0C-AD-28-11-DC-81-BA-2D-4B-C3-06-E4-74-7F-83-3A-B3-DF">
      <ModulePath>C:\Program Files\dotnet\shared\Microsoft.NETCore.App\2.0.0\System.Runtime.Handles.dll</ModulePath>
      <ModuleTime>2017-07-20T21:22:08Z</ModuleTime>
      <ModuleName>System.Runtime.Handles</ModuleName>
      <Classes />
    </Module>
    <Module skippedDueTo="Filter" hash="7F-86-D1-E6-14-45-A7-32-BF-F5-26-4C-B3-4B-72-A0-1B-F2-EF-62">
      <ModulePath>C:\Program Files\dotnet\shared\Microsoft.NETCore.App\2.0.0\System.Runtime.Loader.dll</ModulePath>
      <ModuleTime>2017-07-20T21:22:08Z</ModuleTime>
      <ModuleName>System.Runtime.Loader</ModuleName>
      <Classes />
    </Module>
    <Module skippedDueTo="Filter" hash="E6-69-68-08-E2-62-0F-85-F0-BE-8F-4D-51-D1-88-8E-81-FD-73-0B">
      <ModulePath>C:\Program Files\dotnet\shared\Microsoft.NETCore.App\2.0.0\System.Globalization.dll</ModulePath>
      <ModuleTime>2017-07-20T21:22:06Z</ModuleTime>
      <ModuleName>System.Globalization</ModuleName>
      <Classes />
    </Module>
    <Module skippedDueTo="Filter" hash="A0-72-53-FA-36-18-FB-FB-F8-17-22-67-D9-37-D8-0C-48-8C-D2-DE">
      <ModulePath>C:\Program Files\dotnet\shared\Microsoft.NETCore.App\2.0.0\System.Reflection.Metadata.dll</ModulePath>
      <ModuleTime>2017-07-20T21:22:08Z</ModuleTime>
      <ModuleName>System.Reflection.Metadata</ModuleName>
      <Classes />
    </Module>
    <Module skippedDueTo="Filter" hash="2A-C9-25-F3-D5-15-6C-B1-09-A6-1F-DA-0F-51-0B-96-DE-24-F6-E0">
      <ModulePath>C:\Program Files\dotnet\shared\Microsoft.NETCore.App\2.0.0\System.IO.FileSystem.Primitives.dll</ModulePath>
      <ModuleTime>2017-07-20T21:22:06Z</ModuleTime>
      <ModuleName>System.IO.FileSystem.Primitives</ModuleName>
      <Classes />
    </Module>
    <Module skippedDueTo="Filter" hash="8B-99-E8-F0-CD-95-95-B0-68-10-D4-3A-CB-A1-0A-BE-38-66-BE-13">
      <ModulePath>C:\Program Files\dotnet\shared\Microsoft.NETCore.App\2.0.0\System.Collections.Concurrent.dll</ModulePath>
      <ModuleTime>2017-07-20T21:22:06Z</ModuleTime>
      <ModuleName>System.Collections.Concurrent</ModuleName>
      <Classes />
    </Module>
    <Module skippedDueTo="Filter" hash="D3-F6-1A-F1-57-F1-04-F9-6E-11-BB-94-3E-86-F5-C3-6D-06-04-E2">
      <ModulePath>C:\Program Files\dotnet\shared\Microsoft.NETCore.App\2.0.0\System.Text.Encoding.Extensions.dll</ModulePath>
      <ModuleTime>2017-07-20T21:22:08Z</ModuleTime>
      <ModuleName>System.Text.Encoding.Extensions</ModuleName>
      <Classes />
    </Module>
    <Module skippedDueTo="Filter" hash="B6-68-A5-33-5F-47-41-2E-78-DB-6D-8D-D5-0F-D8-CB-6B-B6-06-CA">
      <ModulePath>C:\Program Files\dotnet\shared\Microsoft.NETCore.App\2.0.0\System.ValueTuple.dll</ModulePath>
      <ModuleTime>2017-07-20T21:22:08Z</ModuleTime>
      <ModuleName>System.ValueTuple</ModuleName>
      <Classes />
    </Module>
    <Module skippedDueTo="Filter" hash="B6-FC-94-10-86-08-B9-90-E1-BD-00-CD-34-8B-10-C2-1A-3F-8A-71">
      <ModulePath>C:\Program Files\dotnet\shared\Microsoft.NETCore.App\2.0.0\System.Threading.Tasks.Parallel.dll</ModulePath>
      <ModuleTime>2017-07-20T21:22:08Z</ModuleTime>
      <ModuleName>System.Threading.Tasks.Parallel</ModuleName>
      <Classes />
    </Module>
    <Module skippedDueTo="Filter" hash="A0-2C-E4-67-65-31-2F-52-34-BE-1B-B5-8E-F0-03-96-33-5C-4A-E3">
      <ModulePath>C:\Program Files\dotnet\shared\Microsoft.NETCore.App\2.0.0\System.Diagnostics.Tracing.dll</ModulePath>
      <ModuleTime>2017-07-20T21:22:06Z</ModuleTime>
      <ModuleName>System.Diagnostics.Tracing</ModuleName>
      <Classes />
    </Module>
    <Module skippedDueTo="Filter" hash="C9-B1-4A-54-97-4E-1E-D7-82-8B-E9-17-E9-56-A6-83-32-BF-A1-41">
      <ModulePath>C:\Program Files\dotnet\shared\Microsoft.NETCore.App\2.0.0\System.Security.Cryptography.Primitives.dll</ModulePath>
      <ModuleTime>2017-07-20T21:22:08Z</ModuleTime>
      <ModuleName>System.Security.Cryptography.Primitives</ModuleName>
      <Classes />
    </Module>
    <Module skippedDueTo="Filter" hash="1D-2D-98-E4-A2-F2-43-8E-21-6C-72-DF-A8-3D-26-3C-24-D6-D9-12">
      <ModulePath>C:\Program Files\dotnet\shared\Microsoft.NETCore.App\2.0.0\System.Security.Cryptography.Algorithms.dll</ModulePath>
      <ModuleTime>2017-07-20T21:22:08Z</ModuleTime>
      <ModuleName>System.Security.Cryptography.Algorithms</ModuleName>
      <Classes />
    </Module>
    <Module skippedDueTo="Filter" hash="52-C8-E5-3A-B2-32-4A-17-18-33-8B-13-C2-3A-53-6D-EC-77-D9-9A">
      <ModulePath>C:\Program Files\dotnet\shared\Microsoft.NETCore.App\2.0.0\System.Reflection.Primitives.dll</ModulePath>
      <ModuleTime>2017-07-20T21:22:08Z</ModuleTime>
      <ModuleName>System.Reflection.Primitives</ModuleName>
      <Classes />
    </Module>
    <Module skippedDueTo="Filter" hash="51-10-F7-1F-A8-58-D2-3F-13-F2-1F-A4-2B-DB-9D-D6-E2-C1-35-BB">
      <ModulePath>C:\Program Files\dotnet\shared\Microsoft.NETCore.App\2.0.0\System.Runtime.Numerics.dll</ModulePath>
      <ModuleTime>2017-07-20T21:22:08Z</ModuleTime>
      <ModuleName>System.Runtime.Numerics</ModuleName>
      <Classes />
    </Module>
    <Module skippedDueTo="Filter" hash="C0-EF-0E-E4-3D-75-14-14-17-FC-C3-36-A0-F2-8E-CA-DD-F7-E9-CD">
      <ModulePath>C:\Program Files\dotnet\sdk\2.1.0-preview1-007012\Microsoft.Extensions.DependencyModel.dll</ModulePath>
      <ModuleTime>2017-08-04T21:50:32Z</ModuleTime>
      <ModuleName>Microsoft.Extensions.DependencyModel</ModuleName>
      <Classes />
    </Module>
    <Module skippedDueTo="Filter" hash="2A-EC-2D-C2-93-1A-04-B6-A8-6B-5A-40-55-91-84-77-18-98-42-C2">
      <ModulePath>C:\Program Files\dotnet\shared\Microsoft.NETCore.App\2.0.0\System.Runtime.Serialization.Primitives.dll</ModulePath>
      <ModuleTime>2017-07-20T21:22:08Z</ModuleTime>
      <ModuleName>System.Runtime.Serialization.Primitives</ModuleName>
      <Classes />
    </Module>
    <Module skippedDueTo="Filter" hash="57-1D-48-78-C3-EF-FA-88-05-99-26-BA-4E-FB-19-12-DE-13-1F-28">
      <ModulePath>C:\Program Files\dotnet\shared\Microsoft.NETCore.App\2.0.0\System.Reflection.Emit.ILGeneration.dll</ModulePath>
      <ModuleTime>2017-07-20T21:22:08Z</ModuleTime>
      <ModuleName>System.Reflection.Emit.ILGeneration</ModuleName>
      <Classes />
    </Module>
    <Module skippedDueTo="Filter" hash="00-52-F9-D2-A8-8A-13-20-73-C8-8A-41-F2-30-C8-64-C6-E5-66-80">
      <ModulePath>C:\Program Files\dotnet\shared\Microsoft.NETCore.App\2.0.0\System.Reflection.Emit.Lightweight.dll</ModulePath>
      <ModuleTime>2017-07-20T21:22:08Z</ModuleTime>
      <ModuleName>System.Reflection.Emit.Lightweight</ModuleName>
      <Classes />
    </Module>
    <Module skippedDueTo="Filter" hash="">
      <ModulePath>RefEmit_InMemoryManifestModule</ModulePath>
      <ModuleTime>0001-01-01T00:00:00</ModuleTime>
      <ModuleName>Anonymously Hosted DynamicMethods Assembly</ModuleName>
      <Classes />
    </Module>
    <Module skippedDueTo="Filter" hash="2F-88-A9-BB-B6-16-36-10-AC-73-83-54-44-F5-17-12-E0-9F-03-28">
      <ModulePath>C:\Program Files\dotnet\shared\Microsoft.NETCore.App\2.0.0\System.Private.CoreLib.dll</ModulePath>
      <ModuleTime>2017-07-20T21:22:08Z</ModuleTime>
      <ModuleName>System.Private.CoreLib</ModuleName>
      <Classes />
    </Module>
    <Module skippedDueTo="Filter" hash="2D-86-38-60-30-7C-77-BE-12-D9-50-EC-E9-4F-77-FA-25-D0-68-E6">
      <ModulePath>C:\Program Files\dotnet\sdk\2.1.0-preview1-007012\vstest.console.dll</ModulePath>
      <ModuleTime>2017-08-04T21:50:34Z</ModuleTime>
      <ModuleName>vstest.console</ModuleName>
      <Classes />
    </Module>
    <Module skippedDueTo="Filter" hash="B1-9D-98-DD-3C-A1-89-69-AC-7E-F1-16-E9-88-3F-F4-4C-77-AB-38">
      <ModulePath>C:\Program Files\dotnet\shared\Microsoft.NETCore.App\2.0.0\System.Runtime.dll</ModulePath>
      <ModuleTime>2017-07-20T21:22:08Z</ModuleTime>
      <ModuleName>System.Runtime</ModuleName>
      <Classes />
    </Module>
    <Module skippedDueTo="Filter" hash="FC-3C-06-92-27-2F-A4-9A-88-10-A8-D7-D9-4C-F9-6C-4A-03-30-75">
      <ModulePath>C:\Program Files\dotnet\sdk\2.1.0-preview1-007012\Microsoft.TestPlatform.CoreUtilities.dll</ModulePath>
      <ModuleTime>2017-08-04T21:50:32Z</ModuleTime>
      <ModuleName>Microsoft.TestPlatform.CoreUtilities</ModuleName>
      <Classes />
    </Module>
    <Module skippedDueTo="Filter" hash="3C-7A-96-F0-F0-0A-AB-CF-4A-F1-7F-84-AD-D1-CC-8A-89-FB-43-30">
      <ModulePath>C:\Program Files\dotnet\shared\Microsoft.NETCore.App\2.0.0\System.Runtime.Extensions.dll</ModulePath>
      <ModuleTime>2017-07-20T21:22:08Z</ModuleTime>
      <ModuleName>System.Runtime.Extensions</ModuleName>
      <Classes />
    </Module>
    <Module skippedDueTo="Filter" hash="EB-18-C3-43-11-91-EB-51-F0-4E-50-91-DE-EC-A3-6F-E7-CE-D9-3E">
      <ModulePath>C:\Program Files\dotnet\shared\Microsoft.NETCore.App\2.0.0\System.Threading.dll</ModulePath>
      <ModuleTime>2017-07-20T21:22:08Z</ModuleTime>
      <ModuleName>System.Threading</ModuleName>
      <Classes />
    </Module>
    <Module skippedDueTo="Filter" hash="4B-B8-F7-36-81-46-46-AC-52-E9-F6-F0-10-B0-D4-A7-39-49-E6-A5">
      <ModulePath>C:\Program Files\dotnet\shared\Microsoft.NETCore.App\2.0.0\System.Console.dll</ModulePath>
      <ModuleTime>2017-07-20T21:22:06Z</ModuleTime>
      <ModuleName>System.Console</ModuleName>
      <Classes />
    </Module>
    <Module skippedDueTo="Filter" hash="2D-70-CB-62-DA-FC-A2-6C-E4-9F-F1-DB-4C-3B-9A-34-20-80-E4-06">
      <ModulePath>C:\Program Files\dotnet\shared\Microsoft.NETCore.App\2.0.0\System.IO.dll</ModulePath>
      <ModuleTime>2017-07-20T21:22:06Z</ModuleTime>
      <ModuleName>System.IO</ModuleName>
      <Classes />
    </Module>
    <Module skippedDueTo="Filter" hash="A0-2C-E4-67-65-31-2F-52-34-BE-1B-B5-8E-F0-03-96-33-5C-4A-E3">
      <ModulePath>C:\Program Files\dotnet\shared\Microsoft.NETCore.App\2.0.0\System.Diagnostics.Tracing.dll</ModulePath>
      <ModuleTime>2017-07-20T21:22:06Z</ModuleTime>
      <ModuleName>System.Diagnostics.Tracing</ModuleName>
      <Classes />
    </Module>
    <Module skippedDueTo="Filter" hash="F6-9B-26-AA-03-02-E2-D8-6A-A8-43-4E-56-E5-60-DE-59-F9-52-D2">
      <ModulePath>C:\Program Files\dotnet\shared\Microsoft.NETCore.App\2.0.0\System.Collections.dll</ModulePath>
      <ModuleTime>2017-07-20T21:22:06Z</ModuleTime>
      <ModuleName>System.Collections</ModuleName>
      <Classes />
    </Module>
    <Module skippedDueTo="Filter" hash="80-F3-31-87-AA-BE-F0-08-E2-C4-7C-2D-76-97-05-5F-96-6C-E3-CE">
      <ModulePath>C:\Program Files\dotnet\shared\Microsoft.NETCore.App\2.0.0\System.Linq.dll</ModulePath>
      <ModuleTime>2017-07-20T21:22:06Z</ModuleTime>
      <ModuleName>System.Linq</ModuleName>
      <Classes />
    </Module>
    <Module skippedDueTo="Filter" hash="EF-A8-BF-F4-C5-2B-9C-B8-AA-5B-A1-2A-2F-72-94-EE-9C-28-C1-91">
      <ModulePath>C:\Program Files\dotnet\sdk\2.1.0-preview1-007012\Microsoft.VisualStudio.TestPlatform.ObjectModel.dll</ModulePath>
      <ModuleTime>2017-08-04T21:50:32Z</ModuleTime>
      <ModuleName>Microsoft.VisualStudio.TestPlatform.ObjectModel</ModuleName>
      <Classes />
    </Module>
    <Module skippedDueTo="Filter" hash="42-05-10-61-0A-00-05-FA-1F-EB-04-C9-F9-DD-2C-D4-89-87-3F-B1">
      <ModulePath>C:\Program Files\dotnet\shared\Microsoft.NETCore.App\2.0.0\System.Runtime.InteropServices.dll</ModulePath>
      <ModuleTime>2017-07-20T21:22:08Z</ModuleTime>
      <ModuleName>System.Runtime.InteropServices</ModuleName>
      <Classes />
    </Module>
    <Module skippedDueTo="Filter" hash="3E-2C-80-45-4B-5B-8B-5F-09-84-82-17-AA-7B-43-BF-3F-43-55-D2">
      <ModulePath>C:\Program Files\dotnet\shared\Microsoft.NETCore.App\2.0.0\System.Resources.ResourceManager.dll</ModulePath>
      <ModuleTime>2017-07-20T21:22:08Z</ModuleTime>
      <ModuleName>System.Resources.ResourceManager</ModuleName>
      <Classes />
    </Module>
    <Module skippedDueTo="Filter" hash="2A-C9-25-F3-D5-15-6C-B1-09-A6-1F-DA-0F-51-0B-96-DE-24-F6-E0">
      <ModulePath>C:\Program Files\dotnet\shared\Microsoft.NETCore.App\2.0.0\System.IO.FileSystem.Primitives.dll</ModulePath>
      <ModuleTime>2017-07-20T21:22:06Z</ModuleTime>
      <ModuleName>System.IO.FileSystem.Primitives</ModuleName>
      <Classes />
    </Module>
    <Module skippedDueTo="Filter" hash="89-70-E9-C9-2D-15-5F-35-A4-A6-47-48-86-2C-E8-14-EC-34-B9-9F">
      <ModulePath>C:\Program Files\dotnet\shared\Microsoft.NETCore.App\2.0.0\System.IO.FileSystem.dll</ModulePath>
      <ModuleTime>2017-07-20T21:22:06Z</ModuleTime>
      <ModuleName>System.IO.FileSystem</ModuleName>
      <Classes />
    </Module>
    <Module skippedDueTo="Filter" hash="C6-0F-2D-82-8D-94-0B-82-12-5D-B0-51-CB-7E-3B-DB-0D-01-55-53">
      <ModulePath>C:\Program Files\dotnet\sdk\2.1.0-preview1-007012\Microsoft.VisualStudio.TestPlatform.Common.dll</ModulePath>
      <ModuleTime>2017-08-04T21:50:32Z</ModuleTime>
      <ModuleName>Microsoft.VisualStudio.TestPlatform.Common</ModuleName>
      <Classes />
    </Module>
    <Module skippedDueTo="Filter" hash="37-0A-D8-51-A1-39-EB-D9-CB-10-7C-AE-EF-17-CE-E6-E3-E3-74-92">
      <ModulePath>C:\Program Files\dotnet\sdk\2.1.0-preview1-007012\Microsoft.TestPlatform.PlatformAbstractions.dll</ModulePath>
      <ModuleTime>2017-08-04T21:50:32Z</ModuleTime>
      <ModuleName>Microsoft.TestPlatform.PlatformAbstractions</ModuleName>
      <Classes />
    </Module>
    <Module skippedDueTo="Filter" hash="6D-5A-04-73-28-C9-26-1C-E8-75-84-50-BF-FF-76-AC-5A-9E-28-48">
      <ModulePath>C:\Program Files\dotnet\shared\Microsoft.NETCore.App\2.0.0\System.Runtime.InteropServices.RuntimeInformation.dll</ModulePath>
      <ModuleTime>2017-07-20T21:22:08Z</ModuleTime>
      <ModuleName>System.Runtime.InteropServices.RuntimeInformation</ModuleName>
      <Classes />
    </Module>
    <Module skippedDueTo="Filter" hash="7C-EB-99-71-08-B5-1F-60-CA-48-72-95-5E-DE-E2-5B-79-99-49-4F">
      <ModulePath>C:\Program Files\dotnet\shared\Microsoft.NETCore.App\2.0.0\System.Xml.ReaderWriter.dll</ModulePath>
      <ModuleTime>2017-07-20T21:22:08Z</ModuleTime>
      <ModuleName>System.Xml.ReaderWriter</ModuleName>
      <Classes />
    </Module>
    <Module skippedDueTo="Filter" hash="92-AC-DA-99-81-1A-EB-3D-7D-F3-46-72-13-0A-D3-C6-8A-70-DB-4C">
      <ModulePath>C:\Program Files\dotnet\shared\Microsoft.NETCore.App\2.0.0\System.Private.Xml.dll</ModulePath>
      <ModuleTime>2017-07-20T21:22:08Z</ModuleTime>
      <ModuleName>System.Private.Xml</ModuleName>
      <Classes />
    </Module>
    <Module skippedDueTo="Filter" hash="FA-2B-87-A5-50-E5-4F-A1-C0-7E-53-1F-0B-F1-52-F1-E9-38-1F-38">
      <ModulePath>C:\Program Files\dotnet\shared\Microsoft.NETCore.App\2.0.0\System.Private.Uri.dll</ModulePath>
      <ModuleTime>2017-07-20T21:22:08Z</ModuleTime>
      <ModuleName>System.Private.Uri</ModuleName>
      <Classes />
    </Module>
    <Module skippedDueTo="Filter" hash="00-BE-BA-25-40-FA-29-9F-80-AE-B6-73-79-2A-BB-38-2F-59-BD-91">
      <ModulePath>C:\Program Files\dotnet\sdk\2.1.0-preview1-007012\Microsoft.TestPlatform.Utilities.dll</ModulePath>
      <ModuleTime>2017-08-04T21:50:32Z</ModuleTime>
      <ModuleName>Microsoft.TestPlatform.Utilities</ModuleName>
      <Classes />
    </Module>
    <Module skippedDueTo="Filter" hash="3E-AA-1E-0F-96-3F-C2-DE-65-09-4F-57-7A-FD-7C-52-89-5A-54-25">
      <ModulePath>C:\Program Files\dotnet\shared\Microsoft.NETCore.App\2.0.0\System.Xml.XPath.dll</ModulePath>
      <ModuleTime>2017-07-20T21:22:08Z</ModuleTime>
      <ModuleName>System.Xml.XPath</ModuleName>
      <Classes />
    </Module>
    <Module skippedDueTo="Filter" hash="07-BB-A4-F7-14-EA-9B-B8-F2-17-F9-AC-2B-79-B1-6D-11-72-31-CA">
      <ModulePath>C:\Program Files\dotnet\shared\Microsoft.NETCore.App\2.0.0\System.Diagnostics.TraceSource.dll</ModulePath>
      <ModuleTime>2017-07-20T21:22:06Z</ModuleTime>
      <ModuleName>System.Diagnostics.TraceSource</ModuleName>
      <Classes />
    </Module>
    <Module skippedDueTo="Filter" hash="F7-D7-B4-FC-2C-07-D8-B3-03-0A-2D-EC-2B-24-59-88-4D-A8-9D-6B">
      <ModulePath>C:\Program Files\dotnet\shared\Microsoft.NETCore.App\2.0.0\System.Diagnostics.Process.dll</ModulePath>
      <ModuleTime>2017-07-20T21:22:06Z</ModuleTime>
      <ModuleName>System.Diagnostics.Process</ModuleName>
      <Classes />
    </Module>
    <Module skippedDueTo="Filter" hash="86-5B-86-E2-06-81-2C-73-3B-6D-BC-9C-E7-90-26-27-45-9D-47-99">
      <ModulePath>C:\Program Files\dotnet\shared\Microsoft.NETCore.App\2.0.0\System.ComponentModel.Primitives.dll</ModulePath>
      <ModuleTime>2017-07-20T21:22:06Z</ModuleTime>
      <ModuleName>System.ComponentModel.Primitives</ModuleName>
      <Classes />
    </Module>
    <Module skippedDueTo="Filter" hash="CF-8A-90-C4-AB-10-6A-59-C0-1A-9A-F8-B0-C9-E3-7D-B3-7F-76-A4">
      <ModulePath>C:\Program Files\dotnet\shared\Microsoft.NETCore.App\2.0.0\System.Xml.XmlDocument.dll</ModulePath>
      <ModuleTime>2017-07-20T21:22:08Z</ModuleTime>
      <ModuleName>System.Xml.XmlDocument</ModuleName>
      <Classes />
    </Module>
    <Module skippedDueTo="Filter" hash="23-C9-0A-B7-43-0F-45-24-49-61-A6-9A-A2-7B-80-26-77-96-F6-07">
      <ModulePath>C:\Program Files\dotnet\sdk\2.1.0-preview1-007012\System.Xml.XPath.XmlDocument.dll</ModulePath>
      <ModuleTime>2017-08-04T21:50:34Z</ModuleTime>
      <ModuleName>System.Xml.XPath.XmlDocument</ModuleName>
      <Classes />
    </Module>
    <Module skippedDueTo="Filter" hash="E6-69-68-08-E2-62-0F-85-F0-BE-8F-4D-51-D1-88-8E-81-FD-73-0B">
      <ModulePath>C:\Program Files\dotnet\shared\Microsoft.NETCore.App\2.0.0\System.Globalization.dll</ModulePath>
      <ModuleTime>2017-07-20T21:22:06Z</ModuleTime>
      <ModuleName>System.Globalization</ModuleName>
      <Classes />
    </Module>
    <Module skippedDueTo="Filter" hash="EA-50-30-D4-4C-A5-95-84-F4-5C-1F-94-EF-4D-72-B2-91-DA-47-43">
      <ModulePath>C:\Program Files\dotnet\sdk\2.1.0-preview1-007012\Microsoft.VisualStudio.TestPlatform.Client.dll</ModulePath>
      <ModuleTime>2017-08-04T21:50:32Z</ModuleTime>
      <ModuleName>Microsoft.VisualStudio.TestPlatform.Client</ModuleName>
      <Classes />
    </Module>
    <Module skippedDueTo="Filter" hash="24-D5-33-36-52-51-67-A0-24-3D-22-95-32-23-DA-6D-B4-16-CD-CB">
      <ModulePath>C:\Program Files\dotnet\shared\Microsoft.NETCore.App\2.0.0\System.Reflection.dll</ModulePath>
      <ModuleTime>2017-07-20T21:22:08Z</ModuleTime>
      <ModuleName>System.Reflection</ModuleName>
      <Classes />
    </Module>
    <Module skippedDueTo="Filter" hash="2E-3F-98-9F-F8-96-78-BA-71-3A-6A-0C-9C-B3-D0-39-1E-46-25-10">
      <ModulePath>C:\Program Files\dotnet\shared\Microsoft.NETCore.App\2.0.0\System.Text.RegularExpressions.dll</ModulePath>
      <ModuleTime>2017-07-20T21:22:08Z</ModuleTime>
      <ModuleName>System.Text.RegularExpressions</ModuleName>
      <Classes />
    </Module>
    <Module skippedDueTo="Filter" hash="9B-9A-BF-42-BE-9A-0D-BB-EB-76-16-B1-6F-BC-E6-94-5B-6A-8B-01">
      <ModulePath>C:\Program Files\dotnet\sdk\2.1.0-preview1-007012\Microsoft.TestPlatform.CrossPlatEngine.dll</ModulePath>
      <ModuleTime>2017-08-04T21:50:32Z</ModuleTime>
      <ModuleName>Microsoft.TestPlatform.CrossPlatEngine</ModuleName>
      <Classes />
    </Module>
    <Module skippedDueTo="Filter" hash="EF-01-0C-C7-04-7B-55-8E-E4-3A-33-93-09-C2-FB-42-94-A0-43-B7">
      <ModulePath>C:\Program Files\dotnet\shared\Microsoft.NETCore.App\2.0.0\System.Threading.Tasks.dll</ModulePath>
      <ModuleTime>2017-07-20T21:22:08Z</ModuleTime>
      <ModuleName>System.Threading.Tasks</ModuleName>
      <Classes />
    </Module>
    <Module skippedDueTo="Filter" hash="7F-86-D1-E6-14-45-A7-32-BF-F5-26-4C-B3-4B-72-A0-1B-F2-EF-62">
      <ModulePath>C:\Program Files\dotnet\shared\Microsoft.NETCore.App\2.0.0\System.Runtime.Loader.dll</ModulePath>
      <ModuleTime>2017-07-20T21:22:08Z</ModuleTime>
      <ModuleName>System.Runtime.Loader</ModuleName>
      <Classes />
    </Module>
    <Module skippedDueTo="Filter" hash="4D-56-A2-2F-54-06-68-77-C7-85-5F-B5-B7-67-5B-93-21-FF-C5-04">
      <ModulePath>C:\Program Files\dotnet\sdk\2.1.0-preview1-007012\Extensions\Microsoft.TestPlatform.TestHostRuntimeProvider.dll</ModulePath>
      <ModuleTime>2017-08-04T21:50:32Z</ModuleTime>
      <ModuleName>Microsoft.TestPlatform.TestHostRuntimeProvider</ModuleName>
      <Classes />
    </Module>
    <Module skippedDueTo="Filter" hash="45-E9-3D-14-67-92-EB-4A-1C-CC-E2-01-D2-6C-A1-29-4A-C8-C1-1E">
      <ModulePath>C:\Program Files\dotnet\shared\Microsoft.NETCore.App\2.0.0\System.Reflection.Extensions.dll</ModulePath>
      <ModuleTime>2017-07-20T21:22:08Z</ModuleTime>
      <ModuleName>System.Reflection.Extensions</ModuleName>
      <Classes />
    </Module>
    <Module skippedDueTo="Filter" hash="92-07-58-B6-A1-EA-56-B0-3F-64-4C-94-50-74-69-38-79-CE-CF-1F">
      <ModulePath>C:\Program Files\dotnet\sdk\2.1.0-preview1-007012\Extensions\Microsoft.VisualStudio.TestPlatform.Extensions.Trx.TestLogger.dll</ModulePath>
      <ModuleTime>2017-08-04T21:50:32Z</ModuleTime>
      <ModuleName>Microsoft.VisualStudio.TestPlatform.Extensions.Trx.TestLogger</ModuleName>
      <Classes />
    </Module>
    <Module skippedDueTo="Filter" hash="18-B4-1A-6E-2E-77-04-83-1E-5A-2D-A5-BE-C8-CB-45-F7-20-8E-19">
      <ModulePath>C:\Program Files\dotnet\sdk\2.1.0-preview1-007012\Microsoft.TestPlatform.CommunicationUtilities.dll</ModulePath>
      <ModuleTime>2017-08-04T21:50:32Z</ModuleTime>
      <ModuleName>Microsoft.TestPlatform.CommunicationUtilities</ModuleName>
      <Classes />
    </Module>
    <Module skippedDueTo="Filter" hash="49-4A-CE-15-2B-33-5B-9D-D0-5E-FB-B8-2D-A5-34-2B-C1-1F-DA-E3">
      <ModulePath>C:\Program Files\dotnet\sdk\2.1.0-preview1-007012\Newtonsoft.Json.dll</ModulePath>
      <ModuleTime>2017-08-04T21:44:56Z</ModuleTime>
      <ModuleName>Newtonsoft.Json</ModuleName>
      <Classes />
    </Module>
    <Module skippedDueTo="Filter" hash="2A-EC-2D-C2-93-1A-04-B6-A8-6B-5A-40-55-91-84-77-18-98-42-C2">
      <ModulePath>C:\Program Files\dotnet\shared\Microsoft.NETCore.App\2.0.0\System.Runtime.Serialization.Primitives.dll</ModulePath>
      <ModuleTime>2017-07-20T21:22:08Z</ModuleTime>
      <ModuleName>System.Runtime.Serialization.Primitives</ModuleName>
      <Classes />
    </Module>
    <Module skippedDueTo="Filter" hash="5F-EC-41-41-AB-49-88-F8-F1-2A-13-23-4A-59-C7-E1-C4-B9-7B-57">
      <ModulePath>C:\Program Files\dotnet\shared\Microsoft.NETCore.App\2.0.0\System.Net.Primitives.dll</ModulePath>
      <ModuleTime>2017-07-20T21:22:08Z</ModuleTime>
      <ModuleName>System.Net.Primitives</ModuleName>
      <Classes />
    </Module>
    <Module skippedDueTo="Filter" hash="78-03-8A-44-1A-43-2E-FF-59-3E-DF-DE-FE-C4-0D-06-7A-76-FA-6C">
      <ModulePath>C:\Program Files\dotnet\shared\Microsoft.NETCore.App\2.0.0\System.Net.Sockets.dll</ModulePath>
      <ModuleTime>2017-07-20T21:22:08Z</ModuleTime>
      <ModuleName>System.Net.Sockets</ModuleName>
      <Classes />
    </Module>
    <Module skippedDueTo="Filter" hash="B8-85-74-30-B5-D0-6C-90-EA-B8-3A-A6-48-FB-A8-0D-4D-13-57-56">
      <ModulePath>C:\Program Files\dotnet\shared\Microsoft.NETCore.App\2.0.0\System.Threading.Overlapped.dll</ModulePath>
      <ModuleTime>2017-07-20T21:22:08Z</ModuleTime>
      <ModuleName>System.Threading.Overlapped</ModuleName>
      <Classes />
    </Module>
    <Module skippedDueTo="Filter" hash="F4-32-F9-57-D9-5D-00-05-DC-9C-5C-5B-4B-87-6E-59-F3-90-7B-2C">
      <ModulePath>C:\Program Files\dotnet\shared\Microsoft.NETCore.App\2.0.0\System.Net.NameResolution.dll</ModulePath>
      <ModuleTime>2017-07-20T21:22:08Z</ModuleTime>
      <ModuleName>System.Net.NameResolution</ModuleName>
      <Classes />
    </Module>
    <Module skippedDueTo="Filter" hash="11-29-0C-F8-CE-73-3F-3E-06-AF-A0-16-05-96-4D-5A-A7-6A-DF-C2">
      <ModulePath>C:\Program Files\dotnet\shared\Microsoft.NETCore.App\2.0.0\System.Collections.NonGeneric.dll</ModulePath>
      <ModuleTime>2017-07-20T21:22:06Z</ModuleTime>
      <ModuleName>System.Collections.NonGeneric</ModuleName>
      <Classes />
    </Module>
    <Module skippedDueTo="Filter" hash="C0-EF-0E-E4-3D-75-14-14-17-FC-C3-36-A0-F2-8E-CA-DD-F7-E9-CD">
      <ModulePath>C:\Program Files\dotnet\sdk\2.1.0-preview1-007012\Microsoft.Extensions.DependencyModel.dll</ModulePath>
      <ModuleTime>2017-08-04T21:50:32Z</ModuleTime>
      <ModuleName>Microsoft.Extensions.DependencyModel</ModuleName>
      <Classes />
    </Module>
    <Module skippedDueTo="Filter" hash="7A-DB-D3-5C-EB-1E-6E-FF-8F-C6-E5-82-86-2B-77-2E-B1-DE-36-21">
      <ModulePath>C:\Program Files\dotnet\shared\Microsoft.NETCore.App\2.0.0\System.Dynamic.Runtime.dll</ModulePath>
      <ModuleTime>2017-07-20T21:22:06Z</ModuleTime>
      <ModuleName>System.Dynamic.Runtime</ModuleName>
      <Classes />
    </Module>
    <Module skippedDueTo="Filter" hash="83-02-2F-5B-C7-1D-94-96-BC-75-A7-ED-DA-57-BA-A5-FB-E7-6F-1B">
      <ModulePath>C:\Program Files\dotnet\shared\Microsoft.NETCore.App\2.0.0\System.Linq.Expressions.dll</ModulePath>
      <ModuleTime>2017-07-20T21:22:06Z</ModuleTime>
      <ModuleName>System.Linq.Expressions</ModuleName>
      <Classes />
    </Module>
    <Module skippedDueTo="Filter" hash="D5-25-59-4D-0F-50-A0-85-00-7F-EB-E1-0B-BD-B5-82-30-09-75-C8">
      <ModulePath>C:\Program Files\dotnet\shared\Microsoft.NETCore.App\2.0.0\System.ObjectModel.dll</ModulePath>
      <ModuleTime>2017-07-20T21:22:08Z</ModuleTime>
      <ModuleName>System.ObjectModel</ModuleName>
      <Classes />
    </Module>
    <Module skippedDueTo="Filter" hash="50-B7-0E-CE-03-26-1D-99-C0-19-0F-7E-AB-AB-7A-52-3C-23-2D-95">
      <ModulePath>C:\Program Files\dotnet\shared\Microsoft.NETCore.App\2.0.0\System.Threading.ThreadPool.dll</ModulePath>
      <ModuleTime>2017-07-20T21:22:08Z</ModuleTime>
      <ModuleName>System.Threading.ThreadPool</ModuleName>
      <Classes />
    </Module>
    <Module skippedDueTo="Filter" hash="2F-88-A9-BB-B6-16-36-10-AC-73-83-54-44-F5-17-12-E0-9F-03-28">
      <ModulePath>C:\Program Files\dotnet\shared\Microsoft.NETCore.App\2.0.0\System.Private.CoreLib.dll</ModulePath>
      <ModuleTime>2017-07-20T21:22:08Z</ModuleTime>
      <ModuleName>System.Private.CoreLib</ModuleName>
      <Classes />
    </Module>
    <Module skippedDueTo="Filter" hash="A7-28-B6-34-B2-A7-B8-0D-33-66-05-98-A7-37-D8-4A-76-E2-C3-F4">
      <ModulePath>C:\Users\greg\.nuget\packages\microsoft.testplatform.testhost\15.3.0-preview-20170628-02\lib\netstandard1.5\testhost.dll</ModulePath>
      <ModuleTime>2017-06-28T09:51:48Z</ModuleTime>
      <ModuleName>testhost</ModuleName>
      <Classes />
    </Module>
    <Module skippedDueTo="Filter" hash="B1-9D-98-DD-3C-A1-89-69-AC-7E-F1-16-E9-88-3F-F4-4C-77-AB-38">
      <ModulePath>C:\Program Files\dotnet\shared\Microsoft.NETCore.App\2.0.0\System.Runtime.dll</ModulePath>
      <ModuleTime>2017-07-20T21:22:08Z</ModuleTime>
      <ModuleName>System.Runtime</ModuleName>
      <Classes />
    </Module>
    <Module skippedDueTo="Filter" hash="B0-05-72-89-89-B9-56-9E-11-12-E8-A2-53-8C-88-F7-CD-9A-18-8E">
      <ModulePath>C:\Users\greg\.nuget\packages\microsoft.testplatform.objectmodel\15.3.0-preview-20170628-02\lib\netstandard1.5\Microsoft.TestPlatform.CoreUtilities.dll</ModulePath>
      <ModuleTime>2017-06-28T09:51:46Z</ModuleTime>
      <ModuleName>Microsoft.TestPlatform.CoreUtilities</ModuleName>
      <Classes />
    </Module>
    <Module skippedDueTo="Filter" hash="A0-2C-E4-67-65-31-2F-52-34-BE-1B-B5-8E-F0-03-96-33-5C-4A-E3">
      <ModulePath>C:\Program Files\dotnet\shared\Microsoft.NETCore.App\2.0.0\System.Diagnostics.Tracing.dll</ModulePath>
      <ModuleTime>2017-07-20T21:22:06Z</ModuleTime>
      <ModuleName>System.Diagnostics.Tracing</ModuleName>
      <Classes />
    </Module>
    <Module skippedDueTo="Filter" hash="F7-D7-B4-FC-2C-07-D8-B3-03-0A-2D-EC-2B-24-59-88-4D-A8-9D-6B">
      <ModulePath>C:\Program Files\dotnet\shared\Microsoft.NETCore.App\2.0.0\System.Diagnostics.Process.dll</ModulePath>
      <ModuleTime>2017-07-20T21:22:06Z</ModuleTime>
      <ModuleName>System.Diagnostics.Process</ModuleName>
      <Classes />
    </Module>
    <Module skippedDueTo="Filter" hash="86-5B-86-E2-06-81-2C-73-3B-6D-BC-9C-E7-90-26-27-45-9D-47-99">
      <ModulePath>C:\Program Files\dotnet\shared\Microsoft.NETCore.App\2.0.0\System.ComponentModel.Primitives.dll</ModulePath>
      <ModuleTime>2017-07-20T21:22:06Z</ModuleTime>
      <ModuleName>System.ComponentModel.Primitives</ModuleName>
      <Classes />
    </Module>
    <Module skippedDueTo="Filter" hash="3C-7A-96-F0-F0-0A-AB-CF-4A-F1-7F-84-AD-D1-CC-8A-89-FB-43-30">
      <ModulePath>C:\Program Files\dotnet\shared\Microsoft.NETCore.App\2.0.0\System.Runtime.Extensions.dll</ModulePath>
      <ModuleTime>2017-07-20T21:22:08Z</ModuleTime>
      <ModuleName>System.Runtime.Extensions</ModuleName>
      <Classes />
    </Module>
    <Module skippedDueTo="Filter" hash="AB-3C-81-B8-F6-36-BB-7C-8D-F5-C8-0A-7F-23-6E-13-4F-0E-D5-62">
      <ModulePath>C:\Program Files\dotnet\shared\Microsoft.NETCore.App\2.0.0\System.Diagnostics.Debug.dll</ModulePath>
      <ModuleTime>2017-07-20T21:22:06Z</ModuleTime>
      <ModuleName>System.Diagnostics.Debug</ModuleName>
      <Classes />
    </Module>
    <Module skippedDueTo="Filter" hash="92-A1-00-E7-E2-BF-4D-F7-95-CB-46-C2-DF-CC-15-61-47-27-B2-9F">
      <ModulePath>C:\Program Files\dotnet\shared\Microsoft.NETCore.App\2.0.0\System.Threading.Thread.dll</ModulePath>
      <ModuleTime>2017-07-20T21:22:08Z</ModuleTime>
      <ModuleName>System.Threading.Thread</ModuleName>
      <Classes />
    </Module>
    <Module skippedDueTo="Filter" hash="F6-9B-26-AA-03-02-E2-D8-6A-A8-43-4E-56-E5-60-DE-59-F9-52-D2">
      <ModulePath>C:\Program Files\dotnet\shared\Microsoft.NETCore.App\2.0.0\System.Collections.dll</ModulePath>
      <ModuleTime>2017-07-20T21:22:06Z</ModuleTime>
      <ModuleName>System.Collections</ModuleName>
      <Classes />
    </Module>
    <Module skippedDueTo="Filter" hash="9A-9A-13-72-A5-B2-9C-0E-78-4D-3D-65-FE-26-81-32-25-90-A0-93">
      <ModulePath>C:\Users\greg\.nuget\packages\microsoft.testplatform.testhost\15.3.0-preview-20170628-02\lib\netstandard1.5\Microsoft.TestPlatform.CrossPlatEngine.dll</ModulePath>
      <ModuleTime>2017-06-28T09:51:48Z</ModuleTime>
      <ModuleName>Microsoft.TestPlatform.CrossPlatEngine</ModuleName>
      <Classes />
    </Module>
    <Module skippedDueTo="Filter" hash="76-47-3E-54-1A-AF-2C-BE-18-FC-47-62-B8-4A-01-5A-8F-EF-F1-94">
      <ModulePath>C:\Users\greg\.nuget\packages\microsoft.testplatform.testhost\15.3.0-preview-20170628-02\lib\netstandard1.5\Microsoft.TestPlatform.CommunicationUtilities.dll</ModulePath>
      <ModuleTime>2017-06-28T09:51:48Z</ModuleTime>
      <ModuleName>Microsoft.TestPlatform.CommunicationUtilities</ModuleName>
      <Classes />
    </Module>
    <Module skippedDueTo="Filter" hash="FC-FD-AB-BC-E7-B4-7A-AF-A1-CD-98-89-5A-E6-EB-28-88-7F-28-62">
      <ModulePath>C:\Users\greg\.nuget\packages\microsoft.testplatform.testhost\15.3.0-preview-20170628-02\lib\netstandard1.5\Microsoft.VisualStudio.TestPlatform.Common.dll</ModulePath>
      <ModuleTime>2017-06-28T09:51:48Z</ModuleTime>
      <ModuleName>Microsoft.VisualStudio.TestPlatform.Common</ModuleName>
      <Classes />
    </Module>
    <Module skippedDueTo="Filter" hash="CB-36-F9-6D-96-28-F2-95-5A-89-7B-FD-73-85-32-E0-F4-8B-0E-DE">
      <ModulePath>C:\Users\greg\.nuget\packages\microsoft.testplatform.objectmodel\15.3.0-preview-20170628-02\lib\netstandard1.5\Microsoft.VisualStudio.TestPlatform.ObjectModel.dll</ModulePath>
      <ModuleTime>2017-06-28T09:51:46Z</ModuleTime>
      <ModuleName>Microsoft.VisualStudio.TestPlatform.ObjectModel</ModuleName>
      <Classes />
    </Module>
    <Module skippedDueTo="Filter" hash="EF-01-0C-C7-04-7B-55-8E-E4-3A-33-93-09-C2-FB-42-94-A0-43-B7">
      <ModulePath>C:\Program Files\dotnet\shared\Microsoft.NETCore.App\2.0.0\System.Threading.Tasks.dll</ModulePath>
      <ModuleTime>2017-07-20T21:22:08Z</ModuleTime>
      <ModuleName>System.Threading.Tasks</ModuleName>
      <Classes />
    </Module>
    <Module skippedDueTo="Filter" hash="AF-99-14-97-FF-6F-C8-8F-02-27-AC-19-57-DE-A7-A3-12-B1-19-53">
      <ModulePath>C:\Users\greg\.nuget\packages\microsoft.testplatform.objectmodel\15.3.0-preview-20170628-02\lib\netstandard1.5\Microsoft.TestPlatform.PlatformAbstractions.dll</ModulePath>
      <ModuleTime>2017-06-28T09:51:46Z</ModuleTime>
      <ModuleName>Microsoft.TestPlatform.PlatformAbstractions</ModuleName>
      <Classes />
    </Module>
    <Module skippedDueTo="Filter" hash="53-D0-A3-B9-10-36-09-21-32-F4-D0-88-75-00-B5-DC-77-89-1D-78">
      <ModulePath>C:\Users\greg\.nuget\packages\newtonsoft.json\9.0.1\lib\netstandard1.0\Newtonsoft.Json.dll</ModulePath>
      <ModuleTime>2016-06-14T04:06:14Z</ModuleTime>
      <ModuleName>Newtonsoft.Json</ModuleName>
      <Classes />
    </Module>
    <Module skippedDueTo="Filter" hash="2A-EC-2D-C2-93-1A-04-B6-A8-6B-5A-40-55-91-84-77-18-98-42-C2">
      <ModulePath>C:\Program Files\dotnet\shared\Microsoft.NETCore.App\2.0.0\System.Runtime.Serialization.Primitives.dll</ModulePath>
      <ModuleTime>2017-07-20T21:22:08Z</ModuleTime>
      <ModuleName>System.Runtime.Serialization.Primitives</ModuleName>
      <Classes />
    </Module>
    <Module skippedDueTo="Filter" hash="E6-69-68-08-E2-62-0F-85-F0-BE-8F-4D-51-D1-88-8E-81-FD-73-0B">
      <ModulePath>C:\Program Files\dotnet\shared\Microsoft.NETCore.App\2.0.0\System.Globalization.dll</ModulePath>
      <ModuleTime>2017-07-20T21:22:06Z</ModuleTime>
      <ModuleName>System.Globalization</ModuleName>
      <Classes />
    </Module>
    <Module skippedDueTo="Filter" hash="EB-18-C3-43-11-91-EB-51-F0-4E-50-91-DE-EC-A3-6F-E7-CE-D9-3E">
      <ModulePath>C:\Program Files\dotnet\shared\Microsoft.NETCore.App\2.0.0\System.Threading.dll</ModulePath>
      <ModuleTime>2017-07-20T21:22:08Z</ModuleTime>
      <ModuleName>System.Threading</ModuleName>
      <Classes />
    </Module>
    <Module skippedDueTo="Filter" hash="07-BB-A4-F7-14-EA-9B-B8-F2-17-F9-AC-2B-79-B1-6D-11-72-31-CA">
      <ModulePath>C:\Program Files\dotnet\shared\Microsoft.NETCore.App\2.0.0\System.Diagnostics.TraceSource.dll</ModulePath>
      <ModuleTime>2017-07-20T21:22:06Z</ModuleTime>
      <ModuleName>System.Diagnostics.TraceSource</ModuleName>
      <Classes />
    </Module>
    <Module skippedDueTo="Filter" hash="42-05-10-61-0A-00-05-FA-1F-EB-04-C9-F9-DD-2C-D4-89-87-3F-B1">
      <ModulePath>C:\Program Files\dotnet\shared\Microsoft.NETCore.App\2.0.0\System.Runtime.InteropServices.dll</ModulePath>
      <ModuleTime>2017-07-20T21:22:08Z</ModuleTime>
      <ModuleName>System.Runtime.InteropServices</ModuleName>
      <Classes />
    </Module>
    <Module skippedDueTo="Filter" hash="50-B7-0E-CE-03-26-1D-99-C0-19-0F-7E-AB-AB-7A-52-3C-23-2D-95">
      <ModulePath>C:\Program Files\dotnet\shared\Microsoft.NETCore.App\2.0.0\System.Threading.ThreadPool.dll</ModulePath>
      <ModuleTime>2017-07-20T21:22:08Z</ModuleTime>
      <ModuleName>System.Threading.ThreadPool</ModuleName>
      <Classes />
    </Module>
    <Module skippedDueTo="Filter" hash="78-03-8A-44-1A-43-2E-FF-59-3E-DF-DE-FE-C4-0D-06-7A-76-FA-6C">
      <ModulePath>C:\Program Files\dotnet\shared\Microsoft.NETCore.App\2.0.0\System.Net.Sockets.dll</ModulePath>
      <ModuleTime>2017-07-20T21:22:08Z</ModuleTime>
      <ModuleName>System.Net.Sockets</ModuleName>
      <Classes />
    </Module>
    <Module skippedDueTo="Filter" hash="5F-EC-41-41-AB-49-88-F8-F1-2A-13-23-4A-59-C7-E1-C4-B9-7B-57">
      <ModulePath>C:\Program Files\dotnet\shared\Microsoft.NETCore.App\2.0.0\System.Net.Primitives.dll</ModulePath>
      <ModuleTime>2017-07-20T21:22:08Z</ModuleTime>
      <ModuleName>System.Net.Primitives</ModuleName>
      <Classes />
    </Module>
    <Module skippedDueTo="Filter" hash="2D-70-CB-62-DA-FC-A2-6C-E4-9F-F1-DB-4C-3B-9A-34-20-80-E4-06">
      <ModulePath>C:\Program Files\dotnet\shared\Microsoft.NETCore.App\2.0.0\System.IO.dll</ModulePath>
      <ModuleTime>2017-07-20T21:22:06Z</ModuleTime>
      <ModuleName>System.IO</ModuleName>
      <Classes />
    </Module>
    <Module skippedDueTo="Filter" hash="B8-85-74-30-B5-D0-6C-90-EA-B8-3A-A6-48-FB-A8-0D-4D-13-57-56">
      <ModulePath>C:\Program Files\dotnet\shared\Microsoft.NETCore.App\2.0.0\System.Threading.Overlapped.dll</ModulePath>
      <ModuleTime>2017-07-20T21:22:08Z</ModuleTime>
      <ModuleName>System.Threading.Overlapped</ModuleName>
      <Classes />
    </Module>
    <Module skippedDueTo="Filter" hash="F4-32-F9-57-D9-5D-00-05-DC-9C-5C-5B-4B-87-6E-59-F3-90-7B-2C">
      <ModulePath>C:\Program Files\dotnet\shared\Microsoft.NETCore.App\2.0.0\System.Net.NameResolution.dll</ModulePath>
      <ModuleTime>2017-07-20T21:22:08Z</ModuleTime>
      <ModuleName>System.Net.NameResolution</ModuleName>
      <Classes />
    </Module>
    <Module skippedDueTo="Filter" hash="72-8C-FC-94-9B-36-BE-EC-02-7F-7A-C6-53-E4-C2-A7-34-F8-FD-AD">
      <ModulePath>C:\Program Files\dotnet\shared\Microsoft.NETCore.App\2.0.0\Microsoft.Win32.Primitives.dll</ModulePath>
      <ModuleTime>2017-07-20T21:22:06Z</ModuleTime>
      <ModuleName>Microsoft.Win32.Primitives</ModuleName>
      <Classes />
    </Module>
    <Module skippedDueTo="Filter" hash="7A-DB-D3-5C-EB-1E-6E-FF-8F-C6-E5-82-86-2B-77-2E-B1-DE-36-21">
      <ModulePath>C:\Program Files\dotnet\shared\Microsoft.NETCore.App\2.0.0\System.Dynamic.Runtime.dll</ModulePath>
      <ModuleTime>2017-07-20T21:22:06Z</ModuleTime>
      <ModuleName>System.Dynamic.Runtime</ModuleName>
      <Classes />
    </Module>
    <Module skippedDueTo="Filter" hash="83-02-2F-5B-C7-1D-94-96-BC-75-A7-ED-DA-57-BA-A5-FB-E7-6F-1B">
      <ModulePath>C:\Program Files\dotnet\shared\Microsoft.NETCore.App\2.0.0\System.Linq.Expressions.dll</ModulePath>
      <ModuleTime>2017-07-20T21:22:06Z</ModuleTime>
      <ModuleName>System.Linq.Expressions</ModuleName>
      <Classes />
    </Module>
    <Module skippedDueTo="Filter" hash="B8-E0-1C-46-05-EF-1C-0F-0F-1D-3C-D4-89-4D-08-3A-89-36-F3-E5">
      <ModulePath>C:\Program Files\dotnet\shared\Microsoft.NETCore.App\2.0.0\System.Xml.XDocument.dll</ModulePath>
      <ModuleTime>2017-07-20T21:22:08Z</ModuleTime>
      <ModuleName>System.Xml.XDocument</ModuleName>
      <Classes />
    </Module>
    <Module skippedDueTo="Filter" hash="DD-F6-D3-A5-01-A8-F6-AC-1B-A1-E9-B5-7C-53-43-D4-64-1C-30-53">
      <ModulePath>C:\Program Files\dotnet\shared\Microsoft.NETCore.App\2.0.0\System.Private.Xml.Linq.dll</ModulePath>
      <ModuleTime>2017-07-20T21:22:08Z</ModuleTime>
      <ModuleName>System.Private.Xml.Linq</ModuleName>
      <Classes />
    </Module>
    <Module skippedDueTo="Filter" hash="57-1D-48-78-C3-EF-FA-88-05-99-26-BA-4E-FB-19-12-DE-13-1F-28">
      <ModulePath>C:\Program Files\dotnet\shared\Microsoft.NETCore.App\2.0.0\System.Reflection.Emit.ILGeneration.dll</ModulePath>
      <ModuleTime>2017-07-20T21:22:08Z</ModuleTime>
      <ModuleName>System.Reflection.Emit.ILGeneration</ModuleName>
      <Classes />
    </Module>
    <Module skippedDueTo="Filter" hash="52-C8-E5-3A-B2-32-4A-17-18-33-8B-13-C2-3A-53-6D-EC-77-D9-9A">
      <ModulePath>C:\Program Files\dotnet\shared\Microsoft.NETCore.App\2.0.0\System.Reflection.Primitives.dll</ModulePath>
      <ModuleTime>2017-07-20T21:22:08Z</ModuleTime>
      <ModuleName>System.Reflection.Primitives</ModuleName>
      <Classes />
    </Module>
    <Module skippedDueTo="Filter" hash="00-52-F9-D2-A8-8A-13-20-73-C8-8A-41-F2-30-C8-64-C6-E5-66-80">
      <ModulePath>C:\Program Files\dotnet\shared\Microsoft.NETCore.App\2.0.0\System.Reflection.Emit.Lightweight.dll</ModulePath>
      <ModuleTime>2017-07-20T21:22:08Z</ModuleTime>
      <ModuleName>System.Reflection.Emit.Lightweight</ModuleName>
      <Classes />
    </Module>
    <Module skippedDueTo="Filter" hash="">
      <ModulePath>RefEmit_InMemoryManifestModule</ModulePath>
      <ModuleTime>0001-01-01T00:00:00</ModuleTime>
      <ModuleName>Anonymously Hosted DynamicMethods Assembly</ModuleName>
      <Classes />
    </Module>
    <Module skippedDueTo="Filter" hash="AB-3C-81-B8-F6-36-BB-7C-8D-F5-C8-0A-7F-23-6E-13-4F-0E-D5-62">
      <ModulePath>C:\Program Files\dotnet\shared\Microsoft.NETCore.App\2.0.0\System.Diagnostics.Debug.dll</ModulePath>
      <ModuleTime>2017-07-20T21:22:06Z</ModuleTime>
      <ModuleName>System.Diagnostics.Debug</ModuleName>
      <Classes />
    </Module>
    <Module skippedDueTo="Filter" hash="FA-2B-87-A5-50-E5-4F-A1-C0-7E-53-1F-0B-F1-52-F1-E9-38-1F-38">
      <ModulePath>C:\Program Files\dotnet\shared\Microsoft.NETCore.App\2.0.0\System.Private.Uri.dll</ModulePath>
      <ModuleTime>2017-07-20T21:22:08Z</ModuleTime>
      <ModuleName>System.Private.Uri</ModuleName>
      <Classes />
    </Module>
    <Module skippedDueTo="Filter" hash="24-D5-33-36-52-51-67-A0-24-3D-22-95-32-23-DA-6D-B4-16-CD-CB">
      <ModulePath>C:\Program Files\dotnet\shared\Microsoft.NETCore.App\2.0.0\System.Reflection.dll</ModulePath>
      <ModuleTime>2017-07-20T21:22:08Z</ModuleTime>
      <ModuleName>System.Reflection</ModuleName>
      <Classes />
    </Module>
    <Module skippedDueTo="Filter" hash="45-E9-3D-14-67-92-EB-4A-1C-CC-E2-01-D2-6C-A1-29-4A-C8-C1-1E">
      <ModulePath>C:\Program Files\dotnet\shared\Microsoft.NETCore.App\2.0.0\System.Reflection.Extensions.dll</ModulePath>
      <ModuleTime>2017-07-20T21:22:08Z</ModuleTime>
      <ModuleName>System.Reflection.Extensions</ModuleName>
      <Classes />
    </Module>
    <Module skippedDueTo="Filter" hash="80-F3-31-87-AA-BE-F0-08-E2-C4-7C-2D-76-97-05-5F-96-6C-E3-CE">
      <ModulePath>C:\Program Files\dotnet\shared\Microsoft.NETCore.App\2.0.0\System.Linq.dll</ModulePath>
      <ModuleTime>2017-07-20T21:22:06Z</ModuleTime>
      <ModuleName>System.Linq</ModuleName>
      <Classes />
    </Module>
    <Module skippedDueTo="Filter" hash="D5-25-59-4D-0F-50-A0-85-00-7F-EB-E1-0B-BD-B5-82-30-09-75-C8">
      <ModulePath>C:\Program Files\dotnet\shared\Microsoft.NETCore.App\2.0.0\System.ObjectModel.dll</ModulePath>
      <ModuleTime>2017-07-20T21:22:08Z</ModuleTime>
      <ModuleName>System.ObjectModel</ModuleName>
      <Classes />
    </Module>
    <Module skippedDueTo="Filter" hash="B8-E0-1C-46-05-EF-1C-0F-0F-1D-3C-D4-89-4D-08-3A-89-36-F3-E5">
      <ModulePath>C:\Program Files\dotnet\shared\Microsoft.NETCore.App\2.0.0\System.Xml.XDocument.dll</ModulePath>
      <ModuleTime>2017-07-20T21:22:08Z</ModuleTime>
      <ModuleName>System.Xml.XDocument</ModuleName>
      <Classes />
    </Module>
    <Module skippedDueTo="Filter" hash="DD-F6-D3-A5-01-A8-F6-AC-1B-A1-E9-B5-7C-53-43-D4-64-1C-30-53">
      <ModulePath>C:\Program Files\dotnet\shared\Microsoft.NETCore.App\2.0.0\System.Private.Xml.Linq.dll</ModulePath>
      <ModuleTime>2017-07-20T21:22:08Z</ModuleTime>
      <ModuleName>System.Private.Xml.Linq</ModuleName>
      <Classes />
    </Module>
    <Module skippedDueTo="Filter" hash="92-AC-DA-99-81-1A-EB-3D-7D-F3-46-72-13-0A-D3-C6-8A-70-DB-4C">
      <ModulePath>C:\Program Files\dotnet\shared\Microsoft.NETCore.App\2.0.0\System.Private.Xml.dll</ModulePath>
      <ModuleTime>2017-07-20T21:22:08Z</ModuleTime>
      <ModuleName>System.Private.Xml</ModuleName>
      <Classes />
    </Module>
    <Module skippedDueTo="Filter" hash="2E-3F-98-9F-F8-96-78-BA-71-3A-6A-0C-9C-B3-D0-39-1E-46-25-10">
      <ModulePath>C:\Program Files\dotnet\shared\Microsoft.NETCore.App\2.0.0\System.Text.RegularExpressions.dll</ModulePath>
      <ModuleTime>2017-07-20T21:22:08Z</ModuleTime>
      <ModuleName>System.Text.RegularExpressions</ModuleName>
      <Classes />
    </Module>
    <Module skippedDueTo="Filter" hash="57-1D-48-78-C3-EF-FA-88-05-99-26-BA-4E-FB-19-12-DE-13-1F-28">
      <ModulePath>C:\Program Files\dotnet\shared\Microsoft.NETCore.App\2.0.0\System.Reflection.Emit.ILGeneration.dll</ModulePath>
      <ModuleTime>2017-07-20T21:22:08Z</ModuleTime>
      <ModuleName>System.Reflection.Emit.ILGeneration</ModuleName>
      <Classes />
    </Module>
    <Module skippedDueTo="Filter" hash="52-C8-E5-3A-B2-32-4A-17-18-33-8B-13-C2-3A-53-6D-EC-77-D9-9A">
      <ModulePath>C:\Program Files\dotnet\shared\Microsoft.NETCore.App\2.0.0\System.Reflection.Primitives.dll</ModulePath>
      <ModuleTime>2017-07-20T21:22:08Z</ModuleTime>
      <ModuleName>System.Reflection.Primitives</ModuleName>
      <Classes />
    </Module>
    <Module skippedDueTo="Filter" hash="00-52-F9-D2-A8-8A-13-20-73-C8-8A-41-F2-30-C8-64-C6-E5-66-80">
      <ModulePath>C:\Program Files\dotnet\shared\Microsoft.NETCore.App\2.0.0\System.Reflection.Emit.Lightweight.dll</ModulePath>
      <ModuleTime>2017-07-20T21:22:08Z</ModuleTime>
      <ModuleName>System.Reflection.Emit.Lightweight</ModuleName>
      <Classes />
    </Module>
    <Module skippedDueTo="Filter" hash="">
      <ModulePath>RefEmit_InMemoryManifestModule</ModulePath>
      <ModuleTime>0001-01-01T00:00:00</ModuleTime>
      <ModuleName>Anonymously Hosted DynamicMethods Assembly</ModuleName>
      <Classes />
    </Module>
    <Module skippedDueTo="Filter" hash="2A-C9-25-F3-D5-15-6C-B1-09-A6-1F-DA-0F-51-0B-96-DE-24-F6-E0">
      <ModulePath>C:\Program Files\dotnet\shared\Microsoft.NETCore.App\2.0.0\System.IO.FileSystem.Primitives.dll</ModulePath>
      <ModuleTime>2017-07-20T21:22:06Z</ModuleTime>
      <ModuleName>System.IO.FileSystem.Primitives</ModuleName>
      <Classes />
    </Module>
    <Module skippedDueTo="Filter" hash="89-70-E9-C9-2D-15-5F-35-A4-A6-47-48-86-2C-E8-14-EC-34-B9-9F">
      <ModulePath>C:\Program Files\dotnet\shared\Microsoft.NETCore.App\2.0.0\System.IO.FileSystem.dll</ModulePath>
      <ModuleTime>2017-07-20T21:22:06Z</ModuleTime>
      <ModuleName>System.IO.FileSystem</ModuleName>
      <Classes />
    </Module>
    <Module skippedDueTo="Filter" hash="7F-86-D1-E6-14-45-A7-32-BF-F5-26-4C-B3-4B-72-A0-1B-F2-EF-62">
      <ModulePath>C:\Program Files\dotnet\shared\Microsoft.NETCore.App\2.0.0\System.Runtime.Loader.dll</ModulePath>
      <ModuleTime>2017-07-20T21:22:08Z</ModuleTime>
      <ModuleName>System.Runtime.Loader</ModuleName>
      <Classes />
    </Module>
    <Module skippedDueTo="Filter" hash="39-95-CB-43-60-44-C5-0A-ED-3C-D0-80-3B-AF-28-D9-93-F2-5C-70">
      <ModulePath>D:\virtualenvs\aynione\tests\aynione.unittest\bin\Debug\netcoreapp2.0\xunit.runner.visualstudio.dotnetcore.testadapter.dll</ModulePath>
      <ModuleTime>2017-02-19T20:24:26Z</ModuleTime>
      <ModuleName>xunit.runner.visualstudio.dotnetcore.testadapter</ModuleName>
      <Classes />
    </Module>
    <Module skippedDueTo="Filter" hash="3F-67-C0-63-F5-26-AA-0D-5F-EF-F7-C8-D5-74-50-99-8E-97-44-9A">
      <ModulePath>D:\virtualenvs\aynione\tests\aynione.unittest\bin\Debug\netcoreapp2.0\xunit.runner.utility.netstandard15.dll</ModulePath>
      <ModuleTime>2017-02-19T20:24:26Z</ModuleTime>
      <ModuleName>xunit.runner.utility.netstandard15</ModuleName>
      <Classes />
    </Module>
    <Module skippedDueTo="Filter" hash="0D-93-02-F5-BA-A6-97-B2-1E-7D-A1-81-8A-4F-5F-B9-97-BB-A9-BC">
      <ModulePath>C:\Users\greg\.nuget\packages\xunit.abstractions\2.0.1\lib\netstandard1.0\xunit.abstractions.dll</ModulePath>
      <ModuleTime>2016-08-09T13:37:58Z</ModuleTime>
      <ModuleName>xunit.abstractions</ModuleName>
      <Classes />
    </Module>
    <Module skippedDueTo="Filter" hash="7C-EB-99-71-08-B5-1F-60-CA-48-72-95-5E-DE-E2-5B-79-99-49-4F">
      <ModulePath>C:\Program Files\dotnet\shared\Microsoft.NETCore.App\2.0.0\System.Xml.ReaderWriter.dll</ModulePath>
      <ModuleTime>2017-07-20T21:22:08Z</ModuleTime>
      <ModuleName>System.Xml.ReaderWriter</ModuleName>
      <Classes />
    </Module>
    <Module skippedDueTo="Filter" hash="10-5F-52-1E-AE-ED-C8-AC-46-9C-6B-23-CA-AD-10-67-C9-96-30-2F">
      <ModulePath>C:\Program Files\dotnet\shared\Microsoft.NETCore.App\2.0.0\System.Threading.Timer.dll</ModulePath>
      <ModuleTime>2017-07-20T21:22:08Z</ModuleTime>
      <ModuleName>System.Threading.Timer</ModuleName>
      <Classes />
    </Module>
    <Module skippedDueTo="Filter" hash="CF-8A-90-C4-AB-10-6A-59-C0-1A-9A-F8-B0-C9-E3-7D-B3-7F-76-A4">
      <ModulePath>C:\Program Files\dotnet\shared\Microsoft.NETCore.App\2.0.0\System.Xml.XmlDocument.dll</ModulePath>
      <ModuleTime>2017-07-20T21:22:08Z</ModuleTime>
      <ModuleName>System.Xml.XmlDocument</ModuleName>
      <Classes />
    </Module>
    <Module skippedDueTo="Filter" hash="3E-2C-80-45-4B-5B-8B-5F-09-84-82-17-AA-7B-43-BF-3F-43-55-D2">
      <ModulePath>C:\Program Files\dotnet\shared\Microsoft.NETCore.App\2.0.0\System.Resources.ResourceManager.dll</ModulePath>
      <ModuleTime>2017-07-20T21:22:08Z</ModuleTime>
      <ModuleName>System.Resources.ResourceManager</ModuleName>
      <Classes />
    </Module>
    <Module skippedDueTo="Filter" hash="6D-5A-04-73-28-C9-26-1C-E8-75-84-50-BF-FF-76-AC-5A-9E-28-48">
      <ModulePath>C:\Program Files\dotnet\shared\Microsoft.NETCore.App\2.0.0\System.Runtime.InteropServices.RuntimeInformation.dll</ModulePath>
      <ModuleTime>2017-07-20T21:22:08Z</ModuleTime>
      <ModuleName>System.Runtime.InteropServices.RuntimeInformation</ModuleName>
      <Classes />
    </Module>
    <Module skippedDueTo="Filter" hash="10-51-97-2D-2B-7D-CB-66-93-6C-4F-3D-BF-18-62-BA-4D-54-90-2D">
      <ModulePath>C:\Users\greg\.nuget\packages\microsoft.extensions.dependencymodel\1.1.0\lib\netstandard1.6\Microsoft.Extensions.DependencyModel.dll</ModulePath>
      <ModuleTime>2016-11-09T03:14:04Z</ModuleTime>
      <ModuleName>Microsoft.Extensions.DependencyModel</ModuleName>
      <Classes />
    </Module>
    <Module skippedDueTo="Filter" hash="64-4E-36-E8-9E-2C-F7-DB-F8-3C-16-DC-A2-BC-3D-22-A2-4B-36-54">
      <ModulePath>C:\Users\greg\.nuget\packages\microsoft.dotnet.platformabstractions\1.1.0\lib\netstandard1.3\Microsoft.DotNet.PlatformAbstractions.dll</ModulePath>
      <ModuleTime>2016-11-09T03:14:04Z</ModuleTime>
      <ModuleName>Microsoft.DotNet.PlatformAbstractions</ModuleName>
      <Classes />
    </Module>
    <Module skippedDueTo="Filter" hash="4B-B8-F7-36-81-46-46-AC-52-E9-F6-F0-10-B0-D4-A7-39-49-E6-A5">
      <ModulePath>C:\Program Files\dotnet\shared\Microsoft.NETCore.App\2.0.0\System.Console.dll</ModulePath>
      <ModuleTime>2017-07-20T21:22:06Z</ModuleTime>
      <ModuleName>System.Console</ModuleName>
      <Classes />
    </Module>
    <Module skippedDueTo="Filter" hash="A9-35-05-17-48-B6-02-2A-7D-91-FC-4B-90-29-11-57-7E-06-AC-62">
      <ModulePath>C:\Program Files\dotnet\shared\Microsoft.NETCore.App\2.0.0\System.AppContext.dll</ModulePath>
      <ModuleTime>2017-07-20T21:22:06Z</ModuleTime>
      <ModuleName>System.AppContext</ModuleName>
      <Classes />
    </Module>
    <Module skippedDueTo="Filter" hash="71-55-8B-F9-57-BC-B0-34-9A-F8-A2-C8-58-A4-C7-74-EC-A4-CD-9C">
      <ModulePath>C:\Program Files\dotnet\shared\Microsoft.NETCore.App\2.0.0\System.Text.Encoding.dll</ModulePath>
      <ModuleTime>2017-07-20T21:22:08Z</ModuleTime>
      <ModuleName>System.Text.Encoding</ModuleName>
      <Classes />
    </Module>
    <Module hash="6C-92-0D-D1-0D-30-21-8F-23-C9-E1-5C-BB-43-2A-45-B7-C5-F8-E8">
      <Summary numSequencePoints="7" visitedSequencePoints="5" numBranchPoints="2" visitedBranchPoints="1" sequenceCoverage="71.43" branchCoverage="50" maxCyclomaticComplexity="1" minCyclomaticComplexity="1" visitedClasses="1" numClasses="2" visitedMethods="1" numMethods="2" />
      <ModulePath>D:\virtualenvs\aynione\tests\aynione.unittest\bin\Debug\netcoreapp2.0\aynione.unittest.dll</ModulePath>
      <ModuleTime>2017-10-09T04:33:32.652843Z</ModuleTime>
      <ModuleName>aynione.unittest</ModuleName>
      <Files>
        <File uid="1" fullPath="D:\virtualenvs\aynione\tests\aynione.unittest\obj\Debug\netcoreapp2.0\aynione.unittest.Program.cs" />
        <File uid="2" fullPath="D:\virtualenvs\aynione\tests\aynione.unittest\RunaTest.cs" />
      </Files>
      <Classes>
        <Class>
          <Summary numSequencePoints="0" visitedSequencePoints="0" numBranchPoints="0" visitedBranchPoints="0" sequenceCoverage="0" branchCoverage="0" maxCyclomaticComplexity="0" minCyclomaticComplexity="0" visitedClasses="0" numClasses="0" visitedMethods="0" numMethods="0" />
          <FullName>&lt;Module&gt;</FullName>
          <Methods />
        </Class>
        <Class>
          <Summary numSequencePoints="2" visitedSequencePoints="0" numBranchPoints="1" visitedBranchPoints="0" sequenceCoverage="0" branchCoverage="0" maxCyclomaticComplexity="1" minCyclomaticComplexity="1" visitedClasses="0" numClasses="1" visitedMethods="0" numMethods="1" />
          <FullName>AutoGeneratedProgram</FullName>
          <Methods>
            <Method visited="false" cyclomaticComplexity="1" nPathComplexity="0" sequenceCoverage="0" branchCoverage="0" isConstructor="false" isStatic="true" isGetter="false" isSetter="false">
              <Summary numSequencePoints="2" visitedSequencePoints="0" numBranchPoints="1" visitedBranchPoints="0" sequenceCoverage="0" branchCoverage="0" maxCyclomaticComplexity="1" minCyclomaticComplexity="1" visitedClasses="0" numClasses="0" visitedMethods="0" numMethods="1" />
              <MetadataToken>100663297</MetadataToken>
              <Name>System.Void AutoGeneratedProgram::Main(System.String[])</Name>
              <FileRef uid="1" />
              <SequencePoints>
                <SequencePoint vc="0" uspid="1" ordinal="0" offset="0" sl="3" sc="60" el="3" ec="61" bec="0" bev="0" fileid="1" />
                <SequencePoint vc="0" uspid="2" ordinal="1" offset="1" sl="3" sc="61" el="3" ec="62" bec="0" bev="0" fileid="1" />
              </SequencePoints>
              <BranchPoints />
              <MethodPoint xsi:type="SequencePoint" vc="0" uspid="1" ordinal="0" offset="0" sl="3" sc="60" el="3" ec="61" bec="0" bev="0" fileid="1" />
            </Method>
            <Method visited="false" cyclomaticComplexity="1" nPathComplexity="0" sequenceCoverage="0" branchCoverage="0" isConstructor="true" isStatic="false" isGetter="false" isSetter="false">
              <Summary numSequencePoints="0" visitedSequencePoints="0" numBranchPoints="0" visitedBranchPoints="0" sequenceCoverage="0" branchCoverage="0" maxCyclomaticComplexity="1" minCyclomaticComplexity="1" visitedClasses="0" numClasses="0" visitedMethods="0" numMethods="0" />
              <MetadataToken>100663298</MetadataToken>
              <Name>System.Void AutoGeneratedProgram::.ctor()</Name>
              <SequencePoints />
              <BranchPoints />
              <MethodPoint vc="0" uspid="3" ordinal="0" offset="0" />
            </Method>
          </Methods>
        </Class>
        <Class>
          <Summary numSequencePoints="5" visitedSequencePoints="5" numBranchPoints="1" visitedBranchPoints="1" sequenceCoverage="100" branchCoverage="100" maxCyclomaticComplexity="1" minCyclomaticComplexity="1" visitedClasses="1" numClasses="1" visitedMethods="1" numMethods="1" />
          <FullName>aynione.unittest.RunaTest</FullName>
          <Methods>
            <Method visited="true" cyclomaticComplexity="1" nPathComplexity="0" sequenceCoverage="100" branchCoverage="100" isConstructor="false" isStatic="false" isGetter="false" isSetter="false">
              <Summary numSequencePoints="5" visitedSequencePoints="5" numBranchPoints="1" visitedBranchPoints="1" sequenceCoverage="100" branchCoverage="100" maxCyclomaticComplexity="1" minCyclomaticComplexity="1" visitedClasses="0" numClasses="0" visitedMethods="1" numMethods="1" />
              <MetadataToken>100663299</MetadataToken>
              <Name>System.Void aynione.unittest.RunaTest::CreateRuna()</Name>
              <FileRef uid="2" />
              <SequencePoints>
                <SequencePoint vc="1" uspid="4" ordinal="0" offset="0" sl="13" sc="9" el="13" ec="10" bec="0" bev="0" fileid="2" />
                <SequencePoint vc="1" uspid="5" ordinal="1" offset="1" sl="14" sc="13" el="14" ec="35" bec="0" bev="0" fileid="2" />
                <SequencePoint vc="1" uspid="6" ordinal="2" offset="7" sl="15" sc="13" el="15" ec="33" bec="0" bev="0" fileid="2" />
                <SequencePoint vc="1" uspid="7" ordinal="3" offset="19" sl="16" sc="13" el="16" ec="39" bec="0" bev="0" fileid="2" />
                <SequencePoint vc="1" uspid="8" ordinal="4" offset="31" sl="17" sc="9" el="17" ec="10" bec="0" bev="0" fileid="2" />
              </SequencePoints>
              <BranchPoints />
              <MethodPoint xsi:type="SequencePoint" vc="1" uspid="4" ordinal="0" offset="0" sl="13" sc="9" el="13" ec="10" bec="0" bev="0" fileid="2" />
            </Method>
            <Method visited="true" cyclomaticComplexity="1" nPathComplexity="0" sequenceCoverage="0" branchCoverage="0" isConstructor="true" isStatic="false" isGetter="false" isSetter="false">
              <Summary numSequencePoints="0" visitedSequencePoints="0" numBranchPoints="0" visitedBranchPoints="0" sequenceCoverage="0" branchCoverage="0" maxCyclomaticComplexity="1" minCyclomaticComplexity="1" visitedClasses="0" numClasses="0" visitedMethods="0" numMethods="0" />
              <MetadataToken>100663300</MetadataToken>
              <Name>System.Void aynione.unittest.RunaTest::.ctor()</Name>
              <SequencePoints />
              <BranchPoints />
              <MethodPoint vc="1" uspid="9" ordinal="0" offset="0" />
            </Method>
          </Methods>
        </Class>
      </Classes>
    </Module>
    <Module skippedDueTo="Filter" hash="E2-97-C0-6C-1F-F3-6A-AF-95-A0-7E-A4-5B-28-3B-EF-98-E0-4F-F8">
      <ModulePath>C:\Program Files\dotnet\shared\Microsoft.NETCore.App\2.0.0\System.Diagnostics.TextWriterTraceListener.dll</ModulePath>
      <ModuleTime>2017-07-20T21:22:06Z</ModuleTime>
      <ModuleName>System.Diagnostics.TextWriterTraceListener</ModuleName>
      <Classes />
    </Module>
    <Module skippedDueTo="Filter" hash="52-6D-1C-5B-06-2F-83-79-A8-F5-06-E6-98-C9-1D-45-D4-B4-25-85">
      <ModulePath>C:\Program Files\dotnet\shared\Microsoft.NETCore.App\2.0.0\System.ComponentModel.TypeConverter.dll</ModulePath>
      <ModuleTime>2017-07-20T21:22:06Z</ModuleTime>
      <ModuleName>System.ComponentModel.TypeConverter</ModuleName>
      <Classes />
    </Module>
    <Module skippedDueTo="Filter" hash="BC-AC-D5-ED-57-C0-D9-F6-06-C2-7E-54-28-19-E0-F1-68-FC-69-FD">
      <ModulePath>C:\Program Files\dotnet\shared\Microsoft.NETCore.App\2.0.0\System.ComponentModel.EventBasedAsync.dll</ModulePath>
      <ModuleTime>2017-07-20T21:22:06Z</ModuleTime>
      <ModuleName>System.ComponentModel.EventBasedAsync</ModuleName>
      <Classes />
    </Module>
    <Module skippedDueTo="Filter" hash="53-54-24-5E-85-2F-DC-31-01-9F-64-96-C1-B7-CA-E0-56-B4-71-FF">
      <ModulePath>C:\Users\greg\.nuget\packages\system.xml.xpath.xmldocument\4.0.1\lib\netstandard1.3\System.Xml.XPath.XmlDocument.dll</ModulePath>
      <ModuleTime>2016-06-12T04:15:02Z</ModuleTime>
      <ModuleName>System.Xml.XPath.XmlDocument</ModuleName>
      <Classes />
    </Module>
    <Module skippedDueTo="Filter" hash="3E-AA-1E-0F-96-3F-C2-DE-65-09-4F-57-7A-FD-7C-52-89-5A-54-25">
      <ModulePath>C:\Program Files\dotnet\shared\Microsoft.NETCore.App\2.0.0\System.Xml.XPath.dll</ModulePath>
      <ModuleTime>2017-07-20T21:22:08Z</ModuleTime>
      <ModuleName>System.Xml.XPath</ModuleName>
      <Classes />
    </Module>
    <Module skippedDueTo="Filter" hash="8B-3E-B0-DD-85-1A-6F-D8-86-4B-F4-A7-2F-45-5D-9F-2C-B3-13-87">
      <ModulePath>C:\Users\greg\.nuget\packages\xunit.assert\2.2.0\lib\netstandard1.1\xunit.assert.dll</ModulePath>
      <ModuleTime>2017-02-19T20:18:04Z</ModuleTime>
      <ModuleName>xunit.assert</ModuleName>
      <Classes />
    </Module>
    <Module skippedDueTo="Filter" hash="B4-1C-0E-F5-FD-FF-9B-C4-1E-A4-FC-70-D7-8F-C0-AC-9B-CC-1F-13">
      <ModulePath>C:\Users\greg\.nuget\packages\xunit.extensibility.core\2.2.0\lib\netstandard1.1\xunit.core.dll</ModulePath>
      <ModuleTime>2017-02-19T20:18:04Z</ModuleTime>
      <ModuleName>xunit.core</ModuleName>
      <Classes />
    </Module>
    <Module skippedDueTo="Filter" hash="D1-29-63-0D-B7-95-A9-9D-B7-D4-08-A3-6F-81-87-4F-15-19-B9-C7">
      <ModulePath>C:\Users\greg\.nuget\packages\xunit.extensibility.execution\2.2.0\lib\netstandard1.1\xunit.execution.dotnet.dll</ModulePath>
      <ModuleTime>2017-02-19T20:18:04Z</ModuleTime>
      <ModuleName>xunit.execution.dotnet</ModuleName>
      <Classes />
    </Module>
    <Module skippedDueTo="MissingPdb" hash="83-B9-4F-2B-01-FD-87-9B-B6-06-73-C9-5F-9D-3B-81-91-95-AA-B9">
      <ModulePath>D:\virtualenvs\aynione\tests\aynione.unittest\bin\Debug\netcoreapp2.0\aynione.core.dll</ModulePath>
      <ModuleTime>2017-10-09T03:23:36.2900174Z</ModuleTime>
      <ModuleName>aynione.core</ModuleName>
      <Classes />
    </Module>
    <Module skippedDueTo="Filter" hash="BC-45-A9-AB-92-B2-ED-C5-DB-0A-E7-63-82-15-99-E5-42-DC-D6-8E">
      <ModulePath>C:\Program Files\dotnet\shared\Microsoft.NETCore.App\2.0.0\Microsoft.CSharp.dll</ModulePath>
      <ModuleTime>2017-07-20T21:22:06Z</ModuleTime>
      <ModuleName>Microsoft.CSharp</ModuleName>
      <Classes />
    </Module>
    <Module skippedDueTo="Filter" hash="C9-03-33-2D-B2-3B-A1-8A-2F-95-2B-0B-9D-A7-9A-D1-0D-9E-03-C3">
      <ModulePath>C:\Program Files\dotnet\shared\Microsoft.NETCore.App\2.0.0\netstandard.dll</ModulePath>
      <ModuleTime>2017-07-20T21:22:08Z</ModuleTime>
      <ModuleName>netstandard</ModuleName>
      <Classes />
    </Module>
    <Module skippedDueTo="Filter" hash="0A-C2-CF-44-03-DD-88-2D-AA-47-7B-F2-F5-C4-20-22-29-78-53-8B">
      <ModulePath>C:\Program Files\dotnet\shared\Microsoft.NETCore.App\2.0.0\Microsoft.VisualBasic.dll</ModulePath>
      <ModuleTime>2017-07-20T21:22:06Z</ModuleTime>
      <ModuleName>Microsoft.VisualBasic</ModuleName>
      <Classes />
    </Module>
    <Module skippedDueTo="Filter" hash="B7-E7-A7-A1-45-B7-FD-42-A4-D8-C3-CF-F8-62-92-75-D8-0C-4E-7A">
      <ModulePath>C:\Program Files\dotnet\shared\Microsoft.NETCore.App\2.0.0\Microsoft.Win32.Registry.dll</ModulePath>
      <ModuleTime>2017-07-20T21:22:06Z</ModuleTime>
      <ModuleName>Microsoft.Win32.Registry</ModuleName>
      <Classes />
    </Module>
    <Module skippedDueTo="Filter" hash="E7-65-81-77-65-21-BE-88-BB-83-4A-95-A1-E5-F8-6E-44-7C-5D-DD">
      <ModulePath>C:\Program Files\dotnet\shared\Microsoft.NETCore.App\2.0.0\System.Security.AccessControl.dll</ModulePath>
      <ModuleTime>2017-07-20T21:22:08Z</ModuleTime>
      <ModuleName>System.Security.AccessControl</ModuleName>
      <Classes />
    </Module>
    <Module skippedDueTo="Filter" hash="2B-E4-67-84-A9-B7-68-6E-94-08-11-F5-9B-4E-AF-29-0A-0D-5F-ED">
      <ModulePath>C:\Program Files\dotnet\shared\Microsoft.NETCore.App\2.0.0\System.Security.Principal.Windows.dll</ModulePath>
      <ModuleTime>2017-07-20T21:22:08Z</ModuleTime>
      <ModuleName>System.Security.Principal.Windows</ModuleName>
      <Classes />
    </Module>
    <Module skippedDueTo="Filter" hash="06-1D-EB-25-8C-25-B8-5F-BE-DD-77-DF-8D-A0-38-5F-DF-30-5B-07">
      <ModulePath>C:\Program Files\dotnet\shared\Microsoft.NETCore.App\2.0.0\SOS.NETCore.dll</ModulePath>
      <ModuleTime>2017-07-20T21:22:08Z</ModuleTime>
      <ModuleName>SOS.NETCore</ModuleName>
      <Classes />
    </Module>
    <Module skippedDueTo="Filter" hash="CD-43-5A-53-5F-46-5A-61-F0-49-BE-B7-F3-EA-0F-20-AD-1A-8D-C6">
      <ModulePath>C:\Program Files\dotnet\shared\Microsoft.NETCore.App\2.0.0\System.Buffers.dll</ModulePath>
      <ModuleTime>2017-07-20T21:22:06Z</ModuleTime>
      <ModuleName>System.Buffers</ModuleName>
      <Classes />
    </Module>
    <Module skippedDueTo="Filter" hash="8B-99-E8-F0-CD-95-95-B0-68-10-D4-3A-CB-A1-0A-BE-38-66-BE-13">
      <ModulePath>C:\Program Files\dotnet\shared\Microsoft.NETCore.App\2.0.0\System.Collections.Concurrent.dll</ModulePath>
      <ModuleTime>2017-07-20T21:22:06Z</ModuleTime>
      <ModuleName>System.Collections.Concurrent</ModuleName>
      <Classes />
    </Module>
    <Module skippedDueTo="Filter" hash="B1-F6-FE-F4-3D-92-32-23-15-F5-F7-C9-04-1B-F8-AD-AF-D2-E4-C6">
      <ModulePath>C:\Program Files\dotnet\shared\Microsoft.NETCore.App\2.0.0\System.Collections.Immutable.dll</ModulePath>
      <ModuleTime>2017-07-20T21:22:06Z</ModuleTime>
      <ModuleName>System.Collections.Immutable</ModuleName>
      <Classes />
    </Module>
    <Module skippedDueTo="Filter" hash="11-29-0C-F8-CE-73-3F-3E-06-AF-A0-16-05-96-4D-5A-A7-6A-DF-C2">
      <ModulePath>C:\Program Files\dotnet\shared\Microsoft.NETCore.App\2.0.0\System.Collections.NonGeneric.dll</ModulePath>
      <ModuleTime>2017-07-20T21:22:06Z</ModuleTime>
      <ModuleName>System.Collections.NonGeneric</ModuleName>
      <Classes />
    </Module>
    <Module skippedDueTo="Filter" hash="9C-7D-3C-19-B5-D7-1A-E4-82-28-AD-91-4A-9D-ED-D5-0F-1B-3A-67">
      <ModulePath>C:\Program Files\dotnet\shared\Microsoft.NETCore.App\2.0.0\System.Collections.Specialized.dll</ModulePath>
      <ModuleTime>2017-07-20T21:22:06Z</ModuleTime>
      <ModuleName>System.Collections.Specialized</ModuleName>
      <Classes />
    </Module>
    <Module skippedDueTo="Filter" hash="97-2A-05-00-FE-F8-BD-9C-8F-E5-AA-09-D8-4C-F8-5A-92-46-C6-99">
      <ModulePath>C:\Program Files\dotnet\shared\Microsoft.NETCore.App\2.0.0\System.ComponentModel.Annotations.dll</ModulePath>
      <ModuleTime>2017-07-20T21:22:06Z</ModuleTime>
      <ModuleName>System.ComponentModel.Annotations</ModuleName>
      <Classes />
    </Module>
    <Module skippedDueTo="Filter" hash="9D-CC-20-26-6F-65-37-EE-A1-EB-D2-B4-DC-4B-2F-BD-4A-BF-7E-4F">
      <ModulePath>C:\Program Files\dotnet\shared\Microsoft.NETCore.App\2.0.0\System.ComponentModel.dll</ModulePath>
      <ModuleTime>2017-07-20T21:22:06Z</ModuleTime>
      <ModuleName>System.ComponentModel</ModuleName>
      <Classes />
    </Module>
    <Module skippedDueTo="Filter" hash="9D-6F-68-BF-0D-B3-12-8F-D6-3F-89-A9-C0-4C-8C-E2-E6-1F-45-18">
      <ModulePath>C:\Program Files\dotnet\shared\Microsoft.NETCore.App\2.0.0\System.ComponentModel.Composition.dll</ModulePath>
      <ModuleTime>2017-07-20T21:22:06Z</ModuleTime>
      <ModuleName>System.ComponentModel.Composition</ModuleName>
      <Classes />
    </Module>
    <Module skippedDueTo="Filter" hash="7E-69-1E-4B-BE-0A-65-2F-36-F7-4C-4C-BD-79-A6-C4-1B-B5-9C-83">
      <ModulePath>C:\Program Files\dotnet\shared\Microsoft.NETCore.App\2.0.0\System.ComponentModel.DataAnnotations.dll</ModulePath>
      <ModuleTime>2017-07-20T21:22:06Z</ModuleTime>
      <ModuleName>System.ComponentModel.DataAnnotations</ModuleName>
      <Classes />
    </Module>
    <Module skippedDueTo="Filter" hash="5D-39-F4-7B-5C-01-C3-ED-B5-4E-52-D5-06-C4-FD-A9-72-C7-90-8B">
      <ModulePath>C:\Program Files\dotnet\shared\Microsoft.NETCore.App\2.0.0\System.Drawing.Primitives.dll</ModulePath>
      <ModuleTime>2017-07-20T21:22:06Z</ModuleTime>
      <ModuleName>System.Drawing.Primitives</ModuleName>
      <Classes />
    </Module>
    <Module skippedDueTo="Filter" hash="15-A3-21-6D-6B-D2-D7-93-E6-FF-1F-73-55-26-08-63-12-B3-D7-6D">
      <ModulePath>C:\Program Files\dotnet\shared\Microsoft.NETCore.App\2.0.0\System.Configuration.dll</ModulePath>
      <ModuleTime>2017-07-20T21:22:06Z</ModuleTime>
      <ModuleName>System.Configuration</ModuleName>
      <Classes />
    </Module>
    <Module skippedDueTo="Filter" hash="D3-3A-69-5C-05-78-C8-17-BB-09-A4-BD-D7-70-82-22-B2-6D-BC-42">
      <ModulePath>C:\Program Files\dotnet\shared\Microsoft.NETCore.App\2.0.0\System.Core.dll</ModulePath>
      <ModuleTime>2017-07-20T21:22:06Z</ModuleTime>
      <ModuleName>System.Core</ModuleName>
      <Classes />
    </Module>
    <Module skippedDueTo="Filter" hash="47-66-42-84-86-FC-35-BE-1F-C3-BC-47-14-02-3A-D2-5A-D8-44-63">
      <ModulePath>C:\Program Files\dotnet\shared\Microsoft.NETCore.App\2.0.0\System.Data.Common.dll</ModulePath>
      <ModuleTime>2017-07-20T21:22:06Z</ModuleTime>
      <ModuleName>System.Data.Common</ModuleName>
      <Classes />
    </Module>
    <Module skippedDueTo="Filter" hash="51-10-F7-1F-A8-58-D2-3F-13-F2-1F-A4-2B-DB-9D-D6-E2-C1-35-BB">
      <ModulePath>C:\Program Files\dotnet\shared\Microsoft.NETCore.App\2.0.0\System.Runtime.Numerics.dll</ModulePath>
      <ModuleTime>2017-07-20T21:22:08Z</ModuleTime>
      <ModuleName>System.Runtime.Numerics</ModuleName>
      <Classes />
    </Module>
    <Module skippedDueTo="Filter" hash="06-AA-F4-B0-D2-47-A8-C5-E5-6B-17-26-D5-2F-E7-FA-FB-A0-A0-6A">
      <ModulePath>C:\Program Files\dotnet\shared\Microsoft.NETCore.App\2.0.0\System.Data.dll</ModulePath>
      <ModuleTime>2017-07-20T21:22:06Z</ModuleTime>
      <ModuleName>System.Data</ModuleName>
      <Classes />
    </Module>
    <Module skippedDueTo="Filter" hash="F0-2B-CF-78-57-76-AB-7A-81-A0-05-54-7C-A9-AB-74-64-64-18-AD">
      <ModulePath>C:\Program Files\dotnet\shared\Microsoft.NETCore.App\2.0.0\System.Diagnostics.Contracts.dll</ModulePath>
      <ModuleTime>2017-07-20T21:22:06Z</ModuleTime>
      <ModuleName>System.Diagnostics.Contracts</ModuleName>
      <Classes />
    </Module>
    <Module skippedDueTo="Filter" hash="AE-65-E4-FB-FE-67-FA-05-AA-9C-A5-D5-B0-AF-33-CC-AF-92-9B-35">
      <ModulePath>C:\Program Files\dotnet\shared\Microsoft.NETCore.App\2.0.0\System.Diagnostics.DiagnosticSource.dll</ModulePath>
      <ModuleTime>2017-07-20T21:22:06Z</ModuleTime>
      <ModuleName>System.Diagnostics.DiagnosticSource</ModuleName>
      <Classes />
    </Module>
    <Module skippedDueTo="Filter" hash="1A-66-09-E2-D5-E4-83-D8-7E-2A-93-BE-1A-5C-12-EF-04-A0-6A-AE">
      <ModulePath>C:\Program Files\dotnet\shared\Microsoft.NETCore.App\2.0.0\System.Diagnostics.FileVersionInfo.dll</ModulePath>
      <ModuleTime>2017-07-20T21:22:06Z</ModuleTime>
      <ModuleName>System.Diagnostics.FileVersionInfo</ModuleName>
      <Classes />
    </Module>
    <Module skippedDueTo="Filter" hash="66-6B-27-9A-10-59-D5-AB-CD-9A-91-34-4B-EA-91-4F-A9-0B-11-35">
      <ModulePath>C:\Program Files\dotnet\shared\Microsoft.NETCore.App\2.0.0\System.Diagnostics.StackTrace.dll</ModulePath>
      <ModuleTime>2017-07-20T21:22:06Z</ModuleTime>
      <ModuleName>System.Diagnostics.StackTrace</ModuleName>
      <Classes />
    </Module>
    <Module skippedDueTo="Filter" hash="85-74-21-EC-76-BB-C4-A6-3A-AE-CE-60-C8-82-FC-E5-4F-88-33-73">
      <ModulePath>C:\Program Files\dotnet\shared\Microsoft.NETCore.App\2.0.0\System.Diagnostics.Tools.dll</ModulePath>
      <ModuleTime>2017-07-20T21:22:06Z</ModuleTime>
      <ModuleName>System.Diagnostics.Tools</ModuleName>
      <Classes />
    </Module>
    <Module skippedDueTo="Filter" hash="8A-FF-6C-22-07-05-1A-29-FC-B5-A5-D3-EE-4F-4A-C6-26-A4-19-50">
      <ModulePath>C:\Program Files\dotnet\shared\Microsoft.NETCore.App\2.0.0\System.Drawing.dll</ModulePath>
      <ModuleTime>2017-07-20T21:22:06Z</ModuleTime>
      <ModuleName>System.Drawing</ModuleName>
      <Classes />
    </Module>
    <Module skippedDueTo="Filter" hash="69-37-0E-95-1B-1D-21-75-87-3C-4D-0F-3D-EE-47-86-20-9A-87-2C">
      <ModulePath>C:\Program Files\dotnet\shared\Microsoft.NETCore.App\2.0.0\System.Globalization.Calendars.dll</ModulePath>
      <ModuleTime>2017-07-20T21:22:06Z</ModuleTime>
      <ModuleName>System.Globalization.Calendars</ModuleName>
      <Classes />
    </Module>
    <Module skippedDueTo="Filter" hash="96-0E-64-12-05-6B-1A-6F-4E-33-1D-1C-8D-6E-08-3E-3D-F4-AB-26">
      <ModulePath>C:\Program Files\dotnet\shared\Microsoft.NETCore.App\2.0.0\System.Globalization.Extensions.dll</ModulePath>
      <ModuleTime>2017-07-20T21:22:06Z</ModuleTime>
      <ModuleName>System.Globalization.Extensions</ModuleName>
      <Classes />
    </Module>
    <Module skippedDueTo="Filter" hash="54-38-98-4A-07-AF-25-F5-9A-58-C0-B7-6F-5D-C4-C3-E4-76-C7-2D">
      <ModulePath>C:\Program Files\dotnet\shared\Microsoft.NETCore.App\2.0.0\System.IO.Compression.FileSystem.dll</ModulePath>
      <ModuleTime>2017-07-20T21:22:06Z</ModuleTime>
      <ModuleName>System.IO.Compression.FileSystem</ModuleName>
      <Classes />
    </Module>
    <Module skippedDueTo="Filter" hash="AA-FC-55-12-DB-6F-ED-B0-10-45-A6-31-DF-26-DD-4F-C9-C6-46-AE">
      <ModulePath>C:\Program Files\dotnet\shared\Microsoft.NETCore.App\2.0.0\System.IO.Compression.ZipFile.dll</ModulePath>
      <ModuleTime>2017-07-20T21:22:06Z</ModuleTime>
      <ModuleName>System.IO.Compression.ZipFile</ModuleName>
      <Classes />
    </Module>
    <Module skippedDueTo="Filter" hash="EE-F7-12-04-F9-F9-02-18-2C-FA-A5-20-0B-E5-40-DC-C9-BA-47-4F">
      <ModulePath>C:\Program Files\dotnet\shared\Microsoft.NETCore.App\2.0.0\System.IO.Compression.dll</ModulePath>
      <ModuleTime>2017-07-20T21:22:06Z</ModuleTime>
      <ModuleName>System.IO.Compression</ModuleName>
      <Classes />
    </Module>
    <Module skippedDueTo="Filter" hash="AB-FF-0F-A2-21-39-6C-82-41-C3-EA-5C-90-6F-A1-16-4D-37-1C-BE">
      <ModulePath>C:\Program Files\dotnet\shared\Microsoft.NETCore.App\2.0.0\System.IO.FileSystem.AccessControl.dll</ModulePath>
      <ModuleTime>2017-07-20T21:22:06Z</ModuleTime>
      <ModuleName>System.IO.FileSystem.AccessControl</ModuleName>
      <Classes />
    </Module>
    <Module skippedDueTo="Filter" hash="3C-20-93-67-A6-B9-CB-93-DC-F2-4E-33-76-BE-B1-8C-E8-4E-73-6D">
      <ModulePath>C:\Program Files\dotnet\shared\Microsoft.NETCore.App\2.0.0\System.IO.FileSystem.DriveInfo.dll</ModulePath>
      <ModuleTime>2017-07-20T21:22:06Z</ModuleTime>
      <ModuleName>System.IO.FileSystem.DriveInfo</ModuleName>
      <Classes />
    </Module>
    <Module skippedDueTo="Filter" hash="B1-1B-8F-16-90-E6-AA-9E-0F-4C-D5-14-93-A8-CE-05-D7-19-FE-8B">
      <ModulePath>C:\Program Files\dotnet\shared\Microsoft.NETCore.App\2.0.0\System.IO.FileSystem.Watcher.dll</ModulePath>
      <ModuleTime>2017-07-20T21:22:06Z</ModuleTime>
      <ModuleName>System.IO.FileSystem.Watcher</ModuleName>
      <Classes />
    </Module>
    <Module skippedDueTo="Filter" hash="77-A3-3E-BF-19-90-5A-77-88-BE-FB-3F-CB-85-BD-CB-38-AE-AD-C5">
      <ModulePath>C:\Program Files\dotnet\shared\Microsoft.NETCore.App\2.0.0\System.IO.IsolatedStorage.dll</ModulePath>
      <ModuleTime>2017-07-20T21:22:06Z</ModuleTime>
      <ModuleName>System.IO.IsolatedStorage</ModuleName>
      <Classes />
    </Module>
    <Module skippedDueTo="Filter" hash="92-D8-BD-43-1E-47-8E-28-0A-44-C7-08-44-82-19-58-5E-AD-35-C9">
      <ModulePath>C:\Program Files\dotnet\shared\Microsoft.NETCore.App\2.0.0\System.IO.MemoryMappedFiles.dll</ModulePath>
      <ModuleTime>2017-07-20T21:22:06Z</ModuleTime>
      <ModuleName>System.IO.MemoryMappedFiles</ModuleName>
      <Classes />
    </Module>
    <Module skippedDueTo="Filter" hash="AF-73-3D-FE-BA-6E-52-0D-65-E4-88-C5-97-99-77-50-9A-D9-58-27">
      <ModulePath>C:\Program Files\dotnet\shared\Microsoft.NETCore.App\2.0.0\System.IO.Pipes.dll</ModulePath>
      <ModuleTime>2017-07-20T21:22:06Z</ModuleTime>
      <ModuleName>System.IO.Pipes</ModuleName>
      <Classes />
    </Module>
    <Module skippedDueTo="Filter" hash="C6-9D-19-4B-84-2B-3F-FD-C9-65-1E-FC-A1-D9-00-D3-70-15-50-61">
      <ModulePath>C:\Program Files\dotnet\shared\Microsoft.NETCore.App\2.0.0\System.Security.Principal.dll</ModulePath>
      <ModuleTime>2017-07-20T21:22:08Z</ModuleTime>
      <ModuleName>System.Security.Principal</ModuleName>
      <Classes />
    </Module>
    <Module skippedDueTo="Filter" hash="B0-59-15-0F-B3-07-7A-B3-19-64-1C-58-6D-59-76-4D-0B-B1-B0-02">
      <ModulePath>C:\Program Files\dotnet\shared\Microsoft.NETCore.App\2.0.0\System.IO.UnmanagedMemoryStream.dll</ModulePath>
      <ModuleTime>2017-07-20T21:22:06Z</ModuleTime>
      <ModuleName>System.IO.UnmanagedMemoryStream</ModuleName>
      <Classes />
    </Module>
    <Module skippedDueTo="Filter" hash="35-AC-5C-24-39-7B-60-5F-12-2A-B6-DF-4A-AB-6A-BD-48-6F-74-07">
      <ModulePath>C:\Program Files\dotnet\shared\Microsoft.NETCore.App\2.0.0\System.Linq.Parallel.dll</ModulePath>
      <ModuleTime>2017-07-20T21:22:06Z</ModuleTime>
      <ModuleName>System.Linq.Parallel</ModuleName>
      <Classes />
    </Module>
    <Module skippedDueTo="Filter" hash="0F-D8-AA-41-6E-B7-82-AD-6A-63-EB-5F-AE-04-63-37-CB-CC-9B-8A">
      <ModulePath>C:\Program Files\dotnet\shared\Microsoft.NETCore.App\2.0.0\System.Linq.Queryable.dll</ModulePath>
      <ModuleTime>2017-07-20T21:22:06Z</ModuleTime>
      <ModuleName>System.Linq.Queryable</ModuleName>
      <Classes />
    </Module>
    <Module skippedDueTo="Filter" hash="CD-6B-BC-AF-EF-21-6A-54-B4-B0-81-FD-3E-17-A9-EA-BA-D0-23-3D">
      <ModulePath>C:\Program Files\dotnet\shared\Microsoft.NETCore.App\2.0.0\System.Net.Http.dll</ModulePath>
      <ModuleTime>2017-07-20T21:22:06Z</ModuleTime>
      <ModuleName>System.Net.Http</ModuleName>
      <Classes />
    </Module>
    <Module skippedDueTo="Filter" hash="41-C5-E5-E2-42-D0-94-B2-7D-11-9D-E9-AC-0A-AD-FA-D4-D8-9C-4B">
      <ModulePath>C:\Program Files\dotnet\shared\Microsoft.NETCore.App\2.0.0\System.Net.HttpListener.dll</ModulePath>
      <ModuleTime>2017-07-20T21:22:08Z</ModuleTime>
      <ModuleName>System.Net.HttpListener</ModuleName>
      <Classes />
    </Module>
    <Module skippedDueTo="Filter" hash="7F-A9-8D-A6-A7-8C-E5-DE-0D-38-1B-11-5A-1C-12-BE-28-5D-75-2A">
      <ModulePath>C:\Program Files\dotnet\shared\Microsoft.NETCore.App\2.0.0\System.Security.Claims.dll</ModulePath>
      <ModuleTime>2017-07-20T21:22:08Z</ModuleTime>
      <ModuleName>System.Security.Claims</ModuleName>
      <Classes />
    </Module>
    <Module skippedDueTo="Filter" hash="9D-C4-F0-04-A3-4D-3C-94-19-57-0D-94-69-26-C1-0E-3B-25-B6-21">
      <ModulePath>C:\Program Files\dotnet\shared\Microsoft.NETCore.App\2.0.0\System.Net.WebSockets.dll</ModulePath>
      <ModuleTime>2017-07-20T21:22:08Z</ModuleTime>
      <ModuleName>System.Net.WebSockets</ModuleName>
      <Classes />
    </Module>
    <Module skippedDueTo="Filter" hash="91-60-3B-3F-5F-05-7D-37-19-D5-D1-B9-AC-10-CE-0C-EC-05-C1-40">
      <ModulePath>C:\Program Files\dotnet\shared\Microsoft.NETCore.App\2.0.0\System.Net.Mail.dll</ModulePath>
      <ModuleTime>2017-07-20T21:22:08Z</ModuleTime>
      <ModuleName>System.Net.Mail</ModuleName>
      <Classes />
    </Module>
    <Module skippedDueTo="Filter" hash="88-1A-7E-01-73-40-36-D6-D4-54-17-3B-C6-56-ED-EA-4D-BC-0E-D0">
      <ModulePath>C:\Program Files\dotnet\shared\Microsoft.NETCore.App\2.0.0\System.Net.NetworkInformation.dll</ModulePath>
      <ModuleTime>2017-07-20T21:22:08Z</ModuleTime>
      <ModuleName>System.Net.NetworkInformation</ModuleName>
      <Classes />
    </Module>
    <Module skippedDueTo="Filter" hash="99-89-A4-A5-79-7F-10-F4-D1-1D-55-9F-78-2A-52-B4-7B-4F-7F-36">
      <ModulePath>C:\Program Files\dotnet\shared\Microsoft.NETCore.App\2.0.0\System.Net.Ping.dll</ModulePath>
      <ModuleTime>2017-07-20T21:22:08Z</ModuleTime>
      <ModuleName>System.Net.Ping</ModuleName>
      <Classes />
    </Module>
    <Module skippedDueTo="Filter" hash="79-08-97-73-B1-D7-28-65-01-7A-66-8C-6B-1B-F6-D3-94-B4-62-A0">
      <ModulePath>C:\Program Files\dotnet\shared\Microsoft.NETCore.App\2.0.0\System.Net.Requests.dll</ModulePath>
      <ModuleTime>2017-07-20T21:22:08Z</ModuleTime>
      <ModuleName>System.Net.Requests</ModuleName>
      <Classes />
    </Module>
    <Module skippedDueTo="Filter" hash="F2-8B-59-E5-3E-E2-DC-1E-B5-78-17-1F-06-EC-67-F8-32-FF-36-CA">
      <ModulePath>C:\Program Files\dotnet\shared\Microsoft.NETCore.App\2.0.0\System.Net.Security.dll</ModulePath>
      <ModuleTime>2017-07-20T21:22:08Z</ModuleTime>
      <ModuleName>System.Net.Security</ModuleName>
      <Classes />
    </Module>
    <Module skippedDueTo="Filter" hash="CA-01-A0-3D-D3-FF-FF-70-C5-5D-77-B3-AE-79-41-C6-0C-51-19-B6">
      <ModulePath>C:\Program Files\dotnet\shared\Microsoft.NETCore.App\2.0.0\System.Net.ServicePoint.dll</ModulePath>
      <ModuleTime>2017-07-20T21:22:08Z</ModuleTime>
      <ModuleName>System.Net.ServicePoint</ModuleName>
      <Classes />
    </Module>
    <Module skippedDueTo="Filter" hash="D1-57-2E-8C-94-43-3E-E6-57-52-07-44-AE-75-C4-EA-F9-54-BA-E8">
      <ModulePath>C:\Program Files\dotnet\shared\Microsoft.NETCore.App\2.0.0\System.Net.WebClient.dll</ModulePath>
      <ModuleTime>2017-07-20T21:22:08Z</ModuleTime>
      <ModuleName>System.Net.WebClient</ModuleName>
      <Classes />
    </Module>
    <Module skippedDueTo="Filter" hash="AD-1D-9E-41-55-17-4B-33-00-37-18-A1-11-59-B4-2D-BF-92-A1-B3">
      <ModulePath>C:\Program Files\dotnet\shared\Microsoft.NETCore.App\2.0.0\System.Net.WebHeaderCollection.dll</ModulePath>
      <ModuleTime>2017-07-20T21:22:08Z</ModuleTime>
      <ModuleName>System.Net.WebHeaderCollection</ModuleName>
      <Classes />
    </Module>
    <Module skippedDueTo="Filter" hash="CF-01-57-2E-C4-4A-C1-DA-85-A6-14-FB-74-EB-57-FE-1D-80-D8-70">
      <ModulePath>C:\Program Files\dotnet\shared\Microsoft.NETCore.App\2.0.0\System.Net.WebProxy.dll</ModulePath>
      <ModuleTime>2017-07-20T21:22:08Z</ModuleTime>
      <ModuleName>System.Net.WebProxy</ModuleName>
      <Classes />
    </Module>
    <Module skippedDueTo="Filter" hash="97-DD-7B-25-FF-3F-54-13-6E-45-D6-BD-7A-CC-34-03-E2-18-CD-38">
      <ModulePath>C:\Program Files\dotnet\shared\Microsoft.NETCore.App\2.0.0\System.Net.WebSockets.Client.dll</ModulePath>
      <ModuleTime>2017-07-20T21:22:08Z</ModuleTime>
      <ModuleName>System.Net.WebSockets.Client</ModuleName>
      <Classes />
    </Module>
    <Module skippedDueTo="Filter" hash="90-FD-3B-D6-D7-2F-53-37-84-16-8A-64-78-66-74-3D-C1-7B-29-03">
      <ModulePath>C:\Program Files\dotnet\shared\Microsoft.NETCore.App\2.0.0\System.Net.dll</ModulePath>
      <ModuleTime>2017-07-20T21:22:08Z</ModuleTime>
      <ModuleName>System.Net</ModuleName>
      <Classes />
    </Module>
    <Module skippedDueTo="Filter" hash="A1-9D-25-05-AB-BA-97-94-6B-37-60-4D-ED-97-D9-45-D2-3F-08-01">
      <ModulePath>C:\Program Files\dotnet\shared\Microsoft.NETCore.App\2.0.0\System.Numerics.Vectors.dll</ModulePath>
      <ModuleTime>2017-07-20T21:22:08Z</ModuleTime>
      <ModuleName>System.Numerics.Vectors</ModuleName>
      <Classes />
    </Module>
    <Module skippedDueTo="Filter" hash="FB-18-C0-24-94-B4-3F-35-B9-4F-2A-28-B7-AA-61-B6-74-FE-60-8A">
      <ModulePath>C:\Program Files\dotnet\shared\Microsoft.NETCore.App\2.0.0\System.Numerics.dll</ModulePath>
      <ModuleTime>2017-07-20T21:22:08Z</ModuleTime>
      <ModuleName>System.Numerics</ModuleName>
      <Classes />
    </Module>
    <Module skippedDueTo="Filter" hash="55-8B-55-45-F8-F9-60-9C-55-C8-54-90-31-25-A6-6D-92-8B-BC-11">
      <ModulePath>C:\Program Files\dotnet\shared\Microsoft.NETCore.App\2.0.0\System.Private.DataContractSerialization.dll</ModulePath>
      <ModuleTime>2017-07-20T21:22:08Z</ModuleTime>
      <ModuleName>System.Private.DataContractSerialization</ModuleName>
      <Classes />
    </Module>
    <Module skippedDueTo="Filter" hash="E2-94-37-A4-D7-48-70-5E-EC-C3-D4-86-30-98-05-03-C7-10-EC-7E">
      <ModulePath>C:\Program Files\dotnet\shared\Microsoft.NETCore.App\2.0.0\System.Threading.Tasks.Extensions.dll</ModulePath>
      <ModuleTime>2017-07-20T21:22:08Z</ModuleTime>
      <ModuleName>System.Threading.Tasks.Extensions</ModuleName>
      <Classes />
    </Module>
    <Module skippedDueTo="Filter" hash="BA-7F-81-D0-D7-60-90-21-63-47-25-11-64-E4-64-92-AA-90-CA-97">
      <ModulePath>C:\Program Files\dotnet\shared\Microsoft.NETCore.App\2.0.0\System.Reflection.DispatchProxy.dll</ModulePath>
      <ModuleTime>2017-07-20T21:22:08Z</ModuleTime>
      <ModuleName>System.Reflection.DispatchProxy</ModuleName>
      <Classes />
    </Module>
    <Module skippedDueTo="Filter" hash="C1-EF-16-31-FD-F2-8B-39-B8-A9-51-90-AF-F5-30-0F-80-65-D5-64">
      <ModulePath>C:\Program Files\dotnet\shared\Microsoft.NETCore.App\2.0.0\System.Reflection.Emit.dll</ModulePath>
      <ModuleTime>2017-07-20T21:22:08Z</ModuleTime>
      <ModuleName>System.Reflection.Emit</ModuleName>
      <Classes />
    </Module>
    <Module skippedDueTo="Filter" hash="A0-72-53-FA-36-18-FB-FB-F8-17-22-67-D9-37-D8-0C-48-8C-D2-DE">
      <ModulePath>C:\Program Files\dotnet\shared\Microsoft.NETCore.App\2.0.0\System.Reflection.Metadata.dll</ModulePath>
      <ModuleTime>2017-07-20T21:22:08Z</ModuleTime>
      <ModuleName>System.Reflection.Metadata</ModuleName>
      <Classes />
    </Module>
    <Module skippedDueTo="Filter" hash="4A-A3-9A-94-A3-C6-3B-8F-C1-2F-D9-CC-68-D2-E4-8C-AE-50-F4-F1">
      <ModulePath>C:\Program Files\dotnet\shared\Microsoft.NETCore.App\2.0.0\System.Reflection.TypeExtensions.dll</ModulePath>
      <ModuleTime>2017-07-20T21:22:08Z</ModuleTime>
      <ModuleName>System.Reflection.TypeExtensions</ModuleName>
      <Classes />
    </Module>
    <Module skippedDueTo="Filter" hash="A3-B8-EE-A3-86-DC-F9-53-37-60-B2-16-7B-66-B4-0E-70-13-54-F9">
      <ModulePath>C:\Program Files\dotnet\shared\Microsoft.NETCore.App\2.0.0\System.Resources.Reader.dll</ModulePath>
      <ModuleTime>2017-07-20T21:22:08Z</ModuleTime>
      <ModuleName>System.Resources.Reader</ModuleName>
      <Classes />
    </Module>
    <Module skippedDueTo="Filter" hash="8F-C7-83-C7-C4-A3-BE-0A-18-B6-EF-4C-6A-1F-B1-52-30-F6-95-19">
      <ModulePath>C:\Program Files\dotnet\shared\Microsoft.NETCore.App\2.0.0\System.Resources.Writer.dll</ModulePath>
      <ModuleTime>2017-07-20T21:22:08Z</ModuleTime>
      <ModuleName>System.Resources.Writer</ModuleName>
      <Classes />
    </Module>
    <Module skippedDueTo="Filter" hash="7D-64-A8-AA-AE-F5-11-46-D6-73-51-7B-6D-C4-9A-6A-99-BE-AE-E6">
      <ModulePath>C:\Program Files\dotnet\shared\Microsoft.NETCore.App\2.0.0\System.Runtime.CompilerServices.VisualC.dll</ModulePath>
      <ModuleTime>2017-07-20T21:22:08Z</ModuleTime>
      <ModuleName>System.Runtime.CompilerServices.VisualC</ModuleName>
      <Classes />
    </Module>
    <Module skippedDueTo="Filter" hash="76-A3-0C-AD-28-11-DC-81-BA-2D-4B-C3-06-E4-74-7F-83-3A-B3-DF">
      <ModulePath>C:\Program Files\dotnet\shared\Microsoft.NETCore.App\2.0.0\System.Runtime.Handles.dll</ModulePath>
      <ModuleTime>2017-07-20T21:22:08Z</ModuleTime>
      <ModuleName>System.Runtime.Handles</ModuleName>
      <Classes />
    </Module>
    <Module skippedDueTo="Filter" hash="1C-C5-93-02-B9-A0-5A-A0-A2-A6-28-F3-B5-4E-C5-E2-DD-64-0A-BF">
      <ModulePath>C:\Program Files\dotnet\shared\Microsoft.NETCore.App\2.0.0\System.Runtime.InteropServices.WindowsRuntime.dll</ModulePath>
      <ModuleTime>2017-07-20T21:22:08Z</ModuleTime>
      <ModuleName>System.Runtime.InteropServices.WindowsRuntime</ModuleName>
      <Classes />
    </Module>
    <Module skippedDueTo="Filter" hash="70-74-BA-3B-15-BC-84-48-86-92-00-52-1A-14-98-31-F1-D0-D1-52">
      <ModulePath>C:\Program Files\dotnet\shared\Microsoft.NETCore.App\2.0.0\System.Runtime.Serialization.Formatters.dll</ModulePath>
      <ModuleTime>2017-07-20T21:22:08Z</ModuleTime>
      <ModuleName>System.Runtime.Serialization.Formatters</ModuleName>
      <Classes />
    </Module>
    <Module skippedDueTo="Filter" hash="4D-BF-C8-16-BC-64-AD-30-BB-D9-5B-A8-B6-4E-61-D6-A7-6B-0A-2D">
      <ModulePath>C:\Program Files\dotnet\shared\Microsoft.NETCore.App\2.0.0\System.Runtime.Serialization.Json.dll</ModulePath>
      <ModuleTime>2017-07-20T21:22:08Z</ModuleTime>
      <ModuleName>System.Runtime.Serialization.Json</ModuleName>
      <Classes />
    </Module>
    <Module skippedDueTo="Filter" hash="8F-0A-21-06-34-58-CD-52-39-42-7D-78-80-FF-F1-03-92-78-56-E7">
      <ModulePath>C:\Program Files\dotnet\shared\Microsoft.NETCore.App\2.0.0\System.Runtime.Serialization.Xml.dll</ModulePath>
      <ModuleTime>2017-07-20T21:22:08Z</ModuleTime>
      <ModuleName>System.Runtime.Serialization.Xml</ModuleName>
      <Classes />
    </Module>
    <Module skippedDueTo="Filter" hash="B6-B5-B9-FF-CF-7C-E2-5E-86-82-00-EB-75-C6-E2-44-43-74-D7-9C">
      <ModulePath>C:\Program Files\dotnet\shared\Microsoft.NETCore.App\2.0.0\System.Runtime.Serialization.dll</ModulePath>
      <ModuleTime>2017-07-20T21:22:08Z</ModuleTime>
      <ModuleName>System.Runtime.Serialization</ModuleName>
      <Classes />
    </Module>
    <Module skippedDueTo="Filter" hash="1D-2D-98-E4-A2-F2-43-8E-21-6C-72-DF-A8-3D-26-3C-24-D6-D9-12">
      <ModulePath>C:\Program Files\dotnet\shared\Microsoft.NETCore.App\2.0.0\System.Security.Cryptography.Algorithms.dll</ModulePath>
      <ModuleTime>2017-07-20T21:22:08Z</ModuleTime>
      <ModuleName>System.Security.Cryptography.Algorithms</ModuleName>
      <Classes />
    </Module>
    <Module skippedDueTo="Filter" hash="BC-AA-53-59-BB-0F-6D-18-E4-EA-6A-61-8B-1F-46-40-47-38-5F-FA">
      <ModulePath>C:\Program Files\dotnet\shared\Microsoft.NETCore.App\2.0.0\System.Security.Cryptography.Encoding.dll</ModulePath>
      <ModuleTime>2017-07-20T21:22:08Z</ModuleTime>
      <ModuleName>System.Security.Cryptography.Encoding</ModuleName>
      <Classes />
    </Module>
    <Module skippedDueTo="Filter" hash="C9-B1-4A-54-97-4E-1E-D7-82-8B-E9-17-E9-56-A6-83-32-BF-A1-41">
      <ModulePath>C:\Program Files\dotnet\shared\Microsoft.NETCore.App\2.0.0\System.Security.Cryptography.Primitives.dll</ModulePath>
      <ModuleTime>2017-07-20T21:22:08Z</ModuleTime>
      <ModuleName>System.Security.Cryptography.Primitives</ModuleName>
      <Classes />
    </Module>
    <Module skippedDueTo="Filter" hash="B4-3B-2F-2B-AC-96-64-77-67-49-4D-35-27-BA-DE-F1-02-90-43-11">
      <ModulePath>C:\Program Files\dotnet\shared\Microsoft.NETCore.App\2.0.0\System.Security.Cryptography.Cng.dll</ModulePath>
      <ModuleTime>2017-07-20T21:22:08Z</ModuleTime>
      <ModuleName>System.Security.Cryptography.Cng</ModuleName>
      <Classes />
    </Module>
    <Module skippedDueTo="Filter" hash="32-91-BD-13-CA-3B-AD-61-8F-54-84-2E-64-31-C3-B3-B0-46-1F-07">
      <ModulePath>C:\Program Files\dotnet\shared\Microsoft.NETCore.App\2.0.0\System.Security.Cryptography.Csp.dll</ModulePath>
      <ModuleTime>2017-07-20T21:22:08Z</ModuleTime>
      <ModuleName>System.Security.Cryptography.Csp</ModuleName>
      <Classes />
    </Module>
    <Module skippedDueTo="Filter" hash="56-6B-F8-5F-27-04-B0-AF-BE-AF-89-E6-51-79-21-97-38-56-54-99">
      <ModulePath>C:\Program Files\dotnet\shared\Microsoft.NETCore.App\2.0.0\System.Security.Cryptography.OpenSsl.dll</ModulePath>
      <ModuleTime>2017-07-20T21:22:08Z</ModuleTime>
      <ModuleName>System.Security.Cryptography.OpenSsl</ModuleName>
      <Classes />
    </Module>
    <Module skippedDueTo="Filter" hash="94-15-48-19-F1-3C-5A-72-8C-BC-69-73-B7-42-21-90-E4-5A-A9-B9">
      <ModulePath>C:\Program Files\dotnet\shared\Microsoft.NETCore.App\2.0.0\System.Security.Cryptography.X509Certificates.dll</ModulePath>
      <ModuleTime>2017-07-20T21:22:08Z</ModuleTime>
      <ModuleName>System.Security.Cryptography.X509Certificates</ModuleName>
      <Classes />
    </Module>
    <Module skippedDueTo="Filter" hash="F5-C4-7F-C0-42-C4-1C-80-23-49-A8-21-4C-7D-80-AD-D7-AB-0C-1F">
      <ModulePath>C:\Program Files\dotnet\shared\Microsoft.NETCore.App\2.0.0\System.Security.SecureString.dll</ModulePath>
      <ModuleTime>2017-07-20T21:22:08Z</ModuleTime>
      <ModuleName>System.Security.SecureString</ModuleName>
      <Classes />
    </Module>
    <Module skippedDueTo="Filter" hash="5A-DF-15-13-79-DA-1C-0F-5A-2F-A7-D3-D8-0F-B9-0D-7B-7C-65-6E">
      <ModulePath>C:\Program Files\dotnet\shared\Microsoft.NETCore.App\2.0.0\System.Security.dll</ModulePath>
      <ModuleTime>2017-07-20T21:22:08Z</ModuleTime>
      <ModuleName>System.Security</ModuleName>
      <Classes />
    </Module>
    <Module skippedDueTo="Filter" hash="C4-98-C0-84-22-FE-34-B5-73-86-69-1E-BA-73-C2-9F-68-56-18-C3">
      <ModulePath>C:\Program Files\dotnet\shared\Microsoft.NETCore.App\2.0.0\System.ServiceModel.Web.dll</ModulePath>
      <ModuleTime>2017-07-20T21:22:08Z</ModuleTime>
      <ModuleName>System.ServiceModel.Web</ModuleName>
      <Classes />
    </Module>
    <Module skippedDueTo="Filter" hash="E3-7E-AF-BD-C1-2E-DA-67-F0-63-03-31-5D-40-5C-E3-A5-01-94-A5">
      <ModulePath>C:\Program Files\dotnet\shared\Microsoft.NETCore.App\2.0.0\System.ServiceProcess.dll</ModulePath>
      <ModuleTime>2017-07-20T21:22:08Z</ModuleTime>
      <ModuleName>System.ServiceProcess</ModuleName>
      <Classes />
    </Module>
    <Module skippedDueTo="Filter" hash="D3-F6-1A-F1-57-F1-04-F9-6E-11-BB-94-3E-86-F5-C3-6D-06-04-E2">
      <ModulePath>C:\Program Files\dotnet\shared\Microsoft.NETCore.App\2.0.0\System.Text.Encoding.Extensions.dll</ModulePath>
      <ModuleTime>2017-07-20T21:22:08Z</ModuleTime>
      <ModuleName>System.Text.Encoding.Extensions</ModuleName>
      <Classes />
    </Module>
    <Module skippedDueTo="Filter" hash="DF-1D-D6-51-B7-A1-8A-53-06-A0-34-64-B1-6C-11-1E-7F-0F-CE-94">
      <ModulePath>C:\Program Files\dotnet\shared\Microsoft.NETCore.App\2.0.0\System.Threading.Tasks.Dataflow.dll</ModulePath>
      <ModuleTime>2017-07-20T21:22:08Z</ModuleTime>
      <ModuleName>System.Threading.Tasks.Dataflow</ModuleName>
      <Classes />
    </Module>
    <Module skippedDueTo="Filter" hash="B6-FC-94-10-86-08-B9-90-E1-BD-00-CD-34-8B-10-C2-1A-3F-8A-71">
      <ModulePath>C:\Program Files\dotnet\shared\Microsoft.NETCore.App\2.0.0\System.Threading.Tasks.Parallel.dll</ModulePath>
      <ModuleTime>2017-07-20T21:22:08Z</ModuleTime>
      <ModuleName>System.Threading.Tasks.Parallel</ModuleName>
      <Classes />
    </Module>
    <Module skippedDueTo="Filter" hash="DC-20-AE-D4-AA-4D-A5-BC-7A-8E-ED-32-9E-38-15-88-73-04-0F-D0">
      <ModulePath>C:\Program Files\dotnet\shared\Microsoft.NETCore.App\2.0.0\System.Transactions.Local.dll</ModulePath>
      <ModuleTime>2017-07-20T21:22:08Z</ModuleTime>
      <ModuleName>System.Transactions.Local</ModuleName>
      <Classes />
    </Module>
    <Module skippedDueTo="Filter" hash="10-42-81-AF-8F-81-9B-0B-76-B5-4B-B9-33-28-99-5C-B6-BA-9A-69">
      <ModulePath>C:\Program Files\dotnet\shared\Microsoft.NETCore.App\2.0.0\System.Transactions.dll</ModulePath>
      <ModuleTime>2017-07-20T21:22:08Z</ModuleTime>
      <ModuleName>System.Transactions</ModuleName>
      <Classes />
    </Module>
    <Module skippedDueTo="Filter" hash="B6-68-A5-33-5F-47-41-2E-78-DB-6D-8D-D5-0F-D8-CB-6B-B6-06-CA">
      <ModulePath>C:\Program Files\dotnet\shared\Microsoft.NETCore.App\2.0.0\System.ValueTuple.dll</ModulePath>
      <ModuleTime>2017-07-20T21:22:08Z</ModuleTime>
      <ModuleName>System.ValueTuple</ModuleName>
      <Classes />
    </Module>
    <Module skippedDueTo="Filter" hash="75-4D-A9-0F-B7-E7-EA-BF-10-D0-31-F9-AD-B2-DB-03-1D-94-E0-4A">
      <ModulePath>C:\Program Files\dotnet\shared\Microsoft.NETCore.App\2.0.0\System.Web.HttpUtility.dll</ModulePath>
      <ModuleTime>2017-07-20T21:22:08Z</ModuleTime>
      <ModuleName>System.Web.HttpUtility</ModuleName>
      <Classes />
    </Module>
    <Module skippedDueTo="Filter" hash="C8-65-5B-22-3B-0C-CF-D1-3D-8C-F1-E1-6F-22-78-FA-F9-08-00-0B">
      <ModulePath>C:\Program Files\dotnet\shared\Microsoft.NETCore.App\2.0.0\System.Web.dll</ModulePath>
      <ModuleTime>2017-07-20T21:22:08Z</ModuleTime>
      <ModuleName>System.Web</ModuleName>
      <Classes />
    </Module>
    <Module skippedDueTo="Filter" hash="51-B3-FC-5B-87-EC-9C-62-9F-36-92-DC-E2-3D-51-28-15-1E-F2-A1">
      <ModulePath>C:\Program Files\dotnet\shared\Microsoft.NETCore.App\2.0.0\System.Windows.dll</ModulePath>
      <ModuleTime>2017-07-20T21:22:08Z</ModuleTime>
      <ModuleName>System.Windows</ModuleName>
      <Classes />
    </Module>
    <Module skippedDueTo="Filter" hash="C2-5B-AF-DE-F7-7C-ED-8A-AF-64-F8-17-98-C6-B6-C0-38-3C-41-0E">
      <ModulePath>C:\Program Files\dotnet\shared\Microsoft.NETCore.App\2.0.0\System.Xml.Linq.dll</ModulePath>
      <ModuleTime>2017-07-20T21:22:08Z</ModuleTime>
      <ModuleName>System.Xml.Linq</ModuleName>
      <Classes />
    </Module>
    <Module skippedDueTo="Filter" hash="99-21-4F-E5-8E-19-A2-98-13-16-F7-47-0C-4F-C3-65-88-BF-24-D6">
      <ModulePath>C:\Program Files\dotnet\shared\Microsoft.NETCore.App\2.0.0\System.Xml.Serialization.dll</ModulePath>
      <ModuleTime>2017-07-20T21:22:08Z</ModuleTime>
      <ModuleName>System.Xml.Serialization</ModuleName>
      <Classes />
    </Module>
    <Module skippedDueTo="Filter" hash="28-3B-58-E9-44-D6-23-42-39-69-D0-A2-60-97-5C-FA-C1-76-00-61">
      <ModulePath>C:\Program Files\dotnet\shared\Microsoft.NETCore.App\2.0.0\System.Xml.XPath.XDocument.dll</ModulePath>
      <ModuleTime>2017-07-20T21:22:08Z</ModuleTime>
      <ModuleName>System.Xml.XPath.XDocument</ModuleName>
      <Classes />
    </Module>
    <Module skippedDueTo="Filter" hash="20-13-19-AB-57-70-E5-05-12-95-4A-16-93-9F-E0-53-B2-91-CC-4D">
      <ModulePath>C:\Program Files\dotnet\shared\Microsoft.NETCore.App\2.0.0\System.Xml.XmlSerializer.dll</ModulePath>
      <ModuleTime>2017-07-20T21:22:08Z</ModuleTime>
      <ModuleName>System.Xml.XmlSerializer</ModuleName>
      <Classes />
    </Module>
    <Module skippedDueTo="Filter" hash="5A-B9-30-51-D4-2B-2C-F8-39-A8-FA-E4-8F-86-C6-73-63-C0-01-0B">
      <ModulePath>C:\Program Files\dotnet\shared\Microsoft.NETCore.App\2.0.0\System.Xml.dll</ModulePath>
      <ModuleTime>2017-07-20T21:22:08Z</ModuleTime>
      <ModuleName>System.Xml</ModuleName>
      <Classes />
    </Module>
    <Module skippedDueTo="Filter" hash="D4-5E-98-CA-90-C3-9D-04-6C-D5-59-94-44-E1-FE-AF-94-0F-A6-D4">
      <ModulePath>C:\Program Files\dotnet\shared\Microsoft.NETCore.App\2.0.0\System.dll</ModulePath>
      <ModuleTime>2017-07-20T21:22:08Z</ModuleTime>
      <ModuleName>System</ModuleName>
      <Classes />
    </Module>
    <Module skippedDueTo="Filter" hash="86-E3-F9-3B-23-97-90-6D-A3-E4-58-A1-38-BE-8B-07-C5-8B-CD-F8">
      <ModulePath>C:\Program Files\dotnet\shared\Microsoft.NETCore.App\2.0.0\WindowsBase.dll</ModulePath>
      <ModuleTime>2017-07-20T21:22:08Z</ModuleTime>
      <ModuleName>WindowsBase</ModuleName>
      <Classes />
    </Module>
    <Module skippedDueTo="Filter" hash="4C-00-C3-A8-40-8E-1B-BF-17-51-E3-D6-2E-05-0F-85-97-79-C2-98">
      <ModulePath>C:\Program Files\dotnet\shared\Microsoft.NETCore.App\2.0.0\mscorlib.dll</ModulePath>
      <ModuleTime>2017-07-20T21:22:06Z</ModuleTime>
      <ModuleName>mscorlib</ModuleName>
      <Classes />
    </Module>
    <Module skippedDueTo="Filter" hash="4C-41-23-CC-68-44-BC-96-7A-9A-5F-43-91-98-C4-D2-3C-39-96-7D">
      <ModulePath>D:\virtualenvs\aynione\tests\aynione.unittest\bin\Debug\netcoreapp2.0\xunit.runner.reporters.netstandard15.dll</ModulePath>
      <ModuleTime>2017-02-19T20:24:26Z</ModuleTime>
      <ModuleName>xunit.runner.reporters.netstandard15</ModuleName>
      <Classes />
    </Module>
  </Modules>
</CoverageSession>